Archive member included to satisfy reference by file (symbol)

.\CortexM3\ARM_GCC_541\Debug\project_dino.a(CyLib.o)
                              .\CortexM3\ARM_GCC_541\Debug\Cm3Start.o (CyHalt)
.\CortexM3\ARM_GCC_541\Debug\project_dino.a(cyPm.o)
                              .\CortexM3\ARM_GCC_541\Debug\project_dino.a(CyLib.o) (CyPmReadStatus)
.\CortexM3\ARM_GCC_541\Debug\project_dino.a(ADC_DelSig_1.o)
                              .\CortexM3\ARM_GCC_541\Debug\main.o (ADC_DelSig_1_Start)
.\CortexM3\ARM_GCC_541\Debug\project_dino.a(ADC_DelSig_1_INT.o)
                              .\CortexM3\ARM_GCC_541\Debug\project_dino.a(ADC_DelSig_1.o) (ADC_DelSig_1_ISR1)
.\CortexM3\ARM_GCC_541\Debug\project_dino.a(ADC_DelSig_1_Ext_CP_Clk.o)
                              .\CortexM3\ARM_GCC_541\Debug\project_dino.a(ADC_DelSig_1.o) (ADC_DelSig_1_Ext_CP_Clk_SetModeRegister)
.\CortexM3\ARM_GCC_541\Debug\project_dino.a(ADC_DelSig_1_theACLK.o)
                              .\CortexM3\ARM_GCC_541\Debug\project_dino.a(ADC_DelSig_1.o) (ADC_DelSig_1_theACLK_SetModeRegister)
.\CortexM3\ARM_GCC_541\Debug\project_dino.a(LCD_Char_1.o)
                              .\CortexM3\ARM_GCC_541\Debug\main.o (LCD_Char_1_WriteControl)
.\CortexM3\ARM_GCC_541\Debug\project_dino.a(ADC_DelSig_1_AMux.o)
                              .\CortexM3\ARM_GCC_541\Debug\project_dino.a(ADC_DelSig_1.o) (ADC_DelSig_1_AMux_Select)
.\CortexM3\ARM_GCC_541\Debug\project_dino.a(PWM_1.o)
                              .\CortexM3\ARM_GCC_541\Debug\main.o (PWM_1_Stop)
.\CortexM3\ARM_GCC_541\Debug\project_dino.a(CyBootAsmGnu.o)
                              .\CortexM3\ARM_GCC_541\Debug\cyfitter_cfg.o (CyDelayCycles)
.\CortexM3\ARM_GCC_541\Debug\project_dino.a(CyFlash.o)
                              .\CortexM3\ARM_GCC_541\Debug\project_dino.a(cyPm.o) (CyFlash_SetWaitCycles)
.\CortexM3\ARM_GCC_541\Debug\project_dino.a(CySpc.o)
                              .\CortexM3\ARM_GCC_541\Debug\project_dino.a(CyFlash.o) (CySpcStart)
c:/program files (x86)/cypress/psoc creator/4.4/psoc creator/import/gnu/arm/5.4.1/bin/../lib/gcc/arm-none-eabi/5.4.1/armv7-m\libgcc.a(_arm_addsubdf3.o)
                              .\CortexM3\ARM_GCC_541\Debug\project_dino.a(ADC_DelSig_1.o) (__aeabi_f2d)
c:/program files (x86)/cypress/psoc creator/4.4/psoc creator/import/gnu/arm/5.4.1/bin/../lib/gcc/arm-none-eabi/5.4.1/armv7-m\libgcc.a(_arm_cmpdf2.o)
                              .\CortexM3\ARM_GCC_541\Debug\project_dino.a(ADC_DelSig_1.o) (__aeabi_dcmpgt)
c:/program files (x86)/cypress/psoc creator/4.4/psoc creator/import/gnu/arm/5.4.1/bin/../lib/gcc/arm-none-eabi/5.4.1/armv7-m\libgcc.a(_arm_addsubsf3.o)
                              .\CortexM3\ARM_GCC_541\Debug\project_dino.a(ADC_DelSig_1.o) (__aeabi_ui2f)
c:/program files (x86)/cypress/psoc creator/4.4/psoc creator/import/gnu/arm/5.4.1/bin/../lib/gcc/arm-none-eabi/5.4.1/armv7-m\libgcc.a(_arm_muldivsf3.o)
                              .\CortexM3\ARM_GCC_541\Debug\project_dino.a(ADC_DelSig_1.o) (__aeabi_fmul)
c:/program files (x86)/cypress/psoc creator/4.4/psoc creator/import/gnu/arm/5.4.1/bin/../lib/gcc/arm-none-eabi/5.4.1/armv7-m\libgcc.a(_arm_fixunssfsi.o)
                              .\CortexM3\ARM_GCC_541\Debug\project_dino.a(ADC_DelSig_1.o) (__aeabi_f2uiz)
c:/program files (x86)/cypress/psoc creator/4.4/psoc creator/import/gnu/arm/5.4.1/bin/../lib/gcc/arm-none-eabi/5.4.1/../../../../arm-none-eabi/lib/armv7-m\libg_nano.a(lib_a-errno.o)
                              .\CortexM3\ARM_GCC_541\Debug\Cm3Start.o (__errno)
c:/program files (x86)/cypress/psoc creator/4.4/psoc creator/import/gnu/arm/5.4.1/bin/../lib/gcc/arm-none-eabi/5.4.1/../../../../arm-none-eabi/lib/armv7-m\libg_nano.a(lib_a-exit.o)
                              c:/program files (x86)/cypress/psoc creator/4.4/psoc creator/import/gnu/arm/5.4.1/bin/../lib/gcc/arm-none-eabi/5.4.1/../../../../arm-none-eabi/lib/armv7-m/crt0.o (exit)
c:/program files (x86)/cypress/psoc creator/4.4/psoc creator/import/gnu/arm/5.4.1/bin/../lib/gcc/arm-none-eabi/5.4.1/../../../../arm-none-eabi/lib/armv7-m\libg_nano.a(lib_a-impure.o)
                              c:/program files (x86)/cypress/psoc creator/4.4/psoc creator/import/gnu/arm/5.4.1/bin/../lib/gcc/arm-none-eabi/5.4.1/../../../../arm-none-eabi/lib/armv7-m\libg_nano.a(lib_a-exit.o) (_global_impure_ptr)
c:/program files (x86)/cypress/psoc creator/4.4/psoc creator/import/gnu/arm/5.4.1/bin/../lib/gcc/arm-none-eabi/5.4.1/../../../../arm-none-eabi/lib/armv7-m\libg_nano.a(lib_a-init.o)
                              c:/program files (x86)/cypress/psoc creator/4.4/psoc creator/import/gnu/arm/5.4.1/bin/../lib/gcc/arm-none-eabi/5.4.1/../../../../arm-none-eabi/lib/armv7-m/crt0.o (__libc_init_array)
c:/program files (x86)/cypress/psoc creator/4.4/psoc creator/import/gnu/arm/5.4.1/bin/../lib/gcc/arm-none-eabi/5.4.1/../../../../arm-none-eabi/lib/armv7-m\libg_nano.a(lib_a-memcpy-stub.o)
                              .\CortexM3\ARM_GCC_541\Debug\cyfitter_cfg.o (memcpy)
c:/program files (x86)/cypress/psoc creator/4.4/psoc creator/import/gnu/arm/5.4.1/bin/../lib/gcc/arm-none-eabi/5.4.1/../../../../arm-none-eabi/lib/armv7-m\libg_nano.a(lib_a-memset.o)
                              c:/program files (x86)/cypress/psoc creator/4.4/psoc creator/import/gnu/arm/5.4.1/bin/../lib/gcc/arm-none-eabi/5.4.1/../../../../arm-none-eabi/lib/armv7-m/crt0.o (memset)

Allocating common symbols
Common symbol       size              file

ADC_DelSig_1_CountsPerVolt
                    0x4               .\CortexM3\ARM_GCC_541\Debug\project_dino.a(ADC_DelSig_1.o)
dieTemperature      0x2               .\CortexM3\ARM_GCC_541\Debug\project_dino.a(CyFlash.o)

Discarded input sections

 .text          0x00000000        0x0 c:/program files (x86)/cypress/psoc creator/4.4/psoc creator/import/gnu/arm/5.4.1/bin/../lib/gcc/arm-none-eabi/5.4.1/armv7-m/crti.o
 .data          0x00000000        0x0 c:/program files (x86)/cypress/psoc creator/4.4/psoc creator/import/gnu/arm/5.4.1/bin/../lib/gcc/arm-none-eabi/5.4.1/armv7-m/crti.o
 .bss           0x00000000        0x0 c:/program files (x86)/cypress/psoc creator/4.4/psoc creator/import/gnu/arm/5.4.1/bin/../lib/gcc/arm-none-eabi/5.4.1/armv7-m/crti.o
 .data          0x00000000        0x4 c:/program files (x86)/cypress/psoc creator/4.4/psoc creator/import/gnu/arm/5.4.1/bin/../lib/gcc/arm-none-eabi/5.4.1/armv7-m/crtbegin.o
 .text          0x00000000       0x74 c:/program files (x86)/cypress/psoc creator/4.4/psoc creator/import/gnu/arm/5.4.1/bin/../lib/gcc/arm-none-eabi/5.4.1/../../../../arm-none-eabi/lib/armv7-m/crt0.o
 .data          0x00000000        0x0 c:/program files (x86)/cypress/psoc creator/4.4/psoc creator/import/gnu/arm/5.4.1/bin/../lib/gcc/arm-none-eabi/5.4.1/../../../../arm-none-eabi/lib/armv7-m/crt0.o
 .bss           0x00000000        0x0 c:/program files (x86)/cypress/psoc creator/4.4/psoc creator/import/gnu/arm/5.4.1/bin/../lib/gcc/arm-none-eabi/5.4.1/../../../../arm-none-eabi/lib/armv7-m/crt0.o
 .ARM.extab     0x00000000        0x0 c:/program files (x86)/cypress/psoc creator/4.4/psoc creator/import/gnu/arm/5.4.1/bin/../lib/gcc/arm-none-eabi/5.4.1/../../../../arm-none-eabi/lib/armv7-m/crt0.o
 .ARM.exidx     0x00000000        0x8 c:/program files (x86)/cypress/psoc creator/4.4/psoc creator/import/gnu/arm/5.4.1/bin/../lib/gcc/arm-none-eabi/5.4.1/../../../../arm-none-eabi/lib/armv7-m/crt0.o
 .text          0x00000000        0x0 .\CortexM3\ARM_GCC_541\Debug\main.o
 .data          0x00000000        0x0 .\CortexM3\ARM_GCC_541\Debug\main.o
 .bss           0x00000000        0x0 .\CortexM3\ARM_GCC_541\Debug\main.o
 .text          0x00000000        0x0 .\CortexM3\ARM_GCC_541\Debug\cyfitter_cfg.o
 .data          0x00000000        0x0 .\CortexM3\ARM_GCC_541\Debug\cyfitter_cfg.o
 .bss           0x00000000        0x0 .\CortexM3\ARM_GCC_541\Debug\cyfitter_cfg.o
 .text.SetAnalogRoutingPumps
                0x00000000       0x1c .\CortexM3\ARM_GCC_541\Debug\cyfitter_cfg.o
 .text          0x00000000        0x0 .\CortexM3\ARM_GCC_541\Debug\cymetadata.o
 .data          0x00000000        0x0 .\CortexM3\ARM_GCC_541\Debug\cymetadata.o
 .bss           0x00000000        0x0 .\CortexM3\ARM_GCC_541\Debug\cymetadata.o
 .text          0x00000000        0x0 .\CortexM3\ARM_GCC_541\Debug\Cm3Start.o
 .data          0x00000000        0x4 .\CortexM3\ARM_GCC_541\Debug\Cm3Start.o
 .bss           0x00000000        0x0 .\CortexM3\ARM_GCC_541\Debug\Cm3Start.o
 .text._exit    0x00000000        0xc .\CortexM3\ARM_GCC_541\Debug\Cm3Start.o
 .text._sbrk    0x00000000       0x30 .\CortexM3\ARM_GCC_541\Debug\Cm3Start.o
 .text          0x00000000        0x0 .\CortexM3\ARM_GCC_541\Debug\project_dino.a(CyLib.o)
 .bss           0x00000000       0x1c .\CortexM3\ARM_GCC_541\Debug\project_dino.a(CyLib.o)
 .text.CyUSB_PowerOnCheck
                0x00000000       0x48 .\CortexM3\ARM_GCC_541\Debug\project_dino.a(CyLib.o)
 .text.CyBusClk_Internal_SetDivider
                0x00000000       0x48 .\CortexM3\ARM_GCC_541\Debug\project_dino.a(CyLib.o)
 .text.CyPLL_OUT_Stop
                0x00000000       0x10 .\CortexM3\ARM_GCC_541\Debug\project_dino.a(CyLib.o)
 .text.CyIMO_Stop
                0x00000000       0x1c .\CortexM3\ARM_GCC_541\Debug\project_dino.a(CyLib.o)
 .text.CyIMO_EnableDoubler
                0x00000000       0x10 .\CortexM3\ARM_GCC_541\Debug\project_dino.a(CyLib.o)
 .text.CyIMO_DisableDoubler
                0x00000000       0x10 .\CortexM3\ARM_GCC_541\Debug\project_dino.a(CyLib.o)
 .text.CyMasterClk_SetSource
                0x00000000       0x18 .\CortexM3\ARM_GCC_541\Debug\project_dino.a(CyLib.o)
 .text.CyMasterClk_SetDivider
                0x00000000        0xc .\CortexM3\ARM_GCC_541\Debug\project_dino.a(CyLib.o)
 .text.CyBusClk_SetDivider
                0x00000000       0x70 .\CortexM3\ARM_GCC_541\Debug\project_dino.a(CyLib.o)
 .text.CyUsbClk_SetSource
                0x00000000       0x18 .\CortexM3\ARM_GCC_541\Debug\project_dino.a(CyLib.o)
 .text.CyILO_Start1K
                0x00000000       0x10 .\CortexM3\ARM_GCC_541\Debug\project_dino.a(CyLib.o)
 .text.CyILO_Stop1K
                0x00000000       0x10 .\CortexM3\ARM_GCC_541\Debug\project_dino.a(CyLib.o)
 .text.CyILO_Start100K
                0x00000000       0x10 .\CortexM3\ARM_GCC_541\Debug\project_dino.a(CyLib.o)
 .text.CyILO_Stop100K
                0x00000000       0x10 .\CortexM3\ARM_GCC_541\Debug\project_dino.a(CyLib.o)
 .text.CyPLL_OUT_Start
                0x00000000       0x78 .\CortexM3\ARM_GCC_541\Debug\project_dino.a(CyLib.o)
 .text.CyIMO_Start
                0x00000000       0x60 .\CortexM3\ARM_GCC_541\Debug\project_dino.a(CyLib.o)
 .text.CyILO_Enable33K
                0x00000000       0x10 .\CortexM3\ARM_GCC_541\Debug\project_dino.a(CyLib.o)
 .text.CyILO_Disable33K
                0x00000000       0x10 .\CortexM3\ARM_GCC_541\Debug\project_dino.a(CyLib.o)
 .text.CyILO_SetSource
                0x00000000       0x18 .\CortexM3\ARM_GCC_541\Debug\project_dino.a(CyLib.o)
 .text.CyILO_SetPowerMode
                0x00000000       0x24 .\CortexM3\ARM_GCC_541\Debug\project_dino.a(CyLib.o)
 .text.CyXTAL_32KHZ_Stop
                0x00000000       0x30 .\CortexM3\ARM_GCC_541\Debug\project_dino.a(CyLib.o)
 .text.CyXTAL_32KHZ_ReadStatus
                0x00000000       0x10 .\CortexM3\ARM_GCC_541\Debug\project_dino.a(CyLib.o)
 .text.CyXTAL_Start
                0x00000000       0xac .\CortexM3\ARM_GCC_541\Debug\project_dino.a(CyLib.o)
 .text.CyXTAL_Stop
                0x00000000       0x10 .\CortexM3\ARM_GCC_541\Debug\project_dino.a(CyLib.o)
 .text.CyXTAL_EnableErrStatus
                0x00000000       0x10 .\CortexM3\ARM_GCC_541\Debug\project_dino.a(CyLib.o)
 .text.CyXTAL_DisableErrStatus
                0x00000000       0x10 .\CortexM3\ARM_GCC_541\Debug\project_dino.a(CyLib.o)
 .text.CyXTAL_ReadStatus
                0x00000000       0x18 .\CortexM3\ARM_GCC_541\Debug\project_dino.a(CyLib.o)
 .text.CyXTAL_EnableFaultRecovery
                0x00000000       0x10 .\CortexM3\ARM_GCC_541\Debug\project_dino.a(CyLib.o)
 .text.CyXTAL_DisableFaultRecovery
                0x00000000       0x10 .\CortexM3\ARM_GCC_541\Debug\project_dino.a(CyLib.o)
 .text.CyXTAL_SetStartup
                0x00000000       0x18 .\CortexM3\ARM_GCC_541\Debug\project_dino.a(CyLib.o)
 .text.CyXTAL_SetFbVoltage
                0x00000000       0x18 .\CortexM3\ARM_GCC_541\Debug\project_dino.a(CyLib.o)
 .text.CyXTAL_SetWdVoltage
                0x00000000       0x18 .\CortexM3\ARM_GCC_541\Debug\project_dino.a(CyLib.o)
 .text.CyPLL_OUT_SetPQ
                0x00000000       0x60 .\CortexM3\ARM_GCC_541\Debug\project_dino.a(CyLib.o)
 .text.CyPLL_OUT_SetSource
                0x00000000       0x34 .\CortexM3\ARM_GCC_541\Debug\project_dino.a(CyLib.o)
 .text.CyIMO_SetTrimValue
                0x00000000       0xcc .\CortexM3\ARM_GCC_541\Debug\project_dino.a(CyLib.o)
 .text.CyIMO_SetFreq
                0x00000000       0xf4 .\CortexM3\ARM_GCC_541\Debug\project_dino.a(CyLib.o)
 .text.CyIMO_SetSource
                0x00000000       0x58 .\CortexM3\ARM_GCC_541\Debug\project_dino.a(CyLib.o)
 .text.CySoftwareReset
                0x00000000       0x10 .\CortexM3\ARM_GCC_541\Debug\project_dino.a(CyLib.o)
 .text.CyXTAL_32KHZ_SetPowerMode
                0x00000000       0x84 .\CortexM3\ARM_GCC_541\Debug\project_dino.a(CyLib.o)
 .text.CyXTAL_32KHZ_Start
                0x00000000       0x74 .\CortexM3\ARM_GCC_541\Debug\project_dino.a(CyLib.o)
 .text.CyDelayFreq
                0x00000000       0x4c .\CortexM3\ARM_GCC_541\Debug\project_dino.a(CyLib.o)
 .text.CyWdtStart
                0x00000000       0x40 .\CortexM3\ARM_GCC_541\Debug\project_dino.a(CyLib.o)
 .text.CyWdtClear
                0x00000000        0xc .\CortexM3\ARM_GCC_541\Debug\project_dino.a(CyLib.o)
 .text.CyVdStickyStatus
                0x00000000       0x2c .\CortexM3\ARM_GCC_541\Debug\project_dino.a(CyLib.o)
 .text.CyVdLvDigitEnable
                0x00000000       0x84 .\CortexM3\ARM_GCC_541\Debug\project_dino.a(CyLib.o)
 .text.CyVdLvAnalogEnable
                0x00000000       0x80 .\CortexM3\ARM_GCC_541\Debug\project_dino.a(CyLib.o)
 .text.CyVdLvDigitDisable
                0x00000000       0x30 .\CortexM3\ARM_GCC_541\Debug\project_dino.a(CyLib.o)
 .text.CyVdLvAnalogDisable
                0x00000000       0x28 .\CortexM3\ARM_GCC_541\Debug\project_dino.a(CyLib.o)
 .text.CyVdHvAnalogEnable
                0x00000000       0x54 .\CortexM3\ARM_GCC_541\Debug\project_dino.a(CyLib.o)
 .text.CyVdHvAnalogDisable
                0x00000000       0x20 .\CortexM3\ARM_GCC_541\Debug\project_dino.a(CyLib.o)
 .text.CyVdRealTimeStatus
                0x00000000       0x1c .\CortexM3\ARM_GCC_541\Debug\project_dino.a(CyLib.o)
 .text.CyDisableInts
                0x00000000       0x1c .\CortexM3\ARM_GCC_541\Debug\project_dino.a(CyLib.o)
 .text.CyEnableInts
                0x00000000       0x18 .\CortexM3\ARM_GCC_541\Debug\project_dino.a(CyLib.o)
 .text.CyFlushCache
                0x00000000       0x44 .\CortexM3\ARM_GCC_541\Debug\project_dino.a(CyLib.o)
 .text.CyIntSetSysVector
                0x00000000       0x28 .\CortexM3\ARM_GCC_541\Debug\project_dino.a(CyLib.o)
 .text.CyIntGetSysVector
                0x00000000       0x20 .\CortexM3\ARM_GCC_541\Debug\project_dino.a(CyLib.o)
 .text.CyIntGetVector
                0x00000000       0x24 .\CortexM3\ARM_GCC_541\Debug\project_dino.a(CyLib.o)
 .text.CyIntGetPriority
                0x00000000       0x20 .\CortexM3\ARM_GCC_541\Debug\project_dino.a(CyLib.o)
 .text.CyIntGetState
                0x00000000       0x24 .\CortexM3\ARM_GCC_541\Debug\project_dino.a(CyLib.o)
 .text.CySysTickStop
                0x00000000       0x10 .\CortexM3\ARM_GCC_541\Debug\project_dino.a(CyLib.o)
 .text.CySysTickEnableInterrupt
                0x00000000       0x10 .\CortexM3\ARM_GCC_541\Debug\project_dino.a(CyLib.o)
 .text.CySysTickEnable
                0x00000000       0x18 .\CortexM3\ARM_GCC_541\Debug\project_dino.a(CyLib.o)
 .text.CySysTickDisableInterrupt
                0x00000000       0x10 .\CortexM3\ARM_GCC_541\Debug\project_dino.a(CyLib.o)
 .text.CySysTickSetReload
                0x00000000       0x10 .\CortexM3\ARM_GCC_541\Debug\project_dino.a(CyLib.o)
 .text.CySysTickGetReload
                0x00000000       0x10 .\CortexM3\ARM_GCC_541\Debug\project_dino.a(CyLib.o)
 .text.CySysTickGetValue
                0x00000000       0x10 .\CortexM3\ARM_GCC_541\Debug\project_dino.a(CyLib.o)
 .text.CySysTickSetClockSource
                0x00000000       0x20 .\CortexM3\ARM_GCC_541\Debug\project_dino.a(CyLib.o)
 .text.CySysTickGetClockSource
                0x00000000       0x10 .\CortexM3\ARM_GCC_541\Debug\project_dino.a(CyLib.o)
 .text.CySysTickGetCountFlag
                0x00000000       0x10 .\CortexM3\ARM_GCC_541\Debug\project_dino.a(CyLib.o)
 .text.CySysTickServiceCallbacks
                0x00000000       0x28 .\CortexM3\ARM_GCC_541\Debug\project_dino.a(CyLib.o)
 .text.CySysTickClear
                0x00000000        0xc .\CortexM3\ARM_GCC_541\Debug\project_dino.a(CyLib.o)
 .text.CySysTickInit
                0x00000000       0x58 .\CortexM3\ARM_GCC_541\Debug\project_dino.a(CyLib.o)
 .text.CySysTickStart
                0x00000000       0x1c .\CortexM3\ARM_GCC_541\Debug\project_dino.a(CyLib.o)
 .text.CySysTickSetCallback
                0x00000000       0x10 .\CortexM3\ARM_GCC_541\Debug\project_dino.a(CyLib.o)
 .text.CySysTickGetCallback
                0x00000000       0x10 .\CortexM3\ARM_GCC_541\Debug\project_dino.a(CyLib.o)
 .text.CyGetUniqueId
                0x00000000       0x70 .\CortexM3\ARM_GCC_541\Debug\project_dino.a(CyLib.o)
 .text          0x00000000        0x0 .\CortexM3\ARM_GCC_541\Debug\project_dino.a(cyPm.o)
 .data          0x00000000        0x0 .\CortexM3\ARM_GCC_541\Debug\project_dino.a(cyPm.o)
 .bss           0x00000000       0x43 .\CortexM3\ARM_GCC_541\Debug\project_dino.a(cyPm.o)
 .text.CyPmHibSlpSaveSet
                0x00000000      0x1dc .\CortexM3\ARM_GCC_541\Debug\project_dino.a(cyPm.o)
 .text.CyPmHibSlpRestore
                0x00000000       0xd8 .\CortexM3\ARM_GCC_541\Debug\project_dino.a(cyPm.o)
 .text.CyPmHviLviSaveDisable
                0x00000000       0xa0 .\CortexM3\ARM_GCC_541\Debug\project_dino.a(cyPm.o)
 .text.CyPmHibSaveSet
                0x00000000       0x98 .\CortexM3\ARM_GCC_541\Debug\project_dino.a(cyPm.o)
 .text.CyPmHviLviRestore
                0x00000000       0x48 .\CortexM3\ARM_GCC_541\Debug\project_dino.a(cyPm.o)
 .text.CyPmHibRestore
                0x00000000       0x60 .\CortexM3\ARM_GCC_541\Debug\project_dino.a(cyPm.o)
 .text.CyPmSaveClocks
                0x00000000      0x218 .\CortexM3\ARM_GCC_541\Debug\project_dino.a(cyPm.o)
 .text.CyPmRestoreClocks
                0x00000000      0x24c .\CortexM3\ARM_GCC_541\Debug\project_dino.a(cyPm.o)
 .text.CyPmAltAct
                0x00000000       0x6c .\CortexM3\ARM_GCC_541\Debug\project_dino.a(cyPm.o)
 .text.CyPmSleep
                0x00000000       0xf4 .\CortexM3\ARM_GCC_541\Debug\project_dino.a(cyPm.o)
 .text.CyPmHibernateEx
                0x00000000       0xf4 .\CortexM3\ARM_GCC_541\Debug\project_dino.a(cyPm.o)
 .text.CyPmHibernate
                0x00000000        0xc .\CortexM3\ARM_GCC_541\Debug\project_dino.a(cyPm.o)
 .text.CyPmReadStatus
                0x00000000       0x30 .\CortexM3\ARM_GCC_541\Debug\project_dino.a(cyPm.o)
 .text.CyPmCtwSetInterval
                0x00000000       0x5c .\CortexM3\ARM_GCC_541\Debug\project_dino.a(cyPm.o)
 .text.CyPmOppsSet
                0x00000000       0x2c .\CortexM3\ARM_GCC_541\Debug\project_dino.a(cyPm.o)
 .text.CyPmFtwSetInterval
                0x00000000       0x5c .\CortexM3\ARM_GCC_541\Debug\project_dino.a(cyPm.o)
 .rodata        0x00000000        0xf .\CortexM3\ARM_GCC_541\Debug\project_dino.a(cyPm.o)
 .text          0x00000000        0x0 .\CortexM3\ARM_GCC_541\Debug\project_dino.a(ADC_DelSig_1.o)
 .text.ADC_DelSig_1_Stop
                0x00000000       0xe4 .\CortexM3\ARM_GCC_541\Debug\project_dino.a(ADC_DelSig_1.o)
 .text.ADC_DelSig_1_SetBufferGain
                0x00000000       0x18 .\CortexM3\ARM_GCC_541\Debug\project_dino.a(ADC_DelSig_1.o)
 .text.ADC_DelSig_1_SetCoherency
                0x00000000       0x18 .\CortexM3\ARM_GCC_541\Debug\project_dino.a(ADC_DelSig_1.o)
 .text.ADC_DelSig_1_SetGCOR
                0x00000000       0x74 .\CortexM3\ARM_GCC_541\Debug\project_dino.a(ADC_DelSig_1.o)
 .text.ADC_DelSig_1_ReadGCOR
                0x00000000       0x24 .\CortexM3\ARM_GCC_541\Debug\project_dino.a(ADC_DelSig_1.o)
 .text.ADC_DelSig_1_StartConvert
                0x00000000       0x10 .\CortexM3\ARM_GCC_541\Debug\project_dino.a(ADC_DelSig_1.o)
 .text.ADC_DelSig_1_StopConvert
                0x00000000       0x10 .\CortexM3\ARM_GCC_541\Debug\project_dino.a(ADC_DelSig_1.o)
 .text.ADC_DelSig_1_IsEndConversion
                0x00000000       0x30 .\CortexM3\ARM_GCC_541\Debug\project_dino.a(ADC_DelSig_1.o)
 .text.ADC_DelSig_1_GetResult8
                0x00000000       0x48 .\CortexM3\ARM_GCC_541\Debug\project_dino.a(ADC_DelSig_1.o)
 .text.ADC_DelSig_1_GetResult16
                0x00000000       0x50 .\CortexM3\ARM_GCC_541\Debug\project_dino.a(ADC_DelSig_1.o)
 .text.ADC_DelSig_1_GetResult32
                0x00000000       0x6c .\CortexM3\ARM_GCC_541\Debug\project_dino.a(ADC_DelSig_1.o)
 .text.ADC_DelSig_1_SetOffset
                0x00000000        0xc .\CortexM3\ARM_GCC_541\Debug\project_dino.a(ADC_DelSig_1.o)
 .text.ADC_DelSig_1_SetGain
                0x00000000        0xc .\CortexM3\ARM_GCC_541\Debug\project_dino.a(ADC_DelSig_1.o)
 .text.ADC_DelSig_1_CountsTo_mVolts
                0x00000000       0x24 .\CortexM3\ARM_GCC_541\Debug\project_dino.a(ADC_DelSig_1.o)
 .text.ADC_DelSig_1_CountsTo_Volts
                0x00000000       0x28 .\CortexM3\ARM_GCC_541\Debug\project_dino.a(ADC_DelSig_1.o)
 .text.ADC_DelSig_1_CountsTo_uVolts
                0x00000000       0x4c .\CortexM3\ARM_GCC_541\Debug\project_dino.a(ADC_DelSig_1.o)
 .text.ADC_DelSig_1_SelectConfiguration
                0x00000000       0x64 .\CortexM3\ARM_GCC_541\Debug\project_dino.a(ADC_DelSig_1.o)
 .text.ADC_DelSig_1_Read8
                0x00000000       0x28 .\CortexM3\ARM_GCC_541\Debug\project_dino.a(ADC_DelSig_1.o)
 .text.ADC_DelSig_1_Read16
                0x00000000       0x28 .\CortexM3\ARM_GCC_541\Debug\project_dino.a(ADC_DelSig_1.o)
 .text.ADC_DelSig_1_Read32
                0x00000000       0x28 .\CortexM3\ARM_GCC_541\Debug\project_dino.a(ADC_DelSig_1.o)
 .text          0x00000000        0x0 .\CortexM3\ARM_GCC_541\Debug\project_dino.a(ADC_DelSig_1_INT.o)
 .data          0x00000000        0x0 .\CortexM3\ARM_GCC_541\Debug\project_dino.a(ADC_DelSig_1_INT.o)
 .bss           0x00000000        0x0 .\CortexM3\ARM_GCC_541\Debug\project_dino.a(ADC_DelSig_1_INT.o)
 .text          0x00000000        0x0 .\CortexM3\ARM_GCC_541\Debug\project_dino.a(ADC_DelSig_1_Ext_CP_Clk.o)
 .data          0x00000000        0x0 .\CortexM3\ARM_GCC_541\Debug\project_dino.a(ADC_DelSig_1_Ext_CP_Clk.o)
 .bss           0x00000000        0x0 .\CortexM3\ARM_GCC_541\Debug\project_dino.a(ADC_DelSig_1_Ext_CP_Clk.o)
 .text.ADC_DelSig_1_Ext_CP_Clk_Start
                0x00000000       0x1c .\CortexM3\ARM_GCC_541\Debug\project_dino.a(ADC_DelSig_1_Ext_CP_Clk.o)
 .text.ADC_DelSig_1_Ext_CP_Clk_Stop
                0x00000000       0x1c .\CortexM3\ARM_GCC_541\Debug\project_dino.a(ADC_DelSig_1_Ext_CP_Clk.o)
 .text.ADC_DelSig_1_Ext_CP_Clk_StopBlock
                0x00000000       0x6c .\CortexM3\ARM_GCC_541\Debug\project_dino.a(ADC_DelSig_1_Ext_CP_Clk.o)
 .text.ADC_DelSig_1_Ext_CP_Clk_StandbyPower
                0x00000000       0x20 .\CortexM3\ARM_GCC_541\Debug\project_dino.a(ADC_DelSig_1_Ext_CP_Clk.o)
 .text.ADC_DelSig_1_Ext_CP_Clk_ClearModeRegister
                0x00000000       0x18 .\CortexM3\ARM_GCC_541\Debug\project_dino.a(ADC_DelSig_1_Ext_CP_Clk.o)
 .text.ADC_DelSig_1_Ext_CP_Clk_GetModeRegister
                0x00000000       0x10 .\CortexM3\ARM_GCC_541\Debug\project_dino.a(ADC_DelSig_1_Ext_CP_Clk.o)
 .text.ADC_DelSig_1_Ext_CP_Clk_SetSourceRegister
                0x00000000       0x5c .\CortexM3\ARM_GCC_541\Debug\project_dino.a(ADC_DelSig_1_Ext_CP_Clk.o)
 .text          0x00000000        0x0 .\CortexM3\ARM_GCC_541\Debug\project_dino.a(ADC_DelSig_1_theACLK.o)
 .data          0x00000000        0x0 .\CortexM3\ARM_GCC_541\Debug\project_dino.a(ADC_DelSig_1_theACLK.o)
 .bss           0x00000000        0x0 .\CortexM3\ARM_GCC_541\Debug\project_dino.a(ADC_DelSig_1_theACLK.o)
 .text.ADC_DelSig_1_theACLK_Start
                0x00000000       0x1c .\CortexM3\ARM_GCC_541\Debug\project_dino.a(ADC_DelSig_1_theACLK.o)
 .text.ADC_DelSig_1_theACLK_Stop
                0x00000000       0x1c .\CortexM3\ARM_GCC_541\Debug\project_dino.a(ADC_DelSig_1_theACLK.o)
 .text.ADC_DelSig_1_theACLK_StopBlock
                0x00000000       0x6c .\CortexM3\ARM_GCC_541\Debug\project_dino.a(ADC_DelSig_1_theACLK.o)
 .text.ADC_DelSig_1_theACLK_StandbyPower
                0x00000000       0x20 .\CortexM3\ARM_GCC_541\Debug\project_dino.a(ADC_DelSig_1_theACLK.o)
 .text.ADC_DelSig_1_theACLK_ClearModeRegister
                0x00000000       0x18 .\CortexM3\ARM_GCC_541\Debug\project_dino.a(ADC_DelSig_1_theACLK.o)
 .text.ADC_DelSig_1_theACLK_GetModeRegister
                0x00000000       0x10 .\CortexM3\ARM_GCC_541\Debug\project_dino.a(ADC_DelSig_1_theACLK.o)
 .text.ADC_DelSig_1_theACLK_SetSourceRegister
                0x00000000       0x5c .\CortexM3\ARM_GCC_541\Debug\project_dino.a(ADC_DelSig_1_theACLK.o)
 .text.ADC_DelSig_1_theACLK_SetPhaseRegister
                0x00000000       0x10 .\CortexM3\ARM_GCC_541\Debug\project_dino.a(ADC_DelSig_1_theACLK.o)
 .text.ADC_DelSig_1_theACLK_GetPhaseRegister
                0x00000000       0x10 .\CortexM3\ARM_GCC_541\Debug\project_dino.a(ADC_DelSig_1_theACLK.o)
 .text          0x00000000        0x0 .\CortexM3\ARM_GCC_541\Debug\project_dino.a(LCD_Char_1.o)
 .data          0x00000000        0x0 .\CortexM3\ARM_GCC_541\Debug\project_dino.a(LCD_Char_1.o)
 .bss           0x00000000        0x2 .\CortexM3\ARM_GCC_541\Debug\project_dino.a(LCD_Char_1.o)
 .text.LCD_Char_1_WrDatNib
                0x00000000       0x44 .\CortexM3\ARM_GCC_541\Debug\project_dino.a(LCD_Char_1.o)
 .text.LCD_Char_1_WriteData
                0x00000000       0x18 .\CortexM3\ARM_GCC_541\Debug\project_dino.a(LCD_Char_1.o)
 .text.LCD_Char_1_PrintString
                0x00000000       0x1c .\CortexM3\ARM_GCC_541\Debug\project_dino.a(LCD_Char_1.o)
 .text.LCD_Char_1_PutChar
                0x00000000        0x8 .\CortexM3\ARM_GCC_541\Debug\project_dino.a(LCD_Char_1.o)
 .text.LCD_Char_1_Enable
                0x00000000       0x14 .\CortexM3\ARM_GCC_541\Debug\project_dino.a(LCD_Char_1.o)
 .text.LCD_Char_1_Start
                0x00000000       0x1c .\CortexM3\ARM_GCC_541\Debug\project_dino.a(LCD_Char_1.o)
 .text.LCD_Char_1_Stop
                0x00000000       0x14 .\CortexM3\ARM_GCC_541\Debug\project_dino.a(LCD_Char_1.o)
 .text.LCD_Char_1_Position
                0x00000000       0x3c .\CortexM3\ARM_GCC_541\Debug\project_dino.a(LCD_Char_1.o)
 .text.LCD_Char_1_PrintInt8
                0x00000000       0x20 .\CortexM3\ARM_GCC_541\Debug\project_dino.a(LCD_Char_1.o)
 .text.LCD_Char_1_PrintInt16
                0x00000000       0x14 .\CortexM3\ARM_GCC_541\Debug\project_dino.a(LCD_Char_1.o)
 .text.LCD_Char_1_PrintInt32
                0x00000000       0x1c .\CortexM3\ARM_GCC_541\Debug\project_dino.a(LCD_Char_1.o)
 .text.LCD_Char_1_PrintU32Number
                0x00000000       0x64 .\CortexM3\ARM_GCC_541\Debug\project_dino.a(LCD_Char_1.o)
 .rodata        0x00000000       0x10 .\CortexM3\ARM_GCC_541\Debug\project_dino.a(LCD_Char_1.o)
 .text          0x00000000        0x0 .\CortexM3\ARM_GCC_541\Debug\project_dino.a(ADC_DelSig_1_AMux.o)
 .bss           0x00000000        0x0 .\CortexM3\ARM_GCC_541\Debug\project_dino.a(ADC_DelSig_1_AMux.o)
 .text.ADC_DelSig_1_AMux_FastSelect
                0x00000000       0x20 .\CortexM3\ARM_GCC_541\Debug\project_dino.a(ADC_DelSig_1_AMux.o)
 .text          0x00000000        0x0 .\CortexM3\ARM_GCC_541\Debug\project_dino.a(PWM_1.o)
 .data          0x00000000        0x0 .\CortexM3\ARM_GCC_541\Debug\project_dino.a(PWM_1.o)
 .text.PWM_1_ReadCounter
                0x00000000       0x14 .\CortexM3\ARM_GCC_541\Debug\project_dino.a(PWM_1.o)
 .text.PWM_1_ReadControlRegister
                0x00000000        0xc .\CortexM3\ARM_GCC_541\Debug\project_dino.a(PWM_1.o)
 .text.PWM_1_WriteControlRegister
                0x00000000        0xc .\CortexM3\ARM_GCC_541\Debug\project_dino.a(PWM_1.o)
 .text.PWM_1_ReadCompare1
                0x00000000        0xc .\CortexM3\ARM_GCC_541\Debug\project_dino.a(PWM_1.o)
 .text.PWM_1_ReadCompare2
                0x00000000        0xc .\CortexM3\ARM_GCC_541\Debug\project_dino.a(PWM_1.o)
 .text.PWM_1_ReadPeriod
                0x00000000        0xc .\CortexM3\ARM_GCC_541\Debug\project_dino.a(PWM_1.o)
 .data          0x00000000        0x0 .\CortexM3\ARM_GCC_541\Debug\project_dino.a(CyBootAsmGnu.o)
 .bss           0x00000000        0x0 .\CortexM3\ARM_GCC_541\Debug\project_dino.a(CyBootAsmGnu.o)
 .text          0x00000000        0x0 .\CortexM3\ARM_GCC_541\Debug\project_dino.a(CyFlash.o)
 .data          0x00000000        0x0 .\CortexM3\ARM_GCC_541\Debug\project_dino.a(CyFlash.o)
 .bss           0x00000000        0x0 .\CortexM3\ARM_GCC_541\Debug\project_dino.a(CyFlash.o)
 .text.CySetTempInt
                0x00000000       0x60 .\CortexM3\ARM_GCC_541\Debug\project_dino.a(CyFlash.o)
 .text.CyFlash_Start
                0x00000000       0x54 .\CortexM3\ARM_GCC_541\Debug\project_dino.a(CyFlash.o)
 .text.CyFlash_Stop
                0x00000000       0x24 .\CortexM3\ARM_GCC_541\Debug\project_dino.a(CyFlash.o)
 .text.CyFlash_EraseRow
                0x00000000       0x78 .\CortexM3\ARM_GCC_541\Debug\project_dino.a(CyFlash.o)
 .text.CyFlashGetSpcAlgorithm
                0x00000000       0x4c .\CortexM3\ARM_GCC_541\Debug\project_dino.a(CyFlash.o)
 .text.CySetTemp
                0x00000000       0x14 .\CortexM3\ARM_GCC_541\Debug\project_dino.a(CyFlash.o)
 .text.CySetFlashEEBuffer
                0x00000000       0x20 .\CortexM3\ARM_GCC_541\Debug\project_dino.a(CyFlash.o)
 .text.CyWriteRowFull
                0x00000000       0xf8 .\CortexM3\ARM_GCC_541\Debug\project_dino.a(CyFlash.o)
 .text.CyWriteRowData
                0x00000000       0x14 .\CortexM3\ARM_GCC_541\Debug\project_dino.a(CyFlash.o)
 .text.CyFlash_SetWaitCycles
                0x00000000       0x7c .\CortexM3\ARM_GCC_541\Debug\project_dino.a(CyFlash.o)
 .text.CyEEPROM_Start
                0x00000000       0x54 .\CortexM3\ARM_GCC_541\Debug\project_dino.a(CyFlash.o)
 .text.CyEEPROM_Stop
                0x00000000       0x24 .\CortexM3\ARM_GCC_541\Debug\project_dino.a(CyFlash.o)
 .text.CyEEPROM_ReadReserve
                0x00000000       0x1c .\CortexM3\ARM_GCC_541\Debug\project_dino.a(CyFlash.o)
 .text.CyEEPROM_ReadRelease
                0x00000000       0x10 .\CortexM3\ARM_GCC_541\Debug\project_dino.a(CyFlash.o)
 COMMON         0x00000000        0x2 .\CortexM3\ARM_GCC_541\Debug\project_dino.a(CyFlash.o)
 .text          0x00000000        0x0 .\CortexM3\ARM_GCC_541\Debug\project_dino.a(CySpc.o)
 .data          0x00000000        0x0 .\CortexM3\ARM_GCC_541\Debug\project_dino.a(CySpc.o)
 .bss           0x00000000        0x8 .\CortexM3\ARM_GCC_541\Debug\project_dino.a(CySpc.o)
 .text.CySpcStart
                0x00000000       0x24 .\CortexM3\ARM_GCC_541\Debug\project_dino.a(CySpc.o)
 .text.CySpcStop
                0x00000000       0x24 .\CortexM3\ARM_GCC_541\Debug\project_dino.a(CySpc.o)
 .text.CySpcReadData
                0x00000000       0x34 .\CortexM3\ARM_GCC_541\Debug\project_dino.a(CySpc.o)
 .text.CySpcLoadMultiByte
                0x00000000       0x78 .\CortexM3\ARM_GCC_541\Debug\project_dino.a(CySpc.o)
 .text.CySpcLoadRow
                0x00000000       0x50 .\CortexM3\ARM_GCC_541\Debug\project_dino.a(CySpc.o)
 .text.CySpcLoadRowFull
                0x00000000       0x80 .\CortexM3\ARM_GCC_541\Debug\project_dino.a(CySpc.o)
 .text.CySpcWriteRow
                0x00000000       0x4c .\CortexM3\ARM_GCC_541\Debug\project_dino.a(CySpc.o)
 .text.CySpcEraseSector
                0x00000000       0x3c .\CortexM3\ARM_GCC_541\Debug\project_dino.a(CySpc.o)
 .text.CySpcEraseRow
                0x00000000       0x4c .\CortexM3\ARM_GCC_541\Debug\project_dino.a(CySpc.o)
 .text.CySpcGetTemp
                0x00000000       0x3c .\CortexM3\ARM_GCC_541\Debug\project_dino.a(CySpc.o)
 .text.CySpcLock
                0x00000000       0x4c .\CortexM3\ARM_GCC_541\Debug\project_dino.a(CySpc.o)
 .text.CySpcUnlock
                0x00000000       0x38 .\CortexM3\ARM_GCC_541\Debug\project_dino.a(CySpc.o)
 .text.CySpcGetAlgorithm
                0x00000000       0x28 .\CortexM3\ARM_GCC_541\Debug\project_dino.a(CySpc.o)
 .text          0x00000000      0x370 c:/program files (x86)/cypress/psoc creator/4.4/psoc creator/import/gnu/arm/5.4.1/bin/../lib/gcc/arm-none-eabi/5.4.1/armv7-m\libgcc.a(_arm_addsubdf3.o)
 .data          0x00000000        0x0 c:/program files (x86)/cypress/psoc creator/4.4/psoc creator/import/gnu/arm/5.4.1/bin/../lib/gcc/arm-none-eabi/5.4.1/armv7-m\libgcc.a(_arm_addsubdf3.o)
 .bss           0x00000000        0x0 c:/program files (x86)/cypress/psoc creator/4.4/psoc creator/import/gnu/arm/5.4.1/bin/../lib/gcc/arm-none-eabi/5.4.1/armv7-m\libgcc.a(_arm_addsubdf3.o)
 .text          0x00000000      0x110 c:/program files (x86)/cypress/psoc creator/4.4/psoc creator/import/gnu/arm/5.4.1/bin/../lib/gcc/arm-none-eabi/5.4.1/armv7-m\libgcc.a(_arm_cmpdf2.o)
 .data          0x00000000        0x0 c:/program files (x86)/cypress/psoc creator/4.4/psoc creator/import/gnu/arm/5.4.1/bin/../lib/gcc/arm-none-eabi/5.4.1/armv7-m\libgcc.a(_arm_cmpdf2.o)
 .bss           0x00000000        0x0 c:/program files (x86)/cypress/psoc creator/4.4/psoc creator/import/gnu/arm/5.4.1/bin/../lib/gcc/arm-none-eabi/5.4.1/armv7-m\libgcc.a(_arm_cmpdf2.o)
 .text          0x00000000      0x21c c:/program files (x86)/cypress/psoc creator/4.4/psoc creator/import/gnu/arm/5.4.1/bin/../lib/gcc/arm-none-eabi/5.4.1/armv7-m\libgcc.a(_arm_addsubsf3.o)
 .data          0x00000000        0x0 c:/program files (x86)/cypress/psoc creator/4.4/psoc creator/import/gnu/arm/5.4.1/bin/../lib/gcc/arm-none-eabi/5.4.1/armv7-m\libgcc.a(_arm_addsubsf3.o)
 .bss           0x00000000        0x0 c:/program files (x86)/cypress/psoc creator/4.4/psoc creator/import/gnu/arm/5.4.1/bin/../lib/gcc/arm-none-eabi/5.4.1/armv7-m\libgcc.a(_arm_addsubsf3.o)
 .text          0x00000000      0x2a0 c:/program files (x86)/cypress/psoc creator/4.4/psoc creator/import/gnu/arm/5.4.1/bin/../lib/gcc/arm-none-eabi/5.4.1/armv7-m\libgcc.a(_arm_muldivsf3.o)
 .data          0x00000000        0x0 c:/program files (x86)/cypress/psoc creator/4.4/psoc creator/import/gnu/arm/5.4.1/bin/../lib/gcc/arm-none-eabi/5.4.1/armv7-m\libgcc.a(_arm_muldivsf3.o)
 .bss           0x00000000        0x0 c:/program files (x86)/cypress/psoc creator/4.4/psoc creator/import/gnu/arm/5.4.1/bin/../lib/gcc/arm-none-eabi/5.4.1/armv7-m\libgcc.a(_arm_muldivsf3.o)
 .text          0x00000000       0x40 c:/program files (x86)/cypress/psoc creator/4.4/psoc creator/import/gnu/arm/5.4.1/bin/../lib/gcc/arm-none-eabi/5.4.1/armv7-m\libgcc.a(_arm_fixunssfsi.o)
 .data          0x00000000        0x0 c:/program files (x86)/cypress/psoc creator/4.4/psoc creator/import/gnu/arm/5.4.1/bin/../lib/gcc/arm-none-eabi/5.4.1/armv7-m\libgcc.a(_arm_fixunssfsi.o)
 .bss           0x00000000        0x0 c:/program files (x86)/cypress/psoc creator/4.4/psoc creator/import/gnu/arm/5.4.1/bin/../lib/gcc/arm-none-eabi/5.4.1/armv7-m\libgcc.a(_arm_fixunssfsi.o)
 .text          0x00000000        0x0 c:/program files (x86)/cypress/psoc creator/4.4/psoc creator/import/gnu/arm/5.4.1/bin/../lib/gcc/arm-none-eabi/5.4.1/../../../../arm-none-eabi/lib/armv7-m\libg_nano.a(lib_a-errno.o)
 .data          0x00000000        0x0 c:/program files (x86)/cypress/psoc creator/4.4/psoc creator/import/gnu/arm/5.4.1/bin/../lib/gcc/arm-none-eabi/5.4.1/../../../../arm-none-eabi/lib/armv7-m\libg_nano.a(lib_a-errno.o)
 .bss           0x00000000        0x0 c:/program files (x86)/cypress/psoc creator/4.4/psoc creator/import/gnu/arm/5.4.1/bin/../lib/gcc/arm-none-eabi/5.4.1/../../../../arm-none-eabi/lib/armv7-m\libg_nano.a(lib_a-errno.o)
 .text          0x00000000        0x0 c:/program files (x86)/cypress/psoc creator/4.4/psoc creator/import/gnu/arm/5.4.1/bin/../lib/gcc/arm-none-eabi/5.4.1/../../../../arm-none-eabi/lib/armv7-m\libg_nano.a(lib_a-exit.o)
 .data          0x00000000        0x0 c:/program files (x86)/cypress/psoc creator/4.4/psoc creator/import/gnu/arm/5.4.1/bin/../lib/gcc/arm-none-eabi/5.4.1/../../../../arm-none-eabi/lib/armv7-m\libg_nano.a(lib_a-exit.o)
 .bss           0x00000000        0x0 c:/program files (x86)/cypress/psoc creator/4.4/psoc creator/import/gnu/arm/5.4.1/bin/../lib/gcc/arm-none-eabi/5.4.1/../../../../arm-none-eabi/lib/armv7-m\libg_nano.a(lib_a-exit.o)
 .text.exit     0x00000000       0x28 c:/program files (x86)/cypress/psoc creator/4.4/psoc creator/import/gnu/arm/5.4.1/bin/../lib/gcc/arm-none-eabi/5.4.1/../../../../arm-none-eabi/lib/armv7-m\libg_nano.a(lib_a-exit.o)
 .text          0x00000000        0x0 c:/program files (x86)/cypress/psoc creator/4.4/psoc creator/import/gnu/arm/5.4.1/bin/../lib/gcc/arm-none-eabi/5.4.1/../../../../arm-none-eabi/lib/armv7-m\libg_nano.a(lib_a-impure.o)
 .data          0x00000000        0x0 c:/program files (x86)/cypress/psoc creator/4.4/psoc creator/import/gnu/arm/5.4.1/bin/../lib/gcc/arm-none-eabi/5.4.1/../../../../arm-none-eabi/lib/armv7-m\libg_nano.a(lib_a-impure.o)
 .bss           0x00000000        0x0 c:/program files (x86)/cypress/psoc creator/4.4/psoc creator/import/gnu/arm/5.4.1/bin/../lib/gcc/arm-none-eabi/5.4.1/../../../../arm-none-eabi/lib/armv7-m\libg_nano.a(lib_a-impure.o)
 .rodata._global_impure_ptr
                0x00000000        0x4 c:/program files (x86)/cypress/psoc creator/4.4/psoc creator/import/gnu/arm/5.4.1/bin/../lib/gcc/arm-none-eabi/5.4.1/../../../../arm-none-eabi/lib/armv7-m\libg_nano.a(lib_a-impure.o)
 .text          0x00000000        0x0 c:/program files (x86)/cypress/psoc creator/4.4/psoc creator/import/gnu/arm/5.4.1/bin/../lib/gcc/arm-none-eabi/5.4.1/../../../../arm-none-eabi/lib/armv7-m\libg_nano.a(lib_a-init.o)
 .data          0x00000000        0x0 c:/program files (x86)/cypress/psoc creator/4.4/psoc creator/import/gnu/arm/5.4.1/bin/../lib/gcc/arm-none-eabi/5.4.1/../../../../arm-none-eabi/lib/armv7-m\libg_nano.a(lib_a-init.o)
 .bss           0x00000000        0x0 c:/program files (x86)/cypress/psoc creator/4.4/psoc creator/import/gnu/arm/5.4.1/bin/../lib/gcc/arm-none-eabi/5.4.1/../../../../arm-none-eabi/lib/armv7-m\libg_nano.a(lib_a-init.o)
 .text          0x00000000        0x0 c:/program files (x86)/cypress/psoc creator/4.4/psoc creator/import/gnu/arm/5.4.1/bin/../lib/gcc/arm-none-eabi/5.4.1/../../../../arm-none-eabi/lib/armv7-m\libg_nano.a(lib_a-memcpy-stub.o)
 .data          0x00000000        0x0 c:/program files (x86)/cypress/psoc creator/4.4/psoc creator/import/gnu/arm/5.4.1/bin/../lib/gcc/arm-none-eabi/5.4.1/../../../../arm-none-eabi/lib/armv7-m\libg_nano.a(lib_a-memcpy-stub.o)
 .bss           0x00000000        0x0 c:/program files (x86)/cypress/psoc creator/4.4/psoc creator/import/gnu/arm/5.4.1/bin/../lib/gcc/arm-none-eabi/5.4.1/../../../../arm-none-eabi/lib/armv7-m\libg_nano.a(lib_a-memcpy-stub.o)
 .text          0x00000000        0x0 c:/program files (x86)/cypress/psoc creator/4.4/psoc creator/import/gnu/arm/5.4.1/bin/../lib/gcc/arm-none-eabi/5.4.1/../../../../arm-none-eabi/lib/armv7-m\libg_nano.a(lib_a-memset.o)
 .data          0x00000000        0x0 c:/program files (x86)/cypress/psoc creator/4.4/psoc creator/import/gnu/arm/5.4.1/bin/../lib/gcc/arm-none-eabi/5.4.1/../../../../arm-none-eabi/lib/armv7-m\libg_nano.a(lib_a-memset.o)
 .bss           0x00000000        0x0 c:/program files (x86)/cypress/psoc creator/4.4/psoc creator/import/gnu/arm/5.4.1/bin/../lib/gcc/arm-none-eabi/5.4.1/../../../../arm-none-eabi/lib/armv7-m\libg_nano.a(lib_a-memset.o)
 .text          0x00000000        0x0 c:/program files (x86)/cypress/psoc creator/4.4/psoc creator/import/gnu/arm/5.4.1/bin/../lib/gcc/arm-none-eabi/5.4.1/armv7-m/crtend.o
 .data          0x00000000        0x0 c:/program files (x86)/cypress/psoc creator/4.4/psoc creator/import/gnu/arm/5.4.1/bin/../lib/gcc/arm-none-eabi/5.4.1/armv7-m/crtend.o
 .bss           0x00000000        0x0 c:/program files (x86)/cypress/psoc creator/4.4/psoc creator/import/gnu/arm/5.4.1/bin/../lib/gcc/arm-none-eabi/5.4.1/armv7-m/crtend.o
 .text          0x00000000        0x0 c:/program files (x86)/cypress/psoc creator/4.4/psoc creator/import/gnu/arm/5.4.1/bin/../lib/gcc/arm-none-eabi/5.4.1/armv7-m/crtn.o
 .data          0x00000000        0x0 c:/program files (x86)/cypress/psoc creator/4.4/psoc creator/import/gnu/arm/5.4.1/bin/../lib/gcc/arm-none-eabi/5.4.1/armv7-m/crtn.o
 .bss           0x00000000        0x0 c:/program files (x86)/cypress/psoc creator/4.4/psoc creator/import/gnu/arm/5.4.1/bin/../lib/gcc/arm-none-eabi/5.4.1/armv7-m/crtn.o

Memory Configuration

Name             Origin             Length             Attributes
rom              0x00000000         0x00040000         xr
ram              0x1fff8000         0x00010000         xrw
*default*        0x00000000         0xffffffff

Linker script and memory map

LOAD c:/program files (x86)/cypress/psoc creator/4.4/psoc creator/import/gnu/arm/5.4.1/bin/../lib/gcc/arm-none-eabi/5.4.1/armv7-m/crti.o
LOAD c:/program files (x86)/cypress/psoc creator/4.4/psoc creator/import/gnu/arm/5.4.1/bin/../lib/gcc/arm-none-eabi/5.4.1/armv7-m/crtbegin.o
LOAD c:/program files (x86)/cypress/psoc creator/4.4/psoc creator/import/gnu/arm/5.4.1/bin/../lib/gcc/arm-none-eabi/5.4.1/../../../../arm-none-eabi/lib/armv7-m/crt0.o
START GROUP
LOAD .\CortexM3\ARM_GCC_541\Debug\main.o
LOAD .\CortexM3\ARM_GCC_541\Debug\cyfitter_cfg.o
LOAD .\CortexM3\ARM_GCC_541\Debug\cymetadata.o
LOAD .\CortexM3\ARM_GCC_541\Debug\Cm3Start.o
LOAD .\CortexM3\ARM_GCC_541\Debug\project_dino.a
LOAD C:\Program Files (x86)\Cypress\PSoC Creator\4.4\PSoC Creator\psoc\content\cycomponentlibrary\CyComponentLibrary.cylib\CortexM3\ARM_GCC_541\Debug\CyComponentLibrary.a
END GROUP
START GROUP
LOAD c:/program files (x86)/cypress/psoc creator/4.4/psoc creator/import/gnu/arm/5.4.1/bin/../lib/gcc/arm-none-eabi/5.4.1/armv7-m\libgcc.a
LOAD c:/program files (x86)/cypress/psoc creator/4.4/psoc creator/import/gnu/arm/5.4.1/bin/../lib/gcc/arm-none-eabi/5.4.1/../../../../arm-none-eabi/lib/armv7-m\libg_nano.a
LOAD c:/program files (x86)/cypress/psoc creator/4.4/psoc creator/import/gnu/arm/5.4.1/bin/../lib/gcc/arm-none-eabi/5.4.1/../../../../arm-none-eabi/lib/armv7-m\libc_nano.a
END GROUP
START GROUP
LOAD c:/program files (x86)/cypress/psoc creator/4.4/psoc creator/import/gnu/arm/5.4.1/bin/../lib/gcc/arm-none-eabi/5.4.1/armv7-m\libgcc.a
LOAD c:/program files (x86)/cypress/psoc creator/4.4/psoc creator/import/gnu/arm/5.4.1/bin/../lib/gcc/arm-none-eabi/5.4.1/../../../../arm-none-eabi/lib/armv7-m\libc_nano.a
END GROUP
LOAD c:/program files (x86)/cypress/psoc creator/4.4/psoc creator/import/gnu/arm/5.4.1/bin/../lib/gcc/arm-none-eabi/5.4.1/armv7-m/crtend.o
LOAD c:/program files (x86)/cypress/psoc creator/4.4/psoc creator/import/gnu/arm/5.4.1/bin/../lib/gcc/arm-none-eabi/5.4.1/armv7-m/crtn.o
START GROUP
LOAD c:/program files (x86)/cypress/psoc creator/4.4/psoc creator/import/gnu/arm/5.4.1/bin/../lib/gcc/arm-none-eabi/5.4.1/armv7-m\libgcc.a
LOAD c:/program files (x86)/cypress/psoc creator/4.4/psoc creator/import/gnu/arm/5.4.1/bin/../lib/gcc/arm-none-eabi/5.4.1/../../../../arm-none-eabi/lib/armv7-m\libc.a
LOAD c:/program files (x86)/cypress/psoc creator/4.4/psoc creator/import/gnu/arm/5.4.1/bin/../lib/gcc/arm-none-eabi/5.4.1/../../../../arm-none-eabi/lib/armv7-m\libnosys.a
END GROUP
                0x00000000                CY_APPL_ORIGIN = 0x0
                0x00000100                CY_FLASH_ROW_SIZE = 0x100
                0x00000020                CY_ECC_ROW_SIZE = 0x20
                0x00000000                CY_EE_IN_BTLDR = 0x0
                0x00000000                CY_APPL_LOADABLE = 0x0
                0x00000800                CY_EE_SIZE = 0x800
                0x00000001                CY_APPL_NUM = 0x1
                0x00000001                CY_APPL_MAX = 0x1
                0x00000040                CY_METADATA_SIZE = 0x40
                0x00000000                CY_APPL_LOADABLE = 0x0
                0x00000000                CY_CHECKSUM_EXCLUDE_SIZE = ALIGN (0x0, CY_FLASH_ROW_SIZE)
                [!provide]                PROVIDE (__cy_heap_start, _end)
                0x00000001                PROVIDE (__cy_region_num, ((__cy_regions_end - __cy_regions) / 0x10))
                0x20008000                PROVIDE (__cy_stack, (ORIGIN (ram) + LENGTH (ram)))
                [!provide]                PROVIDE (__cy_heap_end, (__cy_stack - 0x800))

.cybootloader   0x00000000        0x0
 *(.cybootloader)
                0x00000000                appl1_start = CY_APPL_ORIGIN?CY_APPL_ORIGIN:ALIGN (CY_FLASH_ROW_SIZE)
                0x0001ff00                appl2_start = (appl1_start + ALIGN ((((LENGTH (rom) - appl1_start) - (0x2 * CY_FLASH_ROW_SIZE)) / 0x2), CY_FLASH_ROW_SIZE))
                0x00000000                appl_start = (CY_APPL_NUM == 0x1)?appl1_start:appl2_start
                0x00000000                ecc_offset = ((appl_start / CY_FLASH_ROW_SIZE) * CY_ECC_ROW_SIZE)
                0x00000000                ee_offset = (CY_APPL_LOADABLE && ! (CY_EE_IN_BTLDR))?((CY_EE_SIZE / CY_APPL_MAX) * (CY_APPL_NUM - 0x1)):0x0
                0x00000800                ee_size = (CY_APPL_LOADABLE && ! (CY_EE_IN_BTLDR))?(CY_EE_SIZE / CY_APPL_MAX):CY_EE_SIZE
                [!provide]                PROVIDE (CY_ECC_OFFSET, ecc_offset)

.text           0x00000000     0x114e
 CREATE_OBJECT_SYMBOLS
                0x00000000                PROVIDE (__cy_interrupt_vector, RomVectors)
 *(.romvectors)
 .romvectors    0x00000000       0x10 .\CortexM3\ARM_GCC_541\Debug\Cm3Start.o
                0x00000000                RomVectors
                0x00000001                ASSERT ((. != __cy_interrupt_vector), No interrupt vector)
                0x00000001                ASSERT (CY_APPL_ORIGIN?(SIZEOF (.cybootloader) <= CY_APPL_ORIGIN):0x1, Wrong image location)
                0x00000010                PROVIDE (__cy_reset, Reset)
 *(.text.Reset)
 .text.Reset    0x00000010       0x18 .\CortexM3\ARM_GCC_541\Debug\Cm3Start.o
                0x00000010                Reset
                0x00000001                ASSERT ((. != __cy_reset), No reset code)
 *(.dma_init)
                0x00000001                ASSERT ((((appl_start + .) <= 0x10000) || 0x1), DMA Init must be within the first 64k of flash)
 *(.text .text.* .gnu.linkonce.t.*)
 .text          0x00000028       0x5c c:/program files (x86)/cypress/psoc creator/4.4/psoc creator/import/gnu/arm/5.4.1/bin/../lib/gcc/arm-none-eabi/5.4.1/armv7-m/crtbegin.o
 .text.MoveServoTo
                0x00000084       0x30 .\CortexM3\ARM_GCC_541\Debug\main.o
                0x00000084                MoveServoTo
 .text.PressDownArrow
                0x000000b4        0xc .\CortexM3\ARM_GCC_541\Debug\main.o
                0x000000b4                PressDownArrow
 .text.PressUpArrow
                0x000000c0        0xc .\CortexM3\ARM_GCC_541\Debug\main.o
                0x000000c0                PressUpArrow
 .text.JumpDino
                0x000000cc       0x1c .\CortexM3\ARM_GCC_541\Debug\main.o
                0x000000cc                JumpDino
 .text.main     0x000000e8       0x2c .\CortexM3\ARM_GCC_541\Debug\main.o
                0x000000e8                main
 .text.CyClockStartupError
                0x00000114        0x4 .\CortexM3\ARM_GCC_541\Debug\cyfitter_cfg.o
 .text.cfg_write_bytes32
                0x00000118       0x34 .\CortexM3\ARM_GCC_541\Debug\cyfitter_cfg.o
 .text.AnalogSetDefault
                0x0000014c       0x40 .\CortexM3\ARM_GCC_541\Debug\cyfitter_cfg.o
 .text.CYMEMZERO
                0x0000018c        0xc .\CortexM3\ARM_GCC_541\Debug\cyfitter_cfg.o
 .text.CYCONFIGCPY
                0x00000198        0x8 .\CortexM3\ARM_GCC_541\Debug\cyfitter_cfg.o
 .text.ClockSetup
                0x000001a0      0x100 .\CortexM3\ARM_GCC_541\Debug\cyfitter_cfg.o
 .text.ADC_DelSig_1_AMux_Set
                0x000002a0       0x1c .\CortexM3\ARM_GCC_541\Debug\cyfitter_cfg.o
                0x000002a0                ADC_DelSig_1_AMux_Set
 .text.ADC_DelSig_1_AMux_Unset
                0x000002bc       0x1c .\CortexM3\ARM_GCC_541\Debug\cyfitter_cfg.o
                0x000002bc                ADC_DelSig_1_AMux_Unset
 .text.cyfitter_cfg
                0x000002d8      0x128 .\CortexM3\ARM_GCC_541\Debug\cyfitter_cfg.o
                0x000002d8                cyfitter_cfg
 .text.IntDefaultHandler
                0x00000400       0x10 .\CortexM3\ARM_GCC_541\Debug\Cm3Start.o
                0x00000400                IntDefaultHandler
 .text.Start_c  0x00000410       0x4c .\CortexM3\ARM_GCC_541\Debug\Cm3Start.o
                0x00000410                Start_c
 .text.initialize_psoc
                0x0000045c       0x68 .\CortexM3\ARM_GCC_541\Debug\Cm3Start.o
                0x0000045c                initialize_psoc
 .text.CyHalt   0x000004c4        0x4 .\CortexM3\ARM_GCC_541\Debug\project_dino.a(CyLib.o)
                0x000004c4                CyHalt
 .text.CyDelay  0x000004c8       0x2c .\CortexM3\ARM_GCC_541\Debug\project_dino.a(CyLib.o)
                0x000004c8                CyDelay
 .text.CyDelayUs
                0x000004f4       0x14 .\CortexM3\ARM_GCC_541\Debug\project_dino.a(CyLib.o)
                0x000004f4                CyDelayUs
 .text.CyIntSetVector
                0x00000508       0x28 .\CortexM3\ARM_GCC_541\Debug\project_dino.a(CyLib.o)
                0x00000508                CyIntSetVector
 .text.CyIntSetPriority
                0x00000530       0x30 .\CortexM3\ARM_GCC_541\Debug\project_dino.a(CyLib.o)
                0x00000530                CyIntSetPriority
 .text.ADC_DelSig_1_GainCompensation
                0x00000560       0xe0 .\CortexM3\ARM_GCC_541\Debug\project_dino.a(ADC_DelSig_1.o)
 .text.ADC_DelSig_1_SetDSMRef0Reg
                0x00000640       0x4c .\CortexM3\ARM_GCC_541\Debug\project_dino.a(ADC_DelSig_1.o)
 .text.ADC_DelSig_1_InitConfig
                0x0000068c      0x32c .\CortexM3\ARM_GCC_541\Debug\project_dino.a(ADC_DelSig_1.o)
 .text.ADC_DelSig_1_Init
                0x000009b8      0x108 .\CortexM3\ARM_GCC_541\Debug\project_dino.a(ADC_DelSig_1.o)
                0x000009b8                ADC_DelSig_1_Init
 .text.ADC_DelSig_1_Enable
                0x00000ac0       0xd8 .\CortexM3\ARM_GCC_541\Debug\project_dino.a(ADC_DelSig_1.o)
                0x00000ac0                ADC_DelSig_1_Enable
 .text.ADC_DelSig_1_Start
                0x00000b98       0x28 .\CortexM3\ARM_GCC_541\Debug\project_dino.a(ADC_DelSig_1.o)
                0x00000b98                ADC_DelSig_1_Start
 .text.ADC_DelSig_1_ISR1
                0x00000bc0        0x4 .\CortexM3\ARM_GCC_541\Debug\project_dino.a(ADC_DelSig_1_INT.o)
                0x00000bc0                ADC_DelSig_1_ISR1
 .text.ADC_DelSig_1_ISR2
                0x00000bc4        0x4 .\CortexM3\ARM_GCC_541\Debug\project_dino.a(ADC_DelSig_1_INT.o)
                0x00000bc4                ADC_DelSig_1_ISR2
 .text.ADC_DelSig_1_ISR3
                0x00000bc8        0x4 .\CortexM3\ARM_GCC_541\Debug\project_dino.a(ADC_DelSig_1_INT.o)
                0x00000bc8                ADC_DelSig_1_ISR3
 .text.ADC_DelSig_1_ISR4
                0x00000bcc        0x4 .\CortexM3\ARM_GCC_541\Debug\project_dino.a(ADC_DelSig_1_INT.o)
                0x00000bcc                ADC_DelSig_1_ISR4
 .text.ADC_DelSig_1_Ext_CP_Clk_GetDividerRegister
                0x00000bd0        0xc .\CortexM3\ARM_GCC_541\Debug\project_dino.a(ADC_DelSig_1_Ext_CP_Clk.o)
                0x00000bd0                ADC_DelSig_1_Ext_CP_Clk_GetDividerRegister
 .text.ADC_DelSig_1_Ext_CP_Clk_SetModeRegister
                0x00000bdc       0x14 .\CortexM3\ARM_GCC_541\Debug\project_dino.a(ADC_DelSig_1_Ext_CP_Clk.o)
                0x00000bdc                ADC_DelSig_1_Ext_CP_Clk_SetModeRegister
 .text.ADC_DelSig_1_Ext_CP_Clk_GetSourceRegister
                0x00000bf0       0x10 .\CortexM3\ARM_GCC_541\Debug\project_dino.a(ADC_DelSig_1_Ext_CP_Clk.o)
                0x00000bf0                ADC_DelSig_1_Ext_CP_Clk_GetSourceRegister
 .text.ADC_DelSig_1_Ext_CP_Clk_SetDividerRegister
                0x00000c00       0xd8 .\CortexM3\ARM_GCC_541\Debug\project_dino.a(ADC_DelSig_1_Ext_CP_Clk.o)
                0x00000c00                ADC_DelSig_1_Ext_CP_Clk_SetDividerRegister
 .text.ADC_DelSig_1_theACLK_GetDividerRegister
                0x00000cd8        0xc .\CortexM3\ARM_GCC_541\Debug\project_dino.a(ADC_DelSig_1_theACLK.o)
                0x00000cd8                ADC_DelSig_1_theACLK_GetDividerRegister
 .text.ADC_DelSig_1_theACLK_SetModeRegister
                0x00000ce4       0x14 .\CortexM3\ARM_GCC_541\Debug\project_dino.a(ADC_DelSig_1_theACLK.o)
                0x00000ce4                ADC_DelSig_1_theACLK_SetModeRegister
 .text.ADC_DelSig_1_theACLK_GetSourceRegister
                0x00000cf8       0x10 .\CortexM3\ARM_GCC_541\Debug\project_dino.a(ADC_DelSig_1_theACLK.o)
                0x00000cf8                ADC_DelSig_1_theACLK_GetSourceRegister
 .text.ADC_DelSig_1_theACLK_SetDividerRegister
                0x00000d08       0xd8 .\CortexM3\ARM_GCC_541\Debug\project_dino.a(ADC_DelSig_1_theACLK.o)
                0x00000d08                ADC_DelSig_1_theACLK_SetDividerRegister
 .text.LCD_Char_1_WrCntrlNib
                0x00000de0       0x34 .\CortexM3\ARM_GCC_541\Debug\project_dino.a(LCD_Char_1.o)
 .text.LCD_Char_1_IsReady
                0x00000e14       0xe4 .\CortexM3\ARM_GCC_541\Debug\project_dino.a(LCD_Char_1.o)
                0x00000e14                LCD_Char_1_IsReady
 .text.LCD_Char_1_WriteControl
                0x00000ef8       0x18 .\CortexM3\ARM_GCC_541\Debug\project_dino.a(LCD_Char_1.o)
                0x00000ef8                LCD_Char_1_WriteControl
 .text.LCD_Char_1_Init
                0x00000f10       0x6c .\CortexM3\ARM_GCC_541\Debug\project_dino.a(LCD_Char_1.o)
                0x00000f10                LCD_Char_1_Init
 .text.ADC_DelSig_1_AMux_Start
                0x00000f7c       0x20 .\CortexM3\ARM_GCC_541\Debug\project_dino.a(ADC_DelSig_1_AMux.o)
                0x00000f7c                ADC_DelSig_1_AMux_Start
 .text.ADC_DelSig_1_AMux_Select
                0x00000f9c       0x18 .\CortexM3\ARM_GCC_541\Debug\project_dino.a(ADC_DelSig_1_AMux.o)
                0x00000f9c                ADC_DelSig_1_AMux_Select
 .text.PWM_1_Enable
                0x00000fb4       0x10 .\CortexM3\ARM_GCC_541\Debug\project_dino.a(PWM_1.o)
                0x00000fb4                PWM_1_Enable
 .text.PWM_1_Stop
                0x00000fc4       0x10 .\CortexM3\ARM_GCC_541\Debug\project_dino.a(PWM_1.o)
                0x00000fc4                PWM_1_Stop
 .text.PWM_1_WriteCounter
                0x00000fd4        0xc .\CortexM3\ARM_GCC_541\Debug\project_dino.a(PWM_1.o)
                0x00000fd4                PWM_1_WriteCounter
 .text.PWM_1_WritePeriod
                0x00000fe0        0xc .\CortexM3\ARM_GCC_541\Debug\project_dino.a(PWM_1.o)
                0x00000fe0                PWM_1_WritePeriod
 .text.PWM_1_WriteCompare1
                0x00000fec        0xc .\CortexM3\ARM_GCC_541\Debug\project_dino.a(PWM_1.o)
                0x00000fec                PWM_1_WriteCompare1
 .text.PWM_1_WriteCompare2
                0x00000ff8        0xc .\CortexM3\ARM_GCC_541\Debug\project_dino.a(PWM_1.o)
                0x00000ff8                PWM_1_WriteCompare2
 .text.PWM_1_SetInterruptMode
                0x00001004        0xc .\CortexM3\ARM_GCC_541\Debug\project_dino.a(PWM_1.o)
                0x00001004                PWM_1_SetInterruptMode
 .text.PWM_1_ReadStatusRegister
                0x00001010        0xc .\CortexM3\ARM_GCC_541\Debug\project_dino.a(PWM_1.o)
                0x00001010                PWM_1_ReadStatusRegister
 .text.PWM_1_ReadCapture
                0x0000101c        0xc .\CortexM3\ARM_GCC_541\Debug\project_dino.a(PWM_1.o)
                0x0000101c                PWM_1_ReadCapture
 .text.PWM_1_ClearFIFO
                0x00001028       0x14 .\CortexM3\ARM_GCC_541\Debug\project_dino.a(PWM_1.o)
                0x00001028                PWM_1_ClearFIFO
 .text.PWM_1_Init
                0x0000103c       0x58 .\CortexM3\ARM_GCC_541\Debug\project_dino.a(PWM_1.o)
                0x0000103c                PWM_1_Init
 .text.PWM_1_Start
                0x00001094       0x1c .\CortexM3\ARM_GCC_541\Debug\project_dino.a(PWM_1.o)
                0x00001094                PWM_1_Start
 .text          0x000010b0       0x20 .\CortexM3\ARM_GCC_541\Debug\project_dino.a(CyBootAsmGnu.o)
                0x000010b0                CyDelayCycles
                0x000010c0                CyEnterCriticalSection
                0x000010c8                CyExitCriticalSection
 .text.__errno  0x000010d0        0xc c:/program files (x86)/cypress/psoc creator/4.4/psoc creator/import/gnu/arm/5.4.1/bin/../lib/gcc/arm-none-eabi/5.4.1/../../../../arm-none-eabi/lib/armv7-m\libg_nano.a(lib_a-errno.o)
                0x000010d0                __errno
 .text.__libc_init_array
                0x000010dc       0x4c c:/program files (x86)/cypress/psoc creator/4.4/psoc creator/import/gnu/arm/5.4.1/bin/../lib/gcc/arm-none-eabi/5.4.1/../../../../arm-none-eabi/lib/armv7-m\libg_nano.a(lib_a-init.o)
                0x000010dc                __libc_init_array
 .text.memcpy   0x00001128       0x16 c:/program files (x86)/cypress/psoc creator/4.4/psoc creator/import/gnu/arm/5.4.1/bin/../lib/gcc/arm-none-eabi/5.4.1/../../../../arm-none-eabi/lib/armv7-m\libg_nano.a(lib_a-memcpy-stub.o)
                0x00001128                memcpy
 .text.memset   0x0000113e       0x10 c:/program files (x86)/cypress/psoc creator/4.4/psoc creator/import/gnu/arm/5.4.1/bin/../lib/gcc/arm-none-eabi/5.4.1/../../../../arm-none-eabi/lib/armv7-m\libg_nano.a(lib_a-memset.o)
                0x0000113e                memset
 *(.plt)
 *(.gnu.warning)
 *(.glue_7t)
 .glue_7t       0x0000114e        0x0 linker stubs
 *(.glue_7)
 .glue_7        0x0000114e        0x0 linker stubs
 *(.vfp11_veneer)
 .vfp11_veneer  0x0000114e        0x0 linker stubs
 *(.bootloader)
 *(.ARM.extab* .gnu.linkonce.armextab.*)
 *(.gcc_except_table)

.v4_bx          0x00001150        0x0
 .v4_bx         0x00001150        0x0 linker stubs

.iplt           0x00001150        0x0
 .iplt          0x00001150        0x0 c:/program files (x86)/cypress/psoc creator/4.4/psoc creator/import/gnu/arm/5.4.1/bin/../lib/gcc/arm-none-eabi/5.4.1/armv7-m/crtbegin.o

.eh_frame_hdr
 *(.eh_frame_hdr)

.eh_frame       0x00001150        0x4
 *(.eh_frame)
 .eh_frame      0x00001150        0x0 c:/program files (x86)/cypress/psoc creator/4.4/psoc creator/import/gnu/arm/5.4.1/bin/../lib/gcc/arm-none-eabi/5.4.1/armv7-m/crtbegin.o
 .eh_frame      0x00001150        0x4 c:/program files (x86)/cypress/psoc creator/4.4/psoc creator/import/gnu/arm/5.4.1/bin/../lib/gcc/arm-none-eabi/5.4.1/armv7-m/crtend.o
                [!provide]                PROVIDE (__exidx_start, .)

.ARM.exidx
 *(.ARM.exidx* .gnu.linkonce.armexidx.*)
                0x00001154                __exidx_end = .

.rodata         0x00001154       0x7c
 *(.rodata .rodata.* .gnu.linkonce.r.*)
 .rodata        0x00001154       0x46 .\CortexM3\ARM_GCC_541\Debug\cyfitter_cfg.o
                0x00001154                ADC_DelSig_1_AMux__addrTable
                0x0000115c                ADC_DelSig_1_AMux__maskTable
 .rodata.str1.1
                0x0000119a        0x2 c:/program files (x86)/cypress/psoc creator/4.4/psoc creator/import/gnu/arm/5.4.1/bin/../lib/gcc/arm-none-eabi/5.4.1/../../../../arm-none-eabi/lib/armv7-m\libg_nano.a(lib_a-impure.o)
                0x0000119c                . = ALIGN (0x4)
 *(.init)
 .init          0x0000119c        0x4 c:/program files (x86)/cypress/psoc creator/4.4/psoc creator/import/gnu/arm/5.4.1/bin/../lib/gcc/arm-none-eabi/5.4.1/armv7-m/crti.o
                0x0000119c                _init
 .init          0x000011a0        0x8 c:/program files (x86)/cypress/psoc creator/4.4/psoc creator/import/gnu/arm/5.4.1/bin/../lib/gcc/arm-none-eabi/5.4.1/armv7-m/crtn.o
                0x000011a8                . = ALIGN (0x4)
                0x000011a8                __preinit_array_start = .
 *(.preinit_array)
                0x000011a8                __preinit_array_end = .
                0x000011a8                . = ALIGN (0x4)
                0x000011a8                __init_array_start = .
 *(SORT(.init_array.*))
 *(.init_array)
 .init_array    0x000011a8        0x4 c:/program files (x86)/cypress/psoc creator/4.4/psoc creator/import/gnu/arm/5.4.1/bin/../lib/gcc/arm-none-eabi/5.4.1/armv7-m/crtbegin.o
 .init_array    0x000011ac        0x4 .\CortexM3\ARM_GCC_541\Debug\Cm3Start.o
                0x000011b0                __init_array_end = .
                0x000011b0                . = ALIGN (0x4)
 *(.fini)
 .fini          0x000011b0        0x4 c:/program files (x86)/cypress/psoc creator/4.4/psoc creator/import/gnu/arm/5.4.1/bin/../lib/gcc/arm-none-eabi/5.4.1/armv7-m/crti.o
                0x000011b0                _fini
 .fini          0x000011b4        0x8 c:/program files (x86)/cypress/psoc creator/4.4/psoc creator/import/gnu/arm/5.4.1/bin/../lib/gcc/arm-none-eabi/5.4.1/armv7-m/crtn.o
                0x000011bc                . = ALIGN (0x4)
                0x000011bc                __fini_array_start = .
 *(.fini_array)
 .fini_array    0x000011bc        0x4 c:/program files (x86)/cypress/psoc creator/4.4/psoc creator/import/gnu/arm/5.4.1/bin/../lib/gcc/arm-none-eabi/5.4.1/armv7-m/crtbegin.o
 *(SORT(.fini_array.*))
                0x000011c0                __fini_array_end = .
                0x000011c0                . = ALIGN (0x4)
 *crtbegin.o(.ctors)
 *(EXCLUDE_FILE(*crtend.o) .ctors)
 *(SORT(.ctors.*))
 *crtend.o(.ctors)
                0x000011c0                . = ALIGN (0x4)
 *crtbegin.o(.dtors)
 *(EXCLUDE_FILE(*crtend.o) .dtors)
 *(SORT(.dtors.*))
 *crtend.o(.dtors)
                0x000011c0                . = ALIGN (0x4)
                0x000011c0                __cy_regions = .
                0x000011c0        0x4 LONG 0x11d0 __cy_region_init_ram
                0x000011c4        0x4 LONG 0x1fff80c8 __cy_region_start_data
                0x000011c8        0x4 LONG 0x80 __cy_region_init_size_ram
                0x000011cc        0x4 LONG 0x40 __cy_region_zero_size_ram
                0x000011d0                __cy_regions_end = .
                0x000011d0                . = ALIGN (0x8)
                0x000011d0                _etext = .

.cy_checksum_exclude
                0x000011d0        0x0
 *(.cy_checksum_exclude)

.ramvectors     0x1fff8000       0xc0
                0x1fff8000                __cy_region_start_ram = .
 *(.ramvectors)
 .ramvectors    0x1fff8000       0xc0 .\CortexM3\ARM_GCC_541\Debug\Cm3Start.o
                0x1fff8000                CyRamVectors

.noinit         0x1fff80c0        0x1
 *(.noinit)
 .noinit        0x1fff80c0        0x1 .\CortexM3\ARM_GCC_541\Debug\project_dino.a(CyLib.o)
                0x1fff80c0                CyResetStatus

.data           0x1fff80c8       0x80 load address 0x000011d0
                0x1fff80c8                __cy_region_start_data = .
 *(.jcr)
 .jcr           0x1fff80c8        0x0 c:/program files (x86)/cypress/psoc creator/4.4/psoc creator/import/gnu/arm/5.4.1/bin/../lib/gcc/arm-none-eabi/5.4.1/armv7-m/crtbegin.o
 .jcr           0x1fff80c8        0x4 c:/program files (x86)/cypress/psoc creator/4.4/psoc creator/import/gnu/arm/5.4.1/bin/../lib/gcc/arm-none-eabi/5.4.1/armv7-m/crtend.o
 *(.got.plt)
 *(.got)
 *(.shdata)
 *(.data .data.* .gnu.linkonce.d.*)
 .data          0x1fff80cc       0x10 .\CortexM3\ARM_GCC_541\Debug\project_dino.a(CyLib.o)
                0x1fff80cc                cydelay_32k_ms
                0x1fff80d0                cydelay_freq_khz
                0x1fff80d4                cydelay_freq_mhz
                0x1fff80d8                cydelay_freq_hz
 .data          0x1fff80dc        0x1 .\CortexM3\ARM_GCC_541\Debug\project_dino.a(ADC_DelSig_1.o)
                0x1fff80dc                ADC_DelSig_1_Config
 .data          0x1fff80dd        0x1 .\CortexM3\ARM_GCC_541\Debug\project_dino.a(ADC_DelSig_1_AMux.o)
 *fill*         0x1fff80de        0x2 
 .data.impure_data
                0x1fff80e0       0x60 c:/program files (x86)/cypress/psoc creator/4.4/psoc creator/import/gnu/arm/5.4.1/bin/../lib/gcc/arm-none-eabi/5.4.1/../../../../arm-none-eabi/lib/armv7-m\libg_nano.a(lib_a-impure.o)
 .data._impure_ptr
                0x1fff8140        0x4 c:/program files (x86)/cypress/psoc creator/4.4/psoc creator/import/gnu/arm/5.4.1/bin/../lib/gcc/arm-none-eabi/5.4.1/../../../../arm-none-eabi/lib/armv7-m\libg_nano.a(lib_a-impure.o)
                0x1fff8140                _impure_ptr
                0x1fff8148                . = ALIGN (0x8)
 *fill*         0x1fff8144        0x4 
 *(.ram)
                0x1fff8148                _edata = .

.igot.plt       0x1fff8148        0x0 load address 0x00001250
 .igot.plt      0x1fff8148        0x0 c:/program files (x86)/cypress/psoc creator/4.4/psoc creator/import/gnu/arm/5.4.1/bin/../lib/gcc/arm-none-eabi/5.4.1/armv7-m/crtbegin.o

.bss            0x1fff8148       0x40 load address 0x00001250
                0x1fff8148                PROVIDE (__bss_start__, .)
 *(.shbss)
 *(.bss .bss.* .gnu.linkonce.b.*)
 .bss           0x1fff8148       0x1c c:/program files (x86)/cypress/psoc creator/4.4/psoc creator/import/gnu/arm/5.4.1/bin/../lib/gcc/arm-none-eabi/5.4.1/armv7-m/crtbegin.o
 .bss           0x1fff8164       0x18 .\CortexM3\ARM_GCC_541\Debug\project_dino.a(ADC_DelSig_1.o)
                0x1fff8174                ADC_DelSig_1_stopConversion
                0x1fff8175                ADC_DelSig_1_convDone
                0x1fff8176                ADC_DelSig_1_initVar
                0x1fff8177                ADC_DelSig_1_started
                0x1fff8178                ADC_DelSig_1_Offset
 .bss           0x1fff817c        0x1 .\CortexM3\ARM_GCC_541\Debug\project_dino.a(PWM_1.o)
                0x1fff817c                PWM_1_initVar
 *(COMMON)
 *fill*         0x1fff817d        0x3 
 COMMON         0x1fff8180        0x4 .\CortexM3\ARM_GCC_541\Debug\project_dino.a(ADC_DelSig_1.o)
                0x1fff8180                ADC_DelSig_1_CountsPerVolt
                0x1fff8188                . = ALIGN (0x8)
 *fill*         0x1fff8184        0x4 
 *(.ram.b)
                0x1fff8188                _end = .
                0x1fff8188                __end = .
                0x1fff8188                PROVIDE (end, .)
                0x1fff8188                PROVIDE (__bss_end__, .)
                0x000011d0                __cy_region_init_ram = LOADADDR (.data)
                0x00000080                __cy_region_init_size_ram = (_edata - ADDR (.data))
                0x00000040                __cy_region_zero_size_ram = (_end - _edata)

.heap           0x1fff8188       0x80 load address 0x00001250
                0x1fff8188                . = _end
                0x1fff8208                . = (. + 0x80)
 *fill*         0x1fff8188       0x80 
                0x1fff8208                __cy_heap_limit = .

.stack          0x20007800      0x800
                0x20007800                __cy_stack_limit = .
                0x20008000                . = (. + 0x800)
 *fill*         0x20007800      0x800 
                0x00000001                ASSERT ((__cy_stack_limit >= __cy_heap_limit), region RAM overflowed with stack)
                0x00000000                cy_checksum_exclude_size = (CY_APPL_LOADABLE == 0x1)?SIZEOF (.cy_checksum_exclude):0x0
                0x00000001                ASSERT ((cy_checksum_exclude_size <= CY_CHECKSUM_EXCLUDE_SIZE), CY_BOOT: Section .cy_checksum_exclude size exceedes specified limit.)

.cyloadermeta
 *(.cyloadermeta)

.cyloadablemeta
 *(.cyloadablemeta)

.cyconfigecc    0x80000000      0x520
 *(.cyconfigecc)
 .cyconfigecc   0x80000000      0x520 .\CortexM3\ARM_GCC_541\Debug\cymetadata.o
                0x80000000                cy_meta_configecc

.cycustnvl      0x90000000        0x4
 *(.cycustnvl)
 .cycustnvl     0x90000000        0x4 .\CortexM3\ARM_GCC_541\Debug\cymetadata.o
                0x90000000                cy_meta_custnvl

.cywolatch      0x90100000        0x4
 *(.cywolatch)
 .cywolatch     0x90100000        0x4 .\CortexM3\ARM_GCC_541\Debug\cymetadata.o
                0x90100000                cy_meta_wonvl

.cyeeprom       0x90200000        0x0
 *(.cyeeprom)
                0x00000001                ASSERT ((. <= ((0x90200000 + ee_offset) + ee_size)), .cyeeprom data will not fit in EEPROM)

.cyflashprotect
                0x90400000      0x100
 *(.cyflashprotect)
 .cyflashprotect
                0x90400000      0x100 .\CortexM3\ARM_GCC_541\Debug\cymetadata.o
                0x90400000                cy_meta_flashprotect

.cymeta         0x90500000        0xc
 *(.cymeta)
 .cymeta        0x90500000        0xc .\CortexM3\ARM_GCC_541\Debug\cymetadata.o
                0x90500000                cy_metadata

.rel.dyn        0x00001250        0x0 load address 0x9050000c
 .rel.iplt      0x00001250        0x0 c:/program files (x86)/cypress/psoc creator/4.4/psoc creator/import/gnu/arm/5.4.1/bin/../lib/gcc/arm-none-eabi/5.4.1/armv7-m/crtbegin.o

.stab
 *(.stab)

.stabstr
 *(.stabstr)

.debug
 *(.debug)

.line
 *(.line)

.debug_srcinfo
 *(.debug_srcinfo)

.debug_sfnames
 *(.debug_sfnames)

.debug_aranges  0x00000000      0x8e8
 *(.debug_aranges)
 .debug_aranges
                0x00000000       0x40 .\CortexM3\ARM_GCC_541\Debug\main.o
 .debug_aranges
                0x00000040       0x68 .\CortexM3\ARM_GCC_541\Debug\cyfitter_cfg.o
 .debug_aranges
                0x000000a8       0x18 .\CortexM3\ARM_GCC_541\Debug\cymetadata.o
 .debug_aranges
                0x000000c0       0x48 .\CortexM3\ARM_GCC_541\Debug\Cm3Start.o
 .debug_aranges
                0x00000108      0x2a0 .\CortexM3\ARM_GCC_541\Debug\project_dino.a(CyLib.o)
 .debug_aranges
                0x000003a8       0x98 .\CortexM3\ARM_GCC_541\Debug\project_dino.a(cyPm.o)
 .debug_aranges
                0x00000440       0xe8 .\CortexM3\ARM_GCC_541\Debug\project_dino.a(ADC_DelSig_1.o)
 .debug_aranges
                0x00000528       0x38 .\CortexM3\ARM_GCC_541\Debug\project_dino.a(ADC_DelSig_1_INT.o)
 .debug_aranges
                0x00000560       0x70 .\CortexM3\ARM_GCC_541\Debug\project_dino.a(ADC_DelSig_1_Ext_CP_Clk.o)
 .debug_aranges
                0x000005d0       0x80 .\CortexM3\ARM_GCC_541\Debug\project_dino.a(ADC_DelSig_1_theACLK.o)
 .debug_aranges
                0x00000650       0x98 .\CortexM3\ARM_GCC_541\Debug\project_dino.a(LCD_Char_1.o)
 .debug_aranges
                0x000006e8       0x30 .\CortexM3\ARM_GCC_541\Debug\project_dino.a(ADC_DelSig_1_AMux.o)
 .debug_aranges
                0x00000718       0xa8 .\CortexM3\ARM_GCC_541\Debug\project_dino.a(PWM_1.o)
 .debug_aranges
                0x000007c0       0x20 .\CortexM3\ARM_GCC_541\Debug\project_dino.a(CyBootAsmGnu.o)
 .debug_aranges
                0x000007e0       0x88 .\CortexM3\ARM_GCC_541\Debug\project_dino.a(CyFlash.o)
 .debug_aranges
                0x00000868       0x80 .\CortexM3\ARM_GCC_541\Debug\project_dino.a(CySpc.o)

.debug_pubnames
 *(.debug_pubnames)

.debug_info     0x00000000     0x55e5
 *(.debug_info .gnu.linkonce.wi.*)
 .debug_info    0x00000000      0x2a4 .\CortexM3\ARM_GCC_541\Debug\main.o
 .debug_info    0x000002a4      0x68c .\CortexM3\ARM_GCC_541\Debug\cyfitter_cfg.o
 .debug_info    0x00000930      0x136 .\CortexM3\ARM_GCC_541\Debug\cymetadata.o
 .debug_info    0x00000a66      0x3bb .\CortexM3\ARM_GCC_541\Debug\Cm3Start.o
 .debug_info    0x00000e21     0x1374 .\CortexM3\ARM_GCC_541\Debug\project_dino.a(CyLib.o)
 .debug_info    0x00002195      0xa2a .\CortexM3\ARM_GCC_541\Debug\project_dino.a(cyPm.o)
 .debug_info    0x00002bbf      0xbee .\CortexM3\ARM_GCC_541\Debug\project_dino.a(ADC_DelSig_1.o)
 .debug_info    0x000037ad       0xd3 .\CortexM3\ARM_GCC_541\Debug\project_dino.a(ADC_DelSig_1_INT.o)
 .debug_info    0x00003880      0x283 .\CortexM3\ARM_GCC_541\Debug\project_dino.a(ADC_DelSig_1_Ext_CP_Clk.o)
 .debug_info    0x00003b03      0x2c4 .\CortexM3\ARM_GCC_541\Debug\project_dino.a(ADC_DelSig_1_theACLK.o)
 .debug_info    0x00003dc7      0x715 .\CortexM3\ARM_GCC_541\Debug\project_dino.a(LCD_Char_1.o)
 .debug_info    0x000044dc      0x165 .\CortexM3\ARM_GCC_541\Debug\project_dino.a(ADC_DelSig_1_AMux.o)
 .debug_info    0x00004641      0x382 .\CortexM3\ARM_GCC_541\Debug\project_dino.a(PWM_1.o)
 .debug_info    0x000049c3       0x85 .\CortexM3\ARM_GCC_541\Debug\project_dino.a(CyBootAsmGnu.o)
 .debug_info    0x00004a48      0x64d .\CortexM3\ARM_GCC_541\Debug\project_dino.a(CyFlash.o)
 .debug_info    0x00005095      0x550 .\CortexM3\ARM_GCC_541\Debug\project_dino.a(CySpc.o)

.debug_abbrev   0x00000000     0x149a
 *(.debug_abbrev)
 .debug_abbrev  0x00000000       0xfe .\CortexM3\ARM_GCC_541\Debug\main.o
 .debug_abbrev  0x000000fe      0x22d .\CortexM3\ARM_GCC_541\Debug\cyfitter_cfg.o
 .debug_abbrev  0x0000032b       0x77 .\CortexM3\ARM_GCC_541\Debug\cymetadata.o
 .debug_abbrev  0x000003a2      0x1e8 .\CortexM3\ARM_GCC_541\Debug\Cm3Start.o
 .debug_abbrev  0x0000058a      0x254 .\CortexM3\ARM_GCC_541\Debug\project_dino.a(CyLib.o)
 .debug_abbrev  0x000007de      0x1ab .\CortexM3\ARM_GCC_541\Debug\project_dino.a(cyPm.o)
 .debug_abbrev  0x00000989      0x1eb .\CortexM3\ARM_GCC_541\Debug\project_dino.a(ADC_DelSig_1.o)
 .debug_abbrev  0x00000b74       0x42 .\CortexM3\ARM_GCC_541\Debug\project_dino.a(ADC_DelSig_1_INT.o)
 .debug_abbrev  0x00000bb6      0x139 .\CortexM3\ARM_GCC_541\Debug\project_dino.a(ADC_DelSig_1_Ext_CP_Clk.o)
 .debug_abbrev  0x00000cef      0x121 .\CortexM3\ARM_GCC_541\Debug\project_dino.a(ADC_DelSig_1_theACLK.o)
 .debug_abbrev  0x00000e10      0x157 .\CortexM3\ARM_GCC_541\Debug\project_dino.a(LCD_Char_1.o)
 .debug_abbrev  0x00000f67       0xb1 .\CortexM3\ARM_GCC_541\Debug\project_dino.a(ADC_DelSig_1_AMux.o)
 .debug_abbrev  0x00001018      0x133 .\CortexM3\ARM_GCC_541\Debug\project_dino.a(PWM_1.o)
 .debug_abbrev  0x0000114b       0x14 .\CortexM3\ARM_GCC_541\Debug\project_dino.a(CyBootAsmGnu.o)
 .debug_abbrev  0x0000115f      0x1a7 .\CortexM3\ARM_GCC_541\Debug\project_dino.a(CyFlash.o)
 .debug_abbrev  0x00001306      0x194 .\CortexM3\ARM_GCC_541\Debug\project_dino.a(CySpc.o)

.debug_line     0x00000000     0x23c0
 *(.debug_line)
 .debug_line    0x00000000      0x1e6 .\CortexM3\ARM_GCC_541\Debug\main.o
 .debug_line    0x000001e6      0x224 .\CortexM3\ARM_GCC_541\Debug\cyfitter_cfg.o
 .debug_line    0x0000040a      0x141 .\CortexM3\ARM_GCC_541\Debug\cymetadata.o
 .debug_line    0x0000054b      0x234 .\CortexM3\ARM_GCC_541\Debug\Cm3Start.o
 .debug_line    0x0000077f      0x816 .\CortexM3\ARM_GCC_541\Debug\project_dino.a(CyLib.o)
 .debug_line    0x00000f95      0x367 .\CortexM3\ARM_GCC_541\Debug\project_dino.a(cyPm.o)
 .debug_line    0x000012fc      0x3ee .\CortexM3\ARM_GCC_541\Debug\project_dino.a(ADC_DelSig_1.o)
 .debug_line    0x000016ea       0x89 .\CortexM3\ARM_GCC_541\Debug\project_dino.a(ADC_DelSig_1_INT.o)
 .debug_line    0x00001773      0x186 .\CortexM3\ARM_GCC_541\Debug\project_dino.a(ADC_DelSig_1_Ext_CP_Clk.o)
 .debug_line    0x000018f9      0x1a6 .\CortexM3\ARM_GCC_541\Debug\project_dino.a(ADC_DelSig_1_theACLK.o)
 .debug_line    0x00001a9f      0x1e3 .\CortexM3\ARM_GCC_541\Debug\project_dino.a(LCD_Char_1.o)
 .debug_line    0x00001c82       0xb5 .\CortexM3\ARM_GCC_541\Debug\project_dino.a(ADC_DelSig_1_AMux.o)
 .debug_line    0x00001d37      0x1a9 .\CortexM3\ARM_GCC_541\Debug\project_dino.a(PWM_1.o)
 .debug_line    0x00001ee0       0x66 .\CortexM3\ARM_GCC_541\Debug\project_dino.a(CyBootAsmGnu.o)
 .debug_line    0x00001f46      0x21a .\CortexM3\ARM_GCC_541\Debug\project_dino.a(CyFlash.o)
 .debug_line    0x00002160      0x260 .\CortexM3\ARM_GCC_541\Debug\project_dino.a(CySpc.o)

.debug_frame    0x00000000     0x17ac
 *(.debug_frame)
 .debug_frame   0x00000000       0x9c .\CortexM3\ARM_GCC_541\Debug\main.o
 .debug_frame   0x0000009c      0x104 .\CortexM3\ARM_GCC_541\Debug\cyfitter_cfg.o
 .debug_frame   0x000001a0       0xb8 .\CortexM3\ARM_GCC_541\Debug\Cm3Start.o
 .debug_frame   0x00000258      0x738 .\CortexM3\ARM_GCC_541\Debug\project_dino.a(CyLib.o)
 .debug_frame   0x00000990      0x1f8 .\CortexM3\ARM_GCC_541\Debug\project_dino.a(cyPm.o)
 .debug_frame   0x00000b88      0x284 .\CortexM3\ARM_GCC_541\Debug\project_dino.a(ADC_DelSig_1.o)
 .debug_frame   0x00000e0c       0x50 .\CortexM3\ARM_GCC_541\Debug\project_dino.a(ADC_DelSig_1_INT.o)
 .debug_frame   0x00000e5c       0xe0 .\CortexM3\ARM_GCC_541\Debug\project_dino.a(ADC_DelSig_1_Ext_CP_Clk.o)
 .debug_frame   0x00000f3c      0x100 .\CortexM3\ARM_GCC_541\Debug\project_dino.a(ADC_DelSig_1_theACLK.o)
 .debug_frame   0x0000103c      0x1e8 .\CortexM3\ARM_GCC_541\Debug\project_dino.a(LCD_Char_1.o)
 .debug_frame   0x00001224       0x64 .\CortexM3\ARM_GCC_541\Debug\project_dino.a(ADC_DelSig_1_AMux.o)
 .debug_frame   0x00001288      0x154 .\CortexM3\ARM_GCC_541\Debug\project_dino.a(PWM_1.o)
 .debug_frame   0x000013dc      0x194 .\CortexM3\ARM_GCC_541\Debug\project_dino.a(CyFlash.o)
 .debug_frame   0x00001570      0x180 .\CortexM3\ARM_GCC_541\Debug\project_dino.a(CySpc.o)
 .debug_frame   0x000016f0       0x20 c:/program files (x86)/cypress/psoc creator/4.4/psoc creator/import/gnu/arm/5.4.1/bin/../lib/gcc/arm-none-eabi/5.4.1/../../../../arm-none-eabi/lib/armv7-m\libg_nano.a(lib_a-errno.o)
 .debug_frame   0x00001710       0x28 c:/program files (x86)/cypress/psoc creator/4.4/psoc creator/import/gnu/arm/5.4.1/bin/../lib/gcc/arm-none-eabi/5.4.1/../../../../arm-none-eabi/lib/armv7-m\libg_nano.a(lib_a-exit.o)
 .debug_frame   0x00001738       0x2c c:/program files (x86)/cypress/psoc creator/4.4/psoc creator/import/gnu/arm/5.4.1/bin/../lib/gcc/arm-none-eabi/5.4.1/../../../../arm-none-eabi/lib/armv7-m\libg_nano.a(lib_a-init.o)
 .debug_frame   0x00001764       0x28 c:/program files (x86)/cypress/psoc creator/4.4/psoc creator/import/gnu/arm/5.4.1/bin/../lib/gcc/arm-none-eabi/5.4.1/../../../../arm-none-eabi/lib/armv7-m\libg_nano.a(lib_a-memcpy-stub.o)
 .debug_frame   0x0000178c       0x20 c:/program files (x86)/cypress/psoc creator/4.4/psoc creator/import/gnu/arm/5.4.1/bin/../lib/gcc/arm-none-eabi/5.4.1/../../../../arm-none-eabi/lib/armv7-m\libg_nano.a(lib_a-memset.o)

.debug_str      0x00000000     0x20ae
 *(.debug_str)
 .debug_str     0x00000000      0x205 .\CortexM3\ARM_GCC_541\Debug\main.o
                                0x24d (size before relaxing)
 .debug_str     0x00000205      0x22c .\CortexM3\ARM_GCC_541\Debug\cyfitter_cfg.o
                                0x3a9 (size before relaxing)
 .debug_str     0x00000431       0x7f .\CortexM3\ARM_GCC_541\Debug\cymetadata.o
                                0x1d9 (size before relaxing)
 .debug_str     0x000004b0      0x144 .\CortexM3\ARM_GCC_541\Debug\Cm3Start.o
                                0x2ff (size before relaxing)
 .debug_str     0x000005f4      0x83d .\CortexM3\ARM_GCC_541\Debug\project_dino.a(CyLib.o)
                                0xa3c (size before relaxing)
 .debug_str     0x00000e31      0x365 .\CortexM3\ARM_GCC_541\Debug\project_dino.a(cyPm.o)
                                0x728 (size before relaxing)
 .debug_str     0x00001196      0x4e4 .\CortexM3\ARM_GCC_541\Debug\project_dino.a(ADC_DelSig_1.o)
                                0x72f (size before relaxing)
 .debug_str     0x0000167a       0x72 .\CortexM3\ARM_GCC_541\Debug\project_dino.a(ADC_DelSig_1_INT.o)
                                0x1e2 (size before relaxing)
 .debug_str     0x000016ec      0x1c7 .\CortexM3\ARM_GCC_541\Debug\project_dino.a(ADC_DelSig_1_Ext_CP_Clk.o)
                                0x3a3 (size before relaxing)
 .debug_str     0x000018b3      0x1bb .\CortexM3\ARM_GCC_541\Debug\project_dino.a(ADC_DelSig_1_theACLK.o)
                                0x3d4 (size before relaxing)
 .debug_str     0x00001a6e      0x1cc .\CortexM3\ARM_GCC_541\Debug\project_dino.a(LCD_Char_1.o)
                                0x3ac (size before relaxing)
 .debug_str     0x00001c3a       0x83 .\CortexM3\ARM_GCC_541\Debug\project_dino.a(ADC_DelSig_1_AMux.o)
                                0x233 (size before relaxing)
 .debug_str     0x00001cbd      0x18a .\CortexM3\ARM_GCC_541\Debug\project_dino.a(PWM_1.o)
                                0x36f (size before relaxing)
 .debug_str     0x00001e47      0x1bb .\CortexM3\ARM_GCC_541\Debug\project_dino.a(CyFlash.o)
                                0x3b5 (size before relaxing)
 .debug_str     0x00002002       0xac .\CortexM3\ARM_GCC_541\Debug\project_dino.a(CySpc.o)
                                0x32d (size before relaxing)

.debug_loc      0x00000000     0x2828
 *(.debug_loc)
 .debug_loc     0x00000000       0x4a .\CortexM3\ARM_GCC_541\Debug\main.o
 .debug_loc     0x0000004a      0x29c .\CortexM3\ARM_GCC_541\Debug\cyfitter_cfg.o
 .debug_loc     0x000002e6      0x144 .\CortexM3\ARM_GCC_541\Debug\Cm3Start.o
 .debug_loc     0x0000042a      0xa11 .\CortexM3\ARM_GCC_541\Debug\project_dino.a(CyLib.o)
 .debug_loc     0x00000e3b      0x1e4 .\CortexM3\ARM_GCC_541\Debug\project_dino.a(cyPm.o)
 .debug_loc     0x0000101f      0x681 .\CortexM3\ARM_GCC_541\Debug\project_dino.a(ADC_DelSig_1.o)
 .debug_loc     0x000016a0      0x12c .\CortexM3\ARM_GCC_541\Debug\project_dino.a(ADC_DelSig_1_Ext_CP_Clk.o)
 .debug_loc     0x000017cc      0x14d .\CortexM3\ARM_GCC_541\Debug\project_dino.a(ADC_DelSig_1_theACLK.o)
 .debug_loc     0x00001919      0x3c6 .\CortexM3\ARM_GCC_541\Debug\project_dino.a(LCD_Char_1.o)
 .debug_loc     0x00001cdf       0x6c .\CortexM3\ARM_GCC_541\Debug\project_dino.a(ADC_DelSig_1_AMux.o)
 .debug_loc     0x00001d4b       0x26 .\CortexM3\ARM_GCC_541\Debug\project_dino.a(PWM_1.o)
 .debug_loc     0x00001d71      0x3b2 .\CortexM3\ARM_GCC_541\Debug\project_dino.a(CyFlash.o)
 .debug_loc     0x00002123      0x705 .\CortexM3\ARM_GCC_541\Debug\project_dino.a(CySpc.o)

.debug_macinfo
 *(.debug_macinfo)

.debug_ranges   0x00000000      0x7d0
 *(.debug_ranges)
 .debug_ranges  0x00000000       0x30 .\CortexM3\ARM_GCC_541\Debug\main.o
 .debug_ranges  0x00000030       0x58 .\CortexM3\ARM_GCC_541\Debug\cyfitter_cfg.o
 .debug_ranges  0x00000088       0x38 .\CortexM3\ARM_GCC_541\Debug\Cm3Start.o
 .debug_ranges  0x000000c0      0x290 .\CortexM3\ARM_GCC_541\Debug\project_dino.a(CyLib.o)
 .debug_ranges  0x00000350       0x88 .\CortexM3\ARM_GCC_541\Debug\project_dino.a(cyPm.o)
 .debug_ranges  0x000003d8       0xd8 .\CortexM3\ARM_GCC_541\Debug\project_dino.a(ADC_DelSig_1.o)
 .debug_ranges  0x000004b0       0x28 .\CortexM3\ARM_GCC_541\Debug\project_dino.a(ADC_DelSig_1_INT.o)
 .debug_ranges  0x000004d8       0x60 .\CortexM3\ARM_GCC_541\Debug\project_dino.a(ADC_DelSig_1_Ext_CP_Clk.o)
 .debug_ranges  0x00000538       0x70 .\CortexM3\ARM_GCC_541\Debug\project_dino.a(ADC_DelSig_1_theACLK.o)
 .debug_ranges  0x000005a8       0x88 .\CortexM3\ARM_GCC_541\Debug\project_dino.a(LCD_Char_1.o)
 .debug_ranges  0x00000630       0x20 .\CortexM3\ARM_GCC_541\Debug\project_dino.a(ADC_DelSig_1_AMux.o)
 .debug_ranges  0x00000650       0x98 .\CortexM3\ARM_GCC_541\Debug\project_dino.a(PWM_1.o)
 .debug_ranges  0x000006e8       0x78 .\CortexM3\ARM_GCC_541\Debug\project_dino.a(CyFlash.o)
 .debug_ranges  0x00000760       0x70 .\CortexM3\ARM_GCC_541\Debug\project_dino.a(CySpc.o)

.comment        0x00000000       0x6e
 .comment       0x00000000       0x6e .\CortexM3\ARM_GCC_541\Debug\main.o
                                 0x6f (size before relaxing)
 .comment       0x0000006e       0x6f .\CortexM3\ARM_GCC_541\Debug\cyfitter_cfg.o
 .comment       0x0000006e       0x6f .\CortexM3\ARM_GCC_541\Debug\cymetadata.o
 .comment       0x0000006e       0x6f .\CortexM3\ARM_GCC_541\Debug\Cm3Start.o
 .comment       0x0000006e       0x6f .\CortexM3\ARM_GCC_541\Debug\project_dino.a(CyLib.o)
 .comment       0x0000006e       0x6f .\CortexM3\ARM_GCC_541\Debug\project_dino.a(cyPm.o)
 .comment       0x0000006e       0x6f .\CortexM3\ARM_GCC_541\Debug\project_dino.a(ADC_DelSig_1.o)
 .comment       0x0000006e       0x6f .\CortexM3\ARM_GCC_541\Debug\project_dino.a(ADC_DelSig_1_INT.o)
 .comment       0x0000006e       0x6f .\CortexM3\ARM_GCC_541\Debug\project_dino.a(ADC_DelSig_1_Ext_CP_Clk.o)
 .comment       0x0000006e       0x6f .\CortexM3\ARM_GCC_541\Debug\project_dino.a(ADC_DelSig_1_theACLK.o)
 .comment       0x0000006e       0x6f .\CortexM3\ARM_GCC_541\Debug\project_dino.a(LCD_Char_1.o)
 .comment       0x0000006e       0x6f .\CortexM3\ARM_GCC_541\Debug\project_dino.a(ADC_DelSig_1_AMux.o)
 .comment       0x0000006e       0x6f .\CortexM3\ARM_GCC_541\Debug\project_dino.a(PWM_1.o)
 .comment       0x0000006e       0x6f .\CortexM3\ARM_GCC_541\Debug\project_dino.a(CyFlash.o)
 .comment       0x0000006e       0x6f .\CortexM3\ARM_GCC_541\Debug\project_dino.a(CySpc.o)

.debug_weaknames
 *(.debug_weaknames)

.debug_funcnames
 *(.debug_funcnames)

.debug_typenames
 *(.debug_typenames)

.debug_varnames
 *(.debug_varnames)

.note.gnu.arm.ident
 *(.note.gnu.arm.ident)

.ARM.attributes
                0x00000000       0x29
 *(.ARM.attributes)
 .ARM.attributes
                0x00000000       0x1d c:/program files (x86)/cypress/psoc creator/4.4/psoc creator/import/gnu/arm/5.4.1/bin/../lib/gcc/arm-none-eabi/5.4.1/armv7-m/crti.o
 .ARM.attributes
                0x0000001d       0x2d c:/program files (x86)/cypress/psoc creator/4.4/psoc creator/import/gnu/arm/5.4.1/bin/../lib/gcc/arm-none-eabi/5.4.1/armv7-m/crtbegin.o
 .ARM.attributes
                0x0000004a       0x1b c:/program files (x86)/cypress/psoc creator/4.4/psoc creator/import/gnu/arm/5.4.1/bin/../lib/gcc/arm-none-eabi/5.4.1/../../../../arm-none-eabi/lib/armv7-m/crt0.o
 .ARM.attributes
                0x00000065       0x33 .\CortexM3\ARM_GCC_541\Debug\main.o
 .ARM.attributes
                0x00000098       0x33 .\CortexM3\ARM_GCC_541\Debug\cyfitter_cfg.o
 .ARM.attributes
                0x000000cb       0x33 .\CortexM3\ARM_GCC_541\Debug\cymetadata.o
 .ARM.attributes
                0x000000fe       0x33 .\CortexM3\ARM_GCC_541\Debug\Cm3Start.o
 .ARM.attributes
                0x00000131       0x33 .\CortexM3\ARM_GCC_541\Debug\project_dino.a(CyLib.o)
 .ARM.attributes
                0x00000164       0x33 .\CortexM3\ARM_GCC_541\Debug\project_dino.a(cyPm.o)
 .ARM.attributes
                0x00000197       0x33 .\CortexM3\ARM_GCC_541\Debug\project_dino.a(ADC_DelSig_1.o)
 .ARM.attributes
                0x000001ca       0x33 .\CortexM3\ARM_GCC_541\Debug\project_dino.a(ADC_DelSig_1_INT.o)
 .ARM.attributes
                0x000001fd       0x33 .\CortexM3\ARM_GCC_541\Debug\project_dino.a(ADC_DelSig_1_Ext_CP_Clk.o)
 .ARM.attributes
                0x00000230       0x33 .\CortexM3\ARM_GCC_541\Debug\project_dino.a(ADC_DelSig_1_theACLK.o)
 .ARM.attributes
                0x00000263       0x33 .\CortexM3\ARM_GCC_541\Debug\project_dino.a(LCD_Char_1.o)
 .ARM.attributes
                0x00000296       0x33 .\CortexM3\ARM_GCC_541\Debug\project_dino.a(ADC_DelSig_1_AMux.o)
 .ARM.attributes
                0x000002c9       0x33 .\CortexM3\ARM_GCC_541\Debug\project_dino.a(PWM_1.o)
 .ARM.attributes
                0x000002fc       0x21 .\CortexM3\ARM_GCC_541\Debug\project_dino.a(CyBootAsmGnu.o)
 .ARM.attributes
                0x0000031d       0x33 .\CortexM3\ARM_GCC_541\Debug\project_dino.a(CyFlash.o)
 .ARM.attributes
                0x00000350       0x33 .\CortexM3\ARM_GCC_541\Debug\project_dino.a(CySpc.o)
 .ARM.attributes
                0x00000383       0x1d c:/program files (x86)/cypress/psoc creator/4.4/psoc creator/import/gnu/arm/5.4.1/bin/../lib/gcc/arm-none-eabi/5.4.1/armv7-m\libgcc.a(_arm_addsubdf3.o)
 .ARM.attributes
                0x000003a0       0x1d c:/program files (x86)/cypress/psoc creator/4.4/psoc creator/import/gnu/arm/5.4.1/bin/../lib/gcc/arm-none-eabi/5.4.1/armv7-m\libgcc.a(_arm_cmpdf2.o)
 .ARM.attributes
                0x000003bd       0x1d c:/program files (x86)/cypress/psoc creator/4.4/psoc creator/import/gnu/arm/5.4.1/bin/../lib/gcc/arm-none-eabi/5.4.1/armv7-m\libgcc.a(_arm_addsubsf3.o)
 .ARM.attributes
                0x000003da       0x1d c:/program files (x86)/cypress/psoc creator/4.4/psoc creator/import/gnu/arm/5.4.1/bin/../lib/gcc/arm-none-eabi/5.4.1/armv7-m\libgcc.a(_arm_muldivsf3.o)
 .ARM.attributes
                0x000003f7       0x1d c:/program files (x86)/cypress/psoc creator/4.4/psoc creator/import/gnu/arm/5.4.1/bin/../lib/gcc/arm-none-eabi/5.4.1/armv7-m\libgcc.a(_arm_fixunssfsi.o)
 .ARM.attributes
                0x00000414       0x2d c:/program files (x86)/cypress/psoc creator/4.4/psoc creator/import/gnu/arm/5.4.1/bin/../lib/gcc/arm-none-eabi/5.4.1/../../../../arm-none-eabi/lib/armv7-m\libg_nano.a(lib_a-errno.o)
 .ARM.attributes
                0x00000441       0x2d c:/program files (x86)/cypress/psoc creator/4.4/psoc creator/import/gnu/arm/5.4.1/bin/../lib/gcc/arm-none-eabi/5.4.1/../../../../arm-none-eabi/lib/armv7-m\libg_nano.a(lib_a-exit.o)
 .ARM.attributes
                0x0000046e       0x2d c:/program files (x86)/cypress/psoc creator/4.4/psoc creator/import/gnu/arm/5.4.1/bin/../lib/gcc/arm-none-eabi/5.4.1/../../../../arm-none-eabi/lib/armv7-m\libg_nano.a(lib_a-impure.o)
 .ARM.attributes
                0x0000049b       0x2d c:/program files (x86)/cypress/psoc creator/4.4/psoc creator/import/gnu/arm/5.4.1/bin/../lib/gcc/arm-none-eabi/5.4.1/../../../../arm-none-eabi/lib/armv7-m\libg_nano.a(lib_a-init.o)
 .ARM.attributes
                0x000004c8       0x2d c:/program files (x86)/cypress/psoc creator/4.4/psoc creator/import/gnu/arm/5.4.1/bin/../lib/gcc/arm-none-eabi/5.4.1/../../../../arm-none-eabi/lib/armv7-m\libg_nano.a(lib_a-memcpy-stub.o)
 .ARM.attributes
                0x000004f5       0x2d c:/program files (x86)/cypress/psoc creator/4.4/psoc creator/import/gnu/arm/5.4.1/bin/../lib/gcc/arm-none-eabi/5.4.1/../../../../arm-none-eabi/lib/armv7-m\libg_nano.a(lib_a-memset.o)
 .ARM.attributes
                0x00000522       0x2d c:/program files (x86)/cypress/psoc creator/4.4/psoc creator/import/gnu/arm/5.4.1/bin/../lib/gcc/arm-none-eabi/5.4.1/armv7-m/crtend.o
 .ARM.attributes
                0x0000054f       0x1d c:/program files (x86)/cypress/psoc creator/4.4/psoc creator/import/gnu/arm/5.4.1/bin/../lib/gcc/arm-none-eabi/5.4.1/armv7-m/crtn.o

/DISCARD/
 *(.note.GNU-stack)
OUTPUT(C:\Users\Lab\Desktop\workspace_dino\project_dino.cydsn\CortexM3\ARM_GCC_541\Debug\project_dino.elf elf32-littlearm)
