ARM GAS  C:\Users\bourg\AppData\Local\Temp\ccgeEvSF.s 			page 1


   1              		.syntax unified
   2              		.cpu cortex-m3
   3              		.fpu softvfp
   4              		.eabi_attribute 20, 1
   5              		.eabi_attribute 21, 1
   6              		.eabi_attribute 23, 3
   7              		.eabi_attribute 24, 1
   8              		.eabi_attribute 25, 1
   9              		.eabi_attribute 26, 1
  10              		.eabi_attribute 30, 1
  11              		.eabi_attribute 34, 1
  12              		.eabi_attribute 18, 4
  13              		.thumb
  14              		.syntax unified
  15              		.file	"cyfitter_cfg.c"
  16              		.text
  17              	.Ltext0:
  18              		.cfi_sections	.debug_frame
  19              		.section	.text.CyClockStartupError,"ax",%progbits
  20              		.align	2
  21              		.thumb
  22              		.thumb_func
  23              		.type	CyClockStartupError, %function
  24              	CyClockStartupError:
  25              	.LFB3:
  26              		.file 1 "Generated_Source\\PSoC5\\cyfitter_cfg.c"
   1:Generated_Source\PSoC5/cyfitter_cfg.c **** 
   2:Generated_Source\PSoC5/cyfitter_cfg.c **** /*******************************************************************************
   3:Generated_Source\PSoC5/cyfitter_cfg.c **** * File Name: cyfitter_cfg.c
   4:Generated_Source\PSoC5/cyfitter_cfg.c **** * 
   5:Generated_Source\PSoC5/cyfitter_cfg.c **** * PSoC Creator  4.4
   6:Generated_Source\PSoC5/cyfitter_cfg.c **** *
   7:Generated_Source\PSoC5/cyfitter_cfg.c **** * Description:
   8:Generated_Source\PSoC5/cyfitter_cfg.c **** * This file contains device initialization code.
   9:Generated_Source\PSoC5/cyfitter_cfg.c **** * Except for the user defined sections in CyClockStartupError(), this file should not be modified.
  10:Generated_Source\PSoC5/cyfitter_cfg.c **** * This file is automatically generated by PSoC Creator.
  11:Generated_Source\PSoC5/cyfitter_cfg.c **** *
  12:Generated_Source\PSoC5/cyfitter_cfg.c **** ********************************************************************************
  13:Generated_Source\PSoC5/cyfitter_cfg.c **** * Copyright (c) 2007-2020 Cypress Semiconductor.  All rights reserved.
  14:Generated_Source\PSoC5/cyfitter_cfg.c **** * You may use this file only in accordance with the license, terms, conditions, 
  15:Generated_Source\PSoC5/cyfitter_cfg.c **** * disclaimers, and limitations in the end user license agreement accompanying 
  16:Generated_Source\PSoC5/cyfitter_cfg.c **** * the software package with which this file was provided.
  17:Generated_Source\PSoC5/cyfitter_cfg.c **** ********************************************************************************/
  18:Generated_Source\PSoC5/cyfitter_cfg.c **** 
  19:Generated_Source\PSoC5/cyfitter_cfg.c **** #include <string.h>
  20:Generated_Source\PSoC5/cyfitter_cfg.c **** #include "cytypes.h"
  21:Generated_Source\PSoC5/cyfitter_cfg.c **** #include "cydevice_trm.h"
  22:Generated_Source\PSoC5/cyfitter_cfg.c **** #include "cyfitter.h"
  23:Generated_Source\PSoC5/cyfitter_cfg.c **** #include "CyLib.h"
  24:Generated_Source\PSoC5/cyfitter_cfg.c **** #include "cyfitter_cfg.h"
  25:Generated_Source\PSoC5/cyfitter_cfg.c **** #include "cyapicallbacks.h"
  26:Generated_Source\PSoC5/cyfitter_cfg.c **** 
  27:Generated_Source\PSoC5/cyfitter_cfg.c **** #define CY_NEED_CYCLOCKSTARTUPERROR 1
  28:Generated_Source\PSoC5/cyfitter_cfg.c **** 
  29:Generated_Source\PSoC5/cyfitter_cfg.c **** 
  30:Generated_Source\PSoC5/cyfitter_cfg.c **** #if defined(__GNUC__) || defined(__ARMCC_VERSION)
  31:Generated_Source\PSoC5/cyfitter_cfg.c ****     #define CYPACKED 
ARM GAS  C:\Users\bourg\AppData\Local\Temp\ccgeEvSF.s 			page 2


  32:Generated_Source\PSoC5/cyfitter_cfg.c ****     #define CYPACKED_ATTR __attribute__ ((packed))
  33:Generated_Source\PSoC5/cyfitter_cfg.c ****     #define CYALIGNED __attribute__ ((aligned))
  34:Generated_Source\PSoC5/cyfitter_cfg.c ****     #define CY_CFG_UNUSED __attribute__ ((unused))
  35:Generated_Source\PSoC5/cyfitter_cfg.c ****     #ifndef CY_CFG_SECTION
  36:Generated_Source\PSoC5/cyfitter_cfg.c ****         #define CY_CFG_SECTION __attribute__ ((section(".psocinit")))
  37:Generated_Source\PSoC5/cyfitter_cfg.c ****     #endif
  38:Generated_Source\PSoC5/cyfitter_cfg.c ****     
  39:Generated_Source\PSoC5/cyfitter_cfg.c ****     #if defined(__ARMCC_VERSION)
  40:Generated_Source\PSoC5/cyfitter_cfg.c ****         #define CY_CFG_MEMORY_BARRIER() __memory_changed()
  41:Generated_Source\PSoC5/cyfitter_cfg.c ****     #else
  42:Generated_Source\PSoC5/cyfitter_cfg.c ****         #define CY_CFG_MEMORY_BARRIER() __sync_synchronize()
  43:Generated_Source\PSoC5/cyfitter_cfg.c ****     #endif
  44:Generated_Source\PSoC5/cyfitter_cfg.c ****     
  45:Generated_Source\PSoC5/cyfitter_cfg.c **** #elif defined(__ICCARM__)
  46:Generated_Source\PSoC5/cyfitter_cfg.c ****     #include <intrinsics.h>
  47:Generated_Source\PSoC5/cyfitter_cfg.c **** 
  48:Generated_Source\PSoC5/cyfitter_cfg.c ****     #define CYPACKED __packed
  49:Generated_Source\PSoC5/cyfitter_cfg.c ****     #define CYPACKED_ATTR 
  50:Generated_Source\PSoC5/cyfitter_cfg.c ****     #define CYALIGNED _Pragma("data_alignment=4")
  51:Generated_Source\PSoC5/cyfitter_cfg.c ****     #define CY_CFG_UNUSED _Pragma("diag_suppress=Pe177")
  52:Generated_Source\PSoC5/cyfitter_cfg.c ****     #define CY_CFG_SECTION _Pragma("location=\".psocinit\"")
  53:Generated_Source\PSoC5/cyfitter_cfg.c ****     
  54:Generated_Source\PSoC5/cyfitter_cfg.c ****     #define CY_CFG_MEMORY_BARRIER() __DMB()
  55:Generated_Source\PSoC5/cyfitter_cfg.c ****     
  56:Generated_Source\PSoC5/cyfitter_cfg.c **** #else
  57:Generated_Source\PSoC5/cyfitter_cfg.c ****     #error Unsupported toolchain
  58:Generated_Source\PSoC5/cyfitter_cfg.c **** #endif
  59:Generated_Source\PSoC5/cyfitter_cfg.c **** 
  60:Generated_Source\PSoC5/cyfitter_cfg.c **** #ifndef CYCODE
  61:Generated_Source\PSoC5/cyfitter_cfg.c ****     #define CYCODE
  62:Generated_Source\PSoC5/cyfitter_cfg.c **** #endif
  63:Generated_Source\PSoC5/cyfitter_cfg.c **** #ifndef CYDATA
  64:Generated_Source\PSoC5/cyfitter_cfg.c ****     #define CYDATA
  65:Generated_Source\PSoC5/cyfitter_cfg.c **** #endif
  66:Generated_Source\PSoC5/cyfitter_cfg.c **** #ifndef CYFAR
  67:Generated_Source\PSoC5/cyfitter_cfg.c ****     #define CYFAR
  68:Generated_Source\PSoC5/cyfitter_cfg.c **** #endif
  69:Generated_Source\PSoC5/cyfitter_cfg.c **** #ifndef CYXDATA
  70:Generated_Source\PSoC5/cyfitter_cfg.c ****     #define CYXDATA
  71:Generated_Source\PSoC5/cyfitter_cfg.c **** #endif
  72:Generated_Source\PSoC5/cyfitter_cfg.c **** 
  73:Generated_Source\PSoC5/cyfitter_cfg.c **** 
  74:Generated_Source\PSoC5/cyfitter_cfg.c **** CY_CFG_UNUSED
  75:Generated_Source\PSoC5/cyfitter_cfg.c **** static void CYMEMZERO(void *s, size_t n);
  76:Generated_Source\PSoC5/cyfitter_cfg.c **** CY_CFG_UNUSED
  77:Generated_Source\PSoC5/cyfitter_cfg.c **** static void CYMEMZERO(void *s, size_t n)
  78:Generated_Source\PSoC5/cyfitter_cfg.c **** {
  79:Generated_Source\PSoC5/cyfitter_cfg.c **** 	(void)memset(s, 0, n);
  80:Generated_Source\PSoC5/cyfitter_cfg.c **** }
  81:Generated_Source\PSoC5/cyfitter_cfg.c **** CY_CFG_UNUSED
  82:Generated_Source\PSoC5/cyfitter_cfg.c **** static void CYCONFIGCPY(void *dest, const void *src, size_t n);
  83:Generated_Source\PSoC5/cyfitter_cfg.c **** CY_CFG_UNUSED
  84:Generated_Source\PSoC5/cyfitter_cfg.c **** static void CYCONFIGCPY(void *dest, const void *src, size_t n)
  85:Generated_Source\PSoC5/cyfitter_cfg.c **** {
  86:Generated_Source\PSoC5/cyfitter_cfg.c **** 	(void)memcpy(dest, src, n);
  87:Generated_Source\PSoC5/cyfitter_cfg.c **** }
  88:Generated_Source\PSoC5/cyfitter_cfg.c **** CY_CFG_UNUSED
ARM GAS  C:\Users\bourg\AppData\Local\Temp\ccgeEvSF.s 			page 3


  89:Generated_Source\PSoC5/cyfitter_cfg.c **** static void CYCONFIGCPYCODE(void *dest, const void *src, size_t n);
  90:Generated_Source\PSoC5/cyfitter_cfg.c **** CY_CFG_UNUSED
  91:Generated_Source\PSoC5/cyfitter_cfg.c **** static void CYCONFIGCPYCODE(void *dest, const void *src, size_t n)
  92:Generated_Source\PSoC5/cyfitter_cfg.c **** {
  93:Generated_Source\PSoC5/cyfitter_cfg.c **** 	(void)memcpy(dest, src, n);
  94:Generated_Source\PSoC5/cyfitter_cfg.c **** }
  95:Generated_Source\PSoC5/cyfitter_cfg.c **** 
  96:Generated_Source\PSoC5/cyfitter_cfg.c **** 
  97:Generated_Source\PSoC5/cyfitter_cfg.c **** 
  98:Generated_Source\PSoC5/cyfitter_cfg.c **** 
  99:Generated_Source\PSoC5/cyfitter_cfg.c **** /* Clock startup error codes                                                   */
 100:Generated_Source\PSoC5/cyfitter_cfg.c **** #define CYCLOCKSTART_NO_ERROR    0u
 101:Generated_Source\PSoC5/cyfitter_cfg.c **** #define CYCLOCKSTART_XTAL_ERROR  1u
 102:Generated_Source\PSoC5/cyfitter_cfg.c **** #define CYCLOCKSTART_32KHZ_ERROR 2u
 103:Generated_Source\PSoC5/cyfitter_cfg.c **** #define CYCLOCKSTART_PLL_ERROR   3u
 104:Generated_Source\PSoC5/cyfitter_cfg.c **** #define CYCLOCKSTART_FLL_ERROR   4u
 105:Generated_Source\PSoC5/cyfitter_cfg.c **** #define CYCLOCKSTART_WCO_ERROR   5u
 106:Generated_Source\PSoC5/cyfitter_cfg.c **** 
 107:Generated_Source\PSoC5/cyfitter_cfg.c **** 
 108:Generated_Source\PSoC5/cyfitter_cfg.c **** #ifdef CY_NEED_CYCLOCKSTARTUPERROR
 109:Generated_Source\PSoC5/cyfitter_cfg.c **** /*******************************************************************************
 110:Generated_Source\PSoC5/cyfitter_cfg.c **** * Function Name: CyClockStartupError
 111:Generated_Source\PSoC5/cyfitter_cfg.c **** ********************************************************************************
 112:Generated_Source\PSoC5/cyfitter_cfg.c **** * Summary:
 113:Generated_Source\PSoC5/cyfitter_cfg.c **** *  If an error is encountered during clock configuration (crystal startup error,
 114:Generated_Source\PSoC5/cyfitter_cfg.c **** *  PLL lock error, etc.), the system will end up here.  Unless reimplemented by
 115:Generated_Source\PSoC5/cyfitter_cfg.c **** *  the customer, this function will stop in an infinite loop.
 116:Generated_Source\PSoC5/cyfitter_cfg.c **** *
 117:Generated_Source\PSoC5/cyfitter_cfg.c **** * Parameters:
 118:Generated_Source\PSoC5/cyfitter_cfg.c **** *   void
 119:Generated_Source\PSoC5/cyfitter_cfg.c **** *
 120:Generated_Source\PSoC5/cyfitter_cfg.c **** * Return:
 121:Generated_Source\PSoC5/cyfitter_cfg.c **** *   void
 122:Generated_Source\PSoC5/cyfitter_cfg.c **** *
 123:Generated_Source\PSoC5/cyfitter_cfg.c **** *******************************************************************************/
 124:Generated_Source\PSoC5/cyfitter_cfg.c **** CY_CFG_UNUSED
 125:Generated_Source\PSoC5/cyfitter_cfg.c **** static void CyClockStartupError(uint8 errorCode);
 126:Generated_Source\PSoC5/cyfitter_cfg.c **** CY_CFG_UNUSED
 127:Generated_Source\PSoC5/cyfitter_cfg.c **** static void CyClockStartupError(uint8 errorCode)
 128:Generated_Source\PSoC5/cyfitter_cfg.c **** {
  27              		.loc 1 128 0
  28              		.cfi_startproc
  29              		@ Volatile: function does not return.
  30              		@ args = 0, pretend = 0, frame = 0
  31              		@ frame_needed = 0, uses_anonymous_args = 0
  32              		@ link register save eliminated.
  33              	.LVL0:
  34              	.L2:
  35 0000 FEE7     		b	.L2
  36              		.cfi_endproc
  37              	.LFE3:
  38              		.size	CyClockStartupError, .-CyClockStartupError
  39 0002 00BF     		.section	.text.AnalogSetDefault,"ax",%progbits
  40              		.align	2
  41              		.thumb
  42              		.thumb_func
  43              		.type	AnalogSetDefault, %function
ARM GAS  C:\Users\bourg\AppData\Local\Temp\ccgeEvSF.s 			page 4


  44              	AnalogSetDefault:
  45              	.LFB5:
 129:Generated_Source\PSoC5/cyfitter_cfg.c ****     /* To remove the compiler warning if errorCode not used.                */
 130:Generated_Source\PSoC5/cyfitter_cfg.c ****     errorCode = errorCode;
 131:Generated_Source\PSoC5/cyfitter_cfg.c **** 
 132:Generated_Source\PSoC5/cyfitter_cfg.c ****     /* If we have a clock startup error (bad MHz crystal, PLL lock, etc.),  */
 133:Generated_Source\PSoC5/cyfitter_cfg.c ****     /* we will end up here to allow the customer to implement something to  */
 134:Generated_Source\PSoC5/cyfitter_cfg.c ****     /* deal with the clock condition.                                       */
 135:Generated_Source\PSoC5/cyfitter_cfg.c **** 
 136:Generated_Source\PSoC5/cyfitter_cfg.c **** #ifdef CY_CFG_CLOCK_STARTUP_ERROR_CALLBACK
 137:Generated_Source\PSoC5/cyfitter_cfg.c ****     CY_CFG_Clock_Startup_ErrorCallback();
 138:Generated_Source\PSoC5/cyfitter_cfg.c **** #else
 139:Generated_Source\PSoC5/cyfitter_cfg.c ****     /*  If not using CY_CFG_CLOCK_STARTUP_ERROR_CALLBACK, place your clock startup code here. */
 140:Generated_Source\PSoC5/cyfitter_cfg.c ****     /* `#START CyClockStartupError` */
 141:Generated_Source\PSoC5/cyfitter_cfg.c **** 
 142:Generated_Source\PSoC5/cyfitter_cfg.c **** 
 143:Generated_Source\PSoC5/cyfitter_cfg.c **** 
 144:Generated_Source\PSoC5/cyfitter_cfg.c ****     /* `#END` */
 145:Generated_Source\PSoC5/cyfitter_cfg.c **** 
 146:Generated_Source\PSoC5/cyfitter_cfg.c ****     while(1) {}
 147:Generated_Source\PSoC5/cyfitter_cfg.c **** #endif /* CY_CFG_CLOCK_STARTUP_ERROR_CALLBACK */
 148:Generated_Source\PSoC5/cyfitter_cfg.c **** }
 149:Generated_Source\PSoC5/cyfitter_cfg.c **** #endif
 150:Generated_Source\PSoC5/cyfitter_cfg.c **** 
 151:Generated_Source\PSoC5/cyfitter_cfg.c **** /* IOPINS0_0 Address: CYREG_PRT0_DM0 Size (bytes): 8 */
 152:Generated_Source\PSoC5/cyfitter_cfg.c **** #define BS_IOPINS0_0_VAL ((const uint8 CYFAR *)0x48000000u)
 153:Generated_Source\PSoC5/cyfitter_cfg.c **** 
 154:Generated_Source\PSoC5/cyfitter_cfg.c **** /* IOPINS0_7 Address: CYREG_PRT12_DM0 Size (bytes): 8 */
 155:Generated_Source\PSoC5/cyfitter_cfg.c **** #define BS_IOPINS0_7_VAL ((const uint8 CYFAR *)0x48000008u)
 156:Generated_Source\PSoC5/cyfitter_cfg.c **** 
 157:Generated_Source\PSoC5/cyfitter_cfg.c **** /* IOPINS0_8 Address: CYREG_PRT15_DR Size (bytes): 10 */
 158:Generated_Source\PSoC5/cyfitter_cfg.c **** #define BS_IOPINS0_8_VAL ((const uint8 CYFAR *)0x48000010u)
 159:Generated_Source\PSoC5/cyfitter_cfg.c **** 
 160:Generated_Source\PSoC5/cyfitter_cfg.c **** /* IOPINS0_1 Address: CYREG_PRT1_DM0 Size (bytes): 8 */
 161:Generated_Source\PSoC5/cyfitter_cfg.c **** #define BS_IOPINS0_1_VAL ((const uint8 CYFAR *)0x4800001Cu)
 162:Generated_Source\PSoC5/cyfitter_cfg.c **** 
 163:Generated_Source\PSoC5/cyfitter_cfg.c **** /* IOPINS0_2 Address: CYREG_PRT2_DM0 Size (bytes): 8 */
 164:Generated_Source\PSoC5/cyfitter_cfg.c **** #define BS_IOPINS0_2_VAL ((const uint8 CYFAR *)0x48000024u)
 165:Generated_Source\PSoC5/cyfitter_cfg.c **** 
 166:Generated_Source\PSoC5/cyfitter_cfg.c **** /* IOPINS0_3 Address: CYREG_PRT3_DR Size (bytes): 10 */
 167:Generated_Source\PSoC5/cyfitter_cfg.c **** #define BS_IOPINS0_3_VAL ((const uint8 CYFAR *)0x4800002Cu)
 168:Generated_Source\PSoC5/cyfitter_cfg.c **** 
 169:Generated_Source\PSoC5/cyfitter_cfg.c **** 
 170:Generated_Source\PSoC5/cyfitter_cfg.c **** /*******************************************************************************
 171:Generated_Source\PSoC5/cyfitter_cfg.c **** * Function Name: ClockSetup
 172:Generated_Source\PSoC5/cyfitter_cfg.c **** ********************************************************************************
 173:Generated_Source\PSoC5/cyfitter_cfg.c **** *
 174:Generated_Source\PSoC5/cyfitter_cfg.c **** * Summary:
 175:Generated_Source\PSoC5/cyfitter_cfg.c **** *  Performs the initialization of all of the clocks in the device based on the
 176:Generated_Source\PSoC5/cyfitter_cfg.c **** *  settings in the Clock tab of the DWR.  This includes enabling the requested
 177:Generated_Source\PSoC5/cyfitter_cfg.c **** *  clocks and setting the necessary dividers to produce the desired frequency. 
 178:Generated_Source\PSoC5/cyfitter_cfg.c **** *
 179:Generated_Source\PSoC5/cyfitter_cfg.c **** * Parameters:
 180:Generated_Source\PSoC5/cyfitter_cfg.c **** *  void
 181:Generated_Source\PSoC5/cyfitter_cfg.c **** *
 182:Generated_Source\PSoC5/cyfitter_cfg.c **** * Return:
 183:Generated_Source\PSoC5/cyfitter_cfg.c **** *  void
ARM GAS  C:\Users\bourg\AppData\Local\Temp\ccgeEvSF.s 			page 5


 184:Generated_Source\PSoC5/cyfitter_cfg.c **** *
 185:Generated_Source\PSoC5/cyfitter_cfg.c **** *******************************************************************************/
 186:Generated_Source\PSoC5/cyfitter_cfg.c **** static void ClockSetup(void);
 187:Generated_Source\PSoC5/cyfitter_cfg.c **** static void ClockSetup(void)
 188:Generated_Source\PSoC5/cyfitter_cfg.c **** {
 189:Generated_Source\PSoC5/cyfitter_cfg.c **** 	uint32 timeout;
 190:Generated_Source\PSoC5/cyfitter_cfg.c **** 	uint8 pllLock;
 191:Generated_Source\PSoC5/cyfitter_cfg.c **** 
 192:Generated_Source\PSoC5/cyfitter_cfg.c **** 
 193:Generated_Source\PSoC5/cyfitter_cfg.c **** 	/* Configure ILO based on settings from Clock DWR */
 194:Generated_Source\PSoC5/cyfitter_cfg.c **** 	CY_SET_XTND_REG8((void CYFAR *)(CYREG_SLOWCLK_ILO_CR0), 0x02u);
 195:Generated_Source\PSoC5/cyfitter_cfg.c **** 	CY_SET_XTND_REG8((void CYFAR *)(CYREG_CLKDIST_CR), 0x08u);
 196:Generated_Source\PSoC5/cyfitter_cfg.c **** 
 197:Generated_Source\PSoC5/cyfitter_cfg.c **** 	/* Configure IMO based on settings from Clock DWR */
 198:Generated_Source\PSoC5/cyfitter_cfg.c **** 	CY_SET_XTND_REG8((void CYFAR *)(CYREG_FASTCLK_IMO_CR), 0x03u);
 199:Generated_Source\PSoC5/cyfitter_cfg.c **** 	CY_SET_XTND_REG8((void CYFAR *)(CYREG_IMO_TR1), (CY_GET_XTND_REG8((void CYFAR *)CYREG_FLSHID_CUST_
 200:Generated_Source\PSoC5/cyfitter_cfg.c **** 
 201:Generated_Source\PSoC5/cyfitter_cfg.c **** 	/* Configure PLL based on settings from Clock DWR */
 202:Generated_Source\PSoC5/cyfitter_cfg.c **** 	CY_SET_XTND_REG16((void CYFAR *)(CYREG_FASTCLK_PLL_P), 0x0008u);
 203:Generated_Source\PSoC5/cyfitter_cfg.c **** 	CY_SET_XTND_REG16((void CYFAR *)(CYREG_FASTCLK_PLL_CFG0), 0x1251u);
 204:Generated_Source\PSoC5/cyfitter_cfg.c **** 	/* Wait up to 250us for the PLL to lock */
 205:Generated_Source\PSoC5/cyfitter_cfg.c **** 	pllLock = 0u;
 206:Generated_Source\PSoC5/cyfitter_cfg.c **** 	for (timeout = 250u / 10u; (timeout > 0u) && (pllLock != 0x03u); timeout--)
 207:Generated_Source\PSoC5/cyfitter_cfg.c **** 	{ 
 208:Generated_Source\PSoC5/cyfitter_cfg.c **** 		pllLock = 0x03u & ((uint8)((uint8)pllLock << 1) | ((CY_GET_XTND_REG8((void CYFAR *)CYREG_FASTCLK_
 209:Generated_Source\PSoC5/cyfitter_cfg.c **** 		CyDelayCycles(10u * 48u); /* Delay 10us based on 48MHz clock */
 210:Generated_Source\PSoC5/cyfitter_cfg.c **** 	}
 211:Generated_Source\PSoC5/cyfitter_cfg.c **** 	/* If we ran out of time the PLL didn't lock so go to the error function */
 212:Generated_Source\PSoC5/cyfitter_cfg.c **** 	if (timeout == 0u)
 213:Generated_Source\PSoC5/cyfitter_cfg.c **** 	{
 214:Generated_Source\PSoC5/cyfitter_cfg.c **** 		CyClockStartupError(CYCLOCKSTART_PLL_ERROR);
 215:Generated_Source\PSoC5/cyfitter_cfg.c **** 	}
 216:Generated_Source\PSoC5/cyfitter_cfg.c **** 
 217:Generated_Source\PSoC5/cyfitter_cfg.c **** 	/* Configure Bus/Master Clock based on settings from Clock DWR */
 218:Generated_Source\PSoC5/cyfitter_cfg.c **** 	CY_SET_XTND_REG16((void CYFAR *)(CYREG_CLKDIST_MSTR0), 0x0100u);
 219:Generated_Source\PSoC5/cyfitter_cfg.c **** 	CY_SET_XTND_REG8((void CYFAR *)(CYREG_CLKDIST_MSTR0), 0x07u);
 220:Generated_Source\PSoC5/cyfitter_cfg.c **** 	CY_SET_XTND_REG8((void CYFAR *)(CYREG_CLKDIST_BCFG0), 0x00u);
 221:Generated_Source\PSoC5/cyfitter_cfg.c **** 	CY_SET_XTND_REG8((void CYFAR *)(CYREG_CLKDIST_BCFG2), 0x48u);
 222:Generated_Source\PSoC5/cyfitter_cfg.c **** 	CY_SET_XTND_REG8((void CYFAR *)(CYREG_CLKDIST_MSTR0), 0x00u);
 223:Generated_Source\PSoC5/cyfitter_cfg.c **** 	CY_SET_XTND_REG8((void CYFAR *)(CYREG_CLKDIST_LD), 0x02u);
 224:Generated_Source\PSoC5/cyfitter_cfg.c **** }
 225:Generated_Source\PSoC5/cyfitter_cfg.c **** 
 226:Generated_Source\PSoC5/cyfitter_cfg.c **** 
 227:Generated_Source\PSoC5/cyfitter_cfg.c **** /* Analog API Functions */
 228:Generated_Source\PSoC5/cyfitter_cfg.c **** 
 229:Generated_Source\PSoC5/cyfitter_cfg.c **** 
 230:Generated_Source\PSoC5/cyfitter_cfg.c **** /*******************************************************************************
 231:Generated_Source\PSoC5/cyfitter_cfg.c **** * Function Name: AnalogSetDefault
 232:Generated_Source\PSoC5/cyfitter_cfg.c **** ********************************************************************************
 233:Generated_Source\PSoC5/cyfitter_cfg.c **** *
 234:Generated_Source\PSoC5/cyfitter_cfg.c **** * Summary:
 235:Generated_Source\PSoC5/cyfitter_cfg.c **** *  Sets up the analog portions of the chip to default values based on chip
 236:Generated_Source\PSoC5/cyfitter_cfg.c **** *  configuration options from the project.
 237:Generated_Source\PSoC5/cyfitter_cfg.c **** *
 238:Generated_Source\PSoC5/cyfitter_cfg.c **** * Parameters:
 239:Generated_Source\PSoC5/cyfitter_cfg.c **** *  void
 240:Generated_Source\PSoC5/cyfitter_cfg.c **** *
ARM GAS  C:\Users\bourg\AppData\Local\Temp\ccgeEvSF.s 			page 6


 241:Generated_Source\PSoC5/cyfitter_cfg.c **** * Return:
 242:Generated_Source\PSoC5/cyfitter_cfg.c **** *  void
 243:Generated_Source\PSoC5/cyfitter_cfg.c **** *
 244:Generated_Source\PSoC5/cyfitter_cfg.c **** *******************************************************************************/
 245:Generated_Source\PSoC5/cyfitter_cfg.c **** static void AnalogSetDefault(void);
 246:Generated_Source\PSoC5/cyfitter_cfg.c **** static void AnalogSetDefault(void)
 247:Generated_Source\PSoC5/cyfitter_cfg.c **** {
  46              		.loc 1 247 0
  47              		.cfi_startproc
  48              		@ args = 0, pretend = 0, frame = 0
  49              		@ frame_needed = 0, uses_anonymous_args = 0
  50              		@ link register save eliminated.
 248:Generated_Source\PSoC5/cyfitter_cfg.c **** 	uint8 bg_xover_inl_trim = CY_GET_XTND_REG8((void CYFAR *)(CYREG_FLSHID_MFG_CFG_BG_XOVER_INL_TRIM +
  51              		.loc 1 248 0
  52 0000 064B     		ldr	r3, .L4
  53 0002 1B78     		ldrb	r3, [r3]	@ zero_extendqisi2
  54 0004 DBB2     		uxtb	r3, r3
  55              	.LVL1:
 249:Generated_Source\PSoC5/cyfitter_cfg.c **** 	CY_SET_XTND_REG8((void CYFAR *)(CYREG_BG_DFT0), (bg_xover_inl_trim & 0x07u));
  56              		.loc 1 249 0
  57 0006 03F00701 		and	r1, r3, #7
  58 000a 054A     		ldr	r2, .L4+4
  59 000c 1170     		strb	r1, [r2]
 250:Generated_Source\PSoC5/cyfitter_cfg.c **** 	CY_SET_XTND_REG8((void CYFAR *)(CYREG_BG_DFT1), ((bg_xover_inl_trim >> 4) & 0x0Fu));
  60              		.loc 1 250 0
  61 000e 1B09     		lsrs	r3, r3, #4
  62              	.LVL2:
  63 0010 0132     		adds	r2, r2, #1
  64 0012 1370     		strb	r3, [r2]
 251:Generated_Source\PSoC5/cyfitter_cfg.c **** 	CY_SET_XTND_REG8((void CYFAR *)CYREG_PUMP_CR0, 0x44u);
  65              		.loc 1 251 0
  66 0014 4422     		movs	r2, #68
  67 0016 034B     		ldr	r3, .L4+8
  68 0018 1A70     		strb	r2, [r3]
  69 001a 7047     		bx	lr
  70              	.L5:
  71              		.align	2
  72              	.L4:
  73 001c CF010049 		.word	1224737231
  74 0020 6E580040 		.word	1073764462
  75 0024 76580040 		.word	1073764470
  76              		.cfi_endproc
  77              	.LFE5:
  78              		.size	AnalogSetDefault, .-AnalogSetDefault
  79              		.section	.text.CYMEMZERO,"ax",%progbits
  80              		.align	2
  81              		.thumb
  82              		.thumb_func
  83              		.type	CYMEMZERO, %function
  84              	CYMEMZERO:
  85              	.LFB0:
  78:Generated_Source\PSoC5/cyfitter_cfg.c **** 	(void)memset(s, 0, n);
  86              		.loc 1 78 0
  87              		.cfi_startproc
  88              		@ args = 0, pretend = 0, frame = 0
  89              		@ frame_needed = 0, uses_anonymous_args = 0
  90              	.LVL3:
ARM GAS  C:\Users\bourg\AppData\Local\Temp\ccgeEvSF.s 			page 7


  91 0000 08B5     		push	{r3, lr}
  92              		.cfi_def_cfa_offset 8
  93              		.cfi_offset 3, -8
  94              		.cfi_offset 14, -4
  79:Generated_Source\PSoC5/cyfitter_cfg.c **** }
  95              		.loc 1 79 0
  96 0002 0A46     		mov	r2, r1
  97 0004 0021     		movs	r1, #0
  98              	.LVL4:
  99 0006 FFF7FEFF 		bl	memset
 100              	.LVL5:
 101 000a 08BD     		pop	{r3, pc}
 102              		.cfi_endproc
 103              	.LFE0:
 104              		.size	CYMEMZERO, .-CYMEMZERO
 105              		.section	.text.ClockSetup,"ax",%progbits
 106              		.align	2
 107              		.thumb
 108              		.thumb_func
 109              		.type	ClockSetup, %function
 110              	ClockSetup:
 111              	.LFB4:
 188:Generated_Source\PSoC5/cyfitter_cfg.c **** 	uint32 timeout;
 112              		.loc 1 188 0
 113              		.cfi_startproc
 114              		@ args = 0, pretend = 0, frame = 0
 115              		@ frame_needed = 0, uses_anonymous_args = 0
 116 0000 38B5     		push	{r3, r4, r5, lr}
 117              		.cfi_def_cfa_offset 16
 118              		.cfi_offset 3, -16
 119              		.cfi_offset 4, -12
 120              		.cfi_offset 5, -8
 121              		.cfi_offset 14, -4
 194:Generated_Source\PSoC5/cyfitter_cfg.c **** 	CY_SET_XTND_REG8((void CYFAR *)(CYREG_CLKDIST_CR), 0x08u);
 122              		.loc 1 194 0
 123 0002 0222     		movs	r2, #2
 124 0004 1E4B     		ldr	r3, .L14
 125 0006 1A70     		strb	r2, [r3]
 195:Generated_Source\PSoC5/cyfitter_cfg.c **** 
 126              		.loc 1 195 0
 127 0008 0822     		movs	r2, #8
 128 000a 4FF04023 		mov	r3, #1073758208
 129 000e 1A70     		strb	r2, [r3]
 198:Generated_Source\PSoC5/cyfitter_cfg.c **** 	CY_SET_XTND_REG8((void CYFAR *)(CYREG_IMO_TR1), (CY_GET_XTND_REG8((void CYFAR *)CYREG_FLSHID_CUST_
 130              		.loc 1 198 0
 131 0010 0321     		movs	r1, #3
 132 0012 03F50073 		add	r3, r3, #512
 133 0016 1970     		strb	r1, [r3]
 199:Generated_Source\PSoC5/cyfitter_cfg.c **** 
 134              		.loc 1 199 0
 135 0018 1A4B     		ldr	r3, .L14+4
 136 001a 1B78     		ldrb	r3, [r3]	@ zero_extendqisi2
 137 001c DBB2     		uxtb	r3, r3
 138 001e 1A49     		ldr	r1, .L14+8
 139 0020 0B70     		strb	r3, [r1]
 202:Generated_Source\PSoC5/cyfitter_cfg.c **** 	CY_SET_XTND_REG16((void CYFAR *)(CYREG_FASTCLK_PLL_CFG0), 0x1251u);
 140              		.loc 1 202 0
ARM GAS  C:\Users\bourg\AppData\Local\Temp\ccgeEvSF.s 			page 8


 141 0022 1A4B     		ldr	r3, .L14+12
 142 0024 1A80     		strh	r2, [r3]	@ movhi
 203:Generated_Source\PSoC5/cyfitter_cfg.c **** 	/* Wait up to 250us for the PLL to lock */
 143              		.loc 1 203 0
 144 0026 41F25122 		movw	r2, #4689
 145 002a 023B     		subs	r3, r3, #2
 146 002c 1A80     		strh	r2, [r3]	@ movhi
 147              	.LVL6:
 205:Generated_Source\PSoC5/cyfitter_cfg.c **** 	for (timeout = 250u / 10u; (timeout > 0u) && (pllLock != 0x03u); timeout--)
 148              		.loc 1 205 0
 149 002e 0024     		movs	r4, #0
 206:Generated_Source\PSoC5/cyfitter_cfg.c **** 	{ 
 150              		.loc 1 206 0
 151 0030 1925     		movs	r5, #25
 152 0032 0CE0     		b	.L9
 153              	.LVL7:
 154              	.L11:
 208:Generated_Source\PSoC5/cyfitter_cfg.c **** 		CyDelayCycles(10u * 48u); /* Delay 10us based on 48MHz clock */
 155              		.loc 1 208 0 discriminator 4
 156 0034 164B     		ldr	r3, .L14+16
 157 0036 1B78     		ldrb	r3, [r3]	@ zero_extendqisi2
 158 0038 03F00103 		and	r3, r3, #1
 159 003c 43EA4404 		orr	r4, r3, r4, lsl #1
 160              	.LVL8:
 161 0040 04F00304 		and	r4, r4, #3
 162              	.LVL9:
 209:Generated_Source\PSoC5/cyfitter_cfg.c **** 	}
 163              		.loc 1 209 0 discriminator 4
 164 0044 4FF4F070 		mov	r0, #480
 165 0048 FFF7FEFF 		bl	CyDelayCycles
 166              	.LVL10:
 206:Generated_Source\PSoC5/cyfitter_cfg.c **** 	{ 
 167              		.loc 1 206 0 discriminator 4
 168 004c 013D     		subs	r5, r5, #1
 169              	.LVL11:
 170              	.L9:
 206:Generated_Source\PSoC5/cyfitter_cfg.c **** 	{ 
 171              		.loc 1 206 0 is_stmt 0 discriminator 1
 172 004e 0DB1     		cbz	r5, .L10
 206:Generated_Source\PSoC5/cyfitter_cfg.c **** 	{ 
 173              		.loc 1 206 0 discriminator 3
 174 0050 032C     		cmp	r4, #3
 175 0052 EFD1     		bne	.L11
 176              	.L10:
 212:Generated_Source\PSoC5/cyfitter_cfg.c **** 	{
 177              		.loc 1 212 0 is_stmt 1
 178 0054 15B9     		cbnz	r5, .L12
 214:Generated_Source\PSoC5/cyfitter_cfg.c **** 	}
 179              		.loc 1 214 0
 180 0056 0320     		movs	r0, #3
 181 0058 FFF7FEFF 		bl	CyClockStartupError
 182              	.LVL12:
 183              	.L12:
 218:Generated_Source\PSoC5/cyfitter_cfg.c **** 	CY_SET_XTND_REG8((void CYFAR *)(CYREG_CLKDIST_MSTR0), 0x07u);
 184              		.loc 1 218 0
 185 005c 0D4B     		ldr	r3, .L14+20
 186 005e 4FF48072 		mov	r2, #256
ARM GAS  C:\Users\bourg\AppData\Local\Temp\ccgeEvSF.s 			page 9


 187 0062 1A80     		strh	r2, [r3]	@ movhi
 219:Generated_Source\PSoC5/cyfitter_cfg.c **** 	CY_SET_XTND_REG8((void CYFAR *)(CYREG_CLKDIST_BCFG0), 0x00u);
 188              		.loc 1 219 0
 189 0064 0722     		movs	r2, #7
 190 0066 1A70     		strb	r2, [r3]
 220:Generated_Source\PSoC5/cyfitter_cfg.c **** 	CY_SET_XTND_REG8((void CYFAR *)(CYREG_CLKDIST_BCFG2), 0x48u);
 191              		.loc 1 220 0
 192 0068 0022     		movs	r2, #0
 193 006a 0B49     		ldr	r1, .L14+24
 194 006c 0A70     		strb	r2, [r1]
 221:Generated_Source\PSoC5/cyfitter_cfg.c **** 	CY_SET_XTND_REG8((void CYFAR *)(CYREG_CLKDIST_MSTR0), 0x00u);
 195              		.loc 1 221 0
 196 006e 4820     		movs	r0, #72
 197 0070 0231     		adds	r1, r1, #2
 198 0072 0870     		strb	r0, [r1]
 222:Generated_Source\PSoC5/cyfitter_cfg.c **** 	CY_SET_XTND_REG8((void CYFAR *)(CYREG_CLKDIST_LD), 0x02u);
 199              		.loc 1 222 0
 200 0074 1A70     		strb	r2, [r3]
 223:Generated_Source\PSoC5/cyfitter_cfg.c **** }
 201              		.loc 1 223 0
 202 0076 0222     		movs	r2, #2
 203 0078 033B     		subs	r3, r3, #3
 204 007a 1A70     		strb	r2, [r3]
 205 007c 38BD     		pop	{r3, r4, r5, pc}
 206              	.LVL13:
 207              	.L15:
 208 007e 00BF     		.align	2
 209              	.L14:
 210 0080 00430040 		.word	1073758976
 211 0084 08010049 		.word	1224737032
 212 0088 A1460040 		.word	1073759905
 213 008c 22420040 		.word	1073758754
 214 0090 25420040 		.word	1073758757
 215 0094 04400040 		.word	1073758212
 216 0098 06400040 		.word	1073758214
 217              		.cfi_endproc
 218              	.LFE4:
 219              		.size	ClockSetup, .-ClockSetup
 220              		.section	.text.CYCONFIGCPY,"ax",%progbits
 221              		.align	2
 222              		.thumb
 223              		.thumb_func
 224              		.type	CYCONFIGCPY, %function
 225              	CYCONFIGCPY:
 226              	.LFB1:
  85:Generated_Source\PSoC5/cyfitter_cfg.c **** 	(void)memcpy(dest, src, n);
 227              		.loc 1 85 0
 228              		.cfi_startproc
 229              		@ args = 0, pretend = 0, frame = 0
 230              		@ frame_needed = 0, uses_anonymous_args = 0
 231              	.LVL14:
 232 0000 08B5     		push	{r3, lr}
 233              		.cfi_def_cfa_offset 8
 234              		.cfi_offset 3, -8
 235              		.cfi_offset 14, -4
  86:Generated_Source\PSoC5/cyfitter_cfg.c **** }
 236              		.loc 1 86 0
ARM GAS  C:\Users\bourg\AppData\Local\Temp\ccgeEvSF.s 			page 10


 237 0002 FFF7FEFF 		bl	memcpy
 238              	.LVL15:
 239 0006 08BD     		pop	{r3, pc}
 240              		.cfi_endproc
 241              	.LFE1:
 242              		.size	CYCONFIGCPY, .-CYCONFIGCPY
 243              		.section	.text.SetAnalogRoutingPumps,"ax",%progbits
 244              		.align	2
 245              		.global	SetAnalogRoutingPumps
 246              		.thumb
 247              		.thumb_func
 248              		.type	SetAnalogRoutingPumps, %function
 249              	SetAnalogRoutingPumps:
 250              	.LFB6:
 252:Generated_Source\PSoC5/cyfitter_cfg.c **** }
 253:Generated_Source\PSoC5/cyfitter_cfg.c **** 
 254:Generated_Source\PSoC5/cyfitter_cfg.c **** 
 255:Generated_Source\PSoC5/cyfitter_cfg.c **** /*******************************************************************************
 256:Generated_Source\PSoC5/cyfitter_cfg.c **** * Function Name: SetAnalogRoutingPumps
 257:Generated_Source\PSoC5/cyfitter_cfg.c **** ********************************************************************************
 258:Generated_Source\PSoC5/cyfitter_cfg.c **** *
 259:Generated_Source\PSoC5/cyfitter_cfg.c **** * Summary:
 260:Generated_Source\PSoC5/cyfitter_cfg.c **** * Enables or disables the analog pumps feeding analog routing switches.
 261:Generated_Source\PSoC5/cyfitter_cfg.c **** * Intended to be called at startup, based on the Vdda system configuration;
 262:Generated_Source\PSoC5/cyfitter_cfg.c **** * may be called during operation when the user informs us that the Vdda voltage
 263:Generated_Source\PSoC5/cyfitter_cfg.c **** * crossed the pump threshold.
 264:Generated_Source\PSoC5/cyfitter_cfg.c **** *
 265:Generated_Source\PSoC5/cyfitter_cfg.c **** * Parameters:
 266:Generated_Source\PSoC5/cyfitter_cfg.c **** *  enabled - 1 to enable the pumps, 0 to disable the pumps
 267:Generated_Source\PSoC5/cyfitter_cfg.c **** *
 268:Generated_Source\PSoC5/cyfitter_cfg.c **** * Return:
 269:Generated_Source\PSoC5/cyfitter_cfg.c **** *  void
 270:Generated_Source\PSoC5/cyfitter_cfg.c **** *
 271:Generated_Source\PSoC5/cyfitter_cfg.c **** *******************************************************************************/
 272:Generated_Source\PSoC5/cyfitter_cfg.c **** void SetAnalogRoutingPumps(uint8 enabled)
 273:Generated_Source\PSoC5/cyfitter_cfg.c **** {
 251              		.loc 1 273 0
 252              		.cfi_startproc
 253              		@ args = 0, pretend = 0, frame = 0
 254              		@ frame_needed = 0, uses_anonymous_args = 0
 255              		@ link register save eliminated.
 256              	.LVL16:
 274:Generated_Source\PSoC5/cyfitter_cfg.c **** 	uint8 regValue = CY_GET_XTND_REG8((void CYFAR *)CYREG_PUMP_CR0);
 257              		.loc 1 274 0
 258 0000 024A     		ldr	r2, .L19
 259 0002 1378     		ldrb	r3, [r2]	@ zero_extendqisi2
 260 0004 DBB2     		uxtb	r3, r3
 261              	.LVL17:
 275:Generated_Source\PSoC5/cyfitter_cfg.c **** 	if (enabled != 0u)
 276:Generated_Source\PSoC5/cyfitter_cfg.c **** 	{
 277:Generated_Source\PSoC5/cyfitter_cfg.c **** 		regValue |= 0x00u;
 278:Generated_Source\PSoC5/cyfitter_cfg.c **** 	}
 279:Generated_Source\PSoC5/cyfitter_cfg.c **** 	else
 280:Generated_Source\PSoC5/cyfitter_cfg.c **** 	{
 281:Generated_Source\PSoC5/cyfitter_cfg.c **** 		regValue &= (uint8)~0x00u;
 282:Generated_Source\PSoC5/cyfitter_cfg.c **** 	}
 283:Generated_Source\PSoC5/cyfitter_cfg.c **** 	CY_SET_XTND_REG8((void CYFAR *)CYREG_PUMP_CR0, regValue);
ARM GAS  C:\Users\bourg\AppData\Local\Temp\ccgeEvSF.s 			page 11


 262              		.loc 1 283 0
 263 0006 1370     		strb	r3, [r2]
 264 0008 7047     		bx	lr
 265              	.L20:
 266 000a 00BF     		.align	2
 267              	.L19:
 268 000c 76580040 		.word	1073764470
 269              		.cfi_endproc
 270              	.LFE6:
 271              		.size	SetAnalogRoutingPumps, .-SetAnalogRoutingPumps
 272              		.section	.text.cyfitter_cfg,"ax",%progbits
 273              		.align	2
 274              		.global	cyfitter_cfg
 275              		.thumb
 276              		.thumb_func
 277              		.type	cyfitter_cfg, %function
 278              	cyfitter_cfg:
 279              	.LFB7:
 284:Generated_Source\PSoC5/cyfitter_cfg.c **** }
 285:Generated_Source\PSoC5/cyfitter_cfg.c **** 
 286:Generated_Source\PSoC5/cyfitter_cfg.c **** 
 287:Generated_Source\PSoC5/cyfitter_cfg.c **** 
 288:Generated_Source\PSoC5/cyfitter_cfg.c **** 
 289:Generated_Source\PSoC5/cyfitter_cfg.c **** /*******************************************************************************
 290:Generated_Source\PSoC5/cyfitter_cfg.c **** * Function Name: cyfitter_cfg
 291:Generated_Source\PSoC5/cyfitter_cfg.c **** ********************************************************************************
 292:Generated_Source\PSoC5/cyfitter_cfg.c **** * Summary:
 293:Generated_Source\PSoC5/cyfitter_cfg.c **** *  This function is called by the start-up code for the selected device. It
 294:Generated_Source\PSoC5/cyfitter_cfg.c **** *  performs all of the necessary device configuration based on the design
 295:Generated_Source\PSoC5/cyfitter_cfg.c **** *  settings.  This includes settings from the Design Wide Resources (DWR) such
 296:Generated_Source\PSoC5/cyfitter_cfg.c **** *  as Clocks and Pins as well as any component configuration that is necessary.
 297:Generated_Source\PSoC5/cyfitter_cfg.c **** *
 298:Generated_Source\PSoC5/cyfitter_cfg.c **** * Parameters:
 299:Generated_Source\PSoC5/cyfitter_cfg.c **** *   void
 300:Generated_Source\PSoC5/cyfitter_cfg.c **** *
 301:Generated_Source\PSoC5/cyfitter_cfg.c **** * Return:
 302:Generated_Source\PSoC5/cyfitter_cfg.c **** *   void
 303:Generated_Source\PSoC5/cyfitter_cfg.c **** *
 304:Generated_Source\PSoC5/cyfitter_cfg.c **** *******************************************************************************/
 305:Generated_Source\PSoC5/cyfitter_cfg.c **** 
 306:Generated_Source\PSoC5/cyfitter_cfg.c **** void cyfitter_cfg(void)
 307:Generated_Source\PSoC5/cyfitter_cfg.c **** {
 280              		.loc 1 307 0
 281              		.cfi_startproc
 282              		@ args = 0, pretend = 0, frame = 0
 283              		@ frame_needed = 0, uses_anonymous_args = 0
 284 0000 38B5     		push	{r3, r4, r5, lr}
 285              		.cfi_def_cfa_offset 16
 286              		.cfi_offset 3, -16
 287              		.cfi_offset 4, -12
 288              		.cfi_offset 5, -8
 289              		.cfi_offset 14, -4
 308:Generated_Source\PSoC5/cyfitter_cfg.c **** #ifdef CYGlobalIntDisable
 309:Generated_Source\PSoC5/cyfitter_cfg.c **** 	/* Disable interrupts by default. Let user enable if/when they want. */
 310:Generated_Source\PSoC5/cyfitter_cfg.c **** 	CYGlobalIntDisable
 290              		.loc 1 310 0
 291              		.syntax unified
ARM GAS  C:\Users\bourg\AppData\Local\Temp\ccgeEvSF.s 			page 12


 292              	@ 310 "Generated_Source\PSoC5\cyfitter_cfg.c" 1
 293 0002 72B6     		CPSID   i
 294              	@ 0 "" 2
 311:Generated_Source\PSoC5/cyfitter_cfg.c **** #endif
 312:Generated_Source\PSoC5/cyfitter_cfg.c **** 
 313:Generated_Source\PSoC5/cyfitter_cfg.c **** 	/* Enable/Disable Debug functionality based on settings from System DWR */
 314:Generated_Source\PSoC5/cyfitter_cfg.c **** 	CY_SET_XTND_REG8((void CYFAR *)CYREG_MLOGIC_DEBUG, (CY_GET_XTND_REG8((void CYFAR *)CYREG_MLOGIC_DE
 295              		.loc 1 314 0
 296              		.thumb
 297              		.syntax unified
 298 0004 2A4A     		ldr	r2, .L25
 299 0006 1378     		ldrb	r3, [r2]	@ zero_extendqisi2
 300 0008 43F00403 		orr	r3, r3, #4
 301 000c 1370     		strb	r3, [r2]
 302              	.LVL18:
 303              	.LBB2:
 315:Generated_Source\PSoC5/cyfitter_cfg.c **** 
 316:Generated_Source\PSoC5/cyfitter_cfg.c **** 	{
 317:Generated_Source\PSoC5/cyfitter_cfg.c **** 
 318:Generated_Source\PSoC5/cyfitter_cfg.c **** 		CYPACKED typedef struct {
 319:Generated_Source\PSoC5/cyfitter_cfg.c **** 			void CYFAR *address;
 320:Generated_Source\PSoC5/cyfitter_cfg.c **** 			uint16 size;
 321:Generated_Source\PSoC5/cyfitter_cfg.c **** 		} CYPACKED_ATTR cfg_memset_t;
 322:Generated_Source\PSoC5/cyfitter_cfg.c **** 
 323:Generated_Source\PSoC5/cyfitter_cfg.c **** 		static const cfg_memset_t CYCODE cfg_memset_list[] = {
 324:Generated_Source\PSoC5/cyfitter_cfg.c **** 			/* address, size */
 325:Generated_Source\PSoC5/cyfitter_cfg.c **** 			{(void CYFAR *)(CYREG_PRT4_DR), 48u},
 326:Generated_Source\PSoC5/cyfitter_cfg.c **** 			{(void CYFAR *)(CYDEV_UCFG_B0_P0_U0_BASE), 4096u},
 327:Generated_Source\PSoC5/cyfitter_cfg.c **** 			{(void CYFAR *)(CYDEV_UCFG_B1_P2_U0_BASE), 2048u},
 328:Generated_Source\PSoC5/cyfitter_cfg.c **** 			{(void CYFAR *)(CYDEV_UCFG_DSI0_BASE), 2560u},
 329:Generated_Source\PSoC5/cyfitter_cfg.c **** 			{(void CYFAR *)(CYDEV_UCFG_DSI12_BASE), 512u},
 330:Generated_Source\PSoC5/cyfitter_cfg.c **** 			{(void CYFAR *)(CYREG_BCTL0_MDCLK_EN), 32u},
 331:Generated_Source\PSoC5/cyfitter_cfg.c **** 		};
 332:Generated_Source\PSoC5/cyfitter_cfg.c **** 
 333:Generated_Source\PSoC5/cyfitter_cfg.c **** 		uint8 CYDATA i;
 334:Generated_Source\PSoC5/cyfitter_cfg.c **** 
 335:Generated_Source\PSoC5/cyfitter_cfg.c **** 		/* Zero out critical memory blocks before beginning configuration */
 336:Generated_Source\PSoC5/cyfitter_cfg.c **** 		for (i = 0u; i < (sizeof(cfg_memset_list)/sizeof(cfg_memset_list[0])); i++)
 304              		.loc 1 336 0
 305 000e 0024     		movs	r4, #0
 306 0010 0CE0     		b	.L22
 307              	.LVL19:
 308              	.L23:
 309              	.LBB3:
 337:Generated_Source\PSoC5/cyfitter_cfg.c **** 		{
 338:Generated_Source\PSoC5/cyfitter_cfg.c **** 			const cfg_memset_t CYCODE * CYDATA ms = &cfg_memset_list[i];
 339:Generated_Source\PSoC5/cyfitter_cfg.c **** 			CYMEMZERO(ms->address, (size_t)(uint32)(ms->size));
 310              		.loc 1 339 0 discriminator 3
 311 0012 284D     		ldr	r5, .L25+4
 312 0014 6300     		lsls	r3, r4, #1
 313 0016 1919     		adds	r1, r3, r4
 314 0018 4A00     		lsls	r2, r1, #1
 315 001a 1146     		mov	r1, r2
 316 001c 2A44     		add	r2, r2, r5
 317 001e 0846     		mov	r0, r1
 318 0020 9188     		ldrh	r1, [r2, #4]
 319 0022 2858     		ldr	r0, [r5, r0]	@ unaligned
ARM GAS  C:\Users\bourg\AppData\Local\Temp\ccgeEvSF.s 			page 13


 320 0024 FFF7FEFF 		bl	CYMEMZERO
 321              	.LVL20:
 322              	.LBE3:
 336:Generated_Source\PSoC5/cyfitter_cfg.c **** 		{
 323              		.loc 1 336 0 discriminator 3
 324 0028 0134     		adds	r4, r4, #1
 325              	.LVL21:
 326 002a E4B2     		uxtb	r4, r4
 327              	.LVL22:
 328              	.L22:
 336:Generated_Source\PSoC5/cyfitter_cfg.c **** 		{
 329              		.loc 1 336 0 is_stmt 0 discriminator 1
 330 002c 052C     		cmp	r4, #5
 331 002e F0D9     		bls	.L23
 340:Generated_Source\PSoC5/cyfitter_cfg.c **** 		}
 341:Generated_Source\PSoC5/cyfitter_cfg.c **** 
 342:Generated_Source\PSoC5/cyfitter_cfg.c **** 		/* Enable digital routing */
 343:Generated_Source\PSoC5/cyfitter_cfg.c **** 		CY_SET_XTND_REG8((void CYFAR *)CYREG_BCTL0_BANK_CTL, CY_GET_XTND_REG8((void CYFAR *)CYREG_BCTL0_B
 332              		.loc 1 343 0 is_stmt 1
 333 0030 214A     		ldr	r2, .L25+8
 334 0032 1378     		ldrb	r3, [r2]	@ zero_extendqisi2
 335 0034 43F00203 		orr	r3, r3, #2
 336 0038 1370     		strb	r3, [r2]
 344:Generated_Source\PSoC5/cyfitter_cfg.c **** 		CY_SET_XTND_REG8((void CYFAR *)CYREG_BCTL1_BANK_CTL, CY_GET_XTND_REG8((void CYFAR *)CYREG_BCTL1_B
 337              		.loc 1 344 0
 338 003a 1032     		adds	r2, r2, #16
 339 003c 1378     		ldrb	r3, [r2]	@ zero_extendqisi2
 340 003e 43F00203 		orr	r3, r3, #2
 341 0042 1370     		strb	r3, [r2]
 342              	.LBE2:
 345:Generated_Source\PSoC5/cyfitter_cfg.c **** 	}
 346:Generated_Source\PSoC5/cyfitter_cfg.c **** 
 347:Generated_Source\PSoC5/cyfitter_cfg.c **** 
 348:Generated_Source\PSoC5/cyfitter_cfg.c **** 	/* Perform second pass device configuration. These items must be configured in specific order afte
 349:Generated_Source\PSoC5/cyfitter_cfg.c **** 	CYCONFIGCPY((void CYFAR *)(CYREG_PRT0_DM0), (const void CYFAR *)(BS_IOPINS0_0_VAL), 8u);
 343              		.loc 1 349 0
 344 0044 0822     		movs	r2, #8
 345 0046 4FF09041 		mov	r1, #1207959552
 346 004a 1C48     		ldr	r0, .L25+12
 347 004c FFF7FEFF 		bl	CYCONFIGCPY
 348              	.LVL23:
 350:Generated_Source\PSoC5/cyfitter_cfg.c **** 	CYCONFIGCPY((void CYFAR *)(CYREG_PRT12_DM0), (const void CYFAR *)(BS_IOPINS0_7_VAL), 8u);
 349              		.loc 1 350 0
 350 0050 0822     		movs	r2, #8
 351 0052 1B49     		ldr	r1, .L25+16
 352 0054 1B48     		ldr	r0, .L25+20
 353 0056 FFF7FEFF 		bl	CYCONFIGCPY
 354              	.LVL24:
 351:Generated_Source\PSoC5/cyfitter_cfg.c **** 	CYCONFIGCPY((void CYFAR *)(CYREG_PRT15_DR), (const void CYFAR *)(BS_IOPINS0_8_VAL), 10u);
 355              		.loc 1 351 0
 356 005a 0A22     		movs	r2, #10
 357 005c 1A49     		ldr	r1, .L25+24
 358 005e 1B48     		ldr	r0, .L25+28
 359 0060 FFF7FEFF 		bl	CYCONFIGCPY
 360              	.LVL25:
 352:Generated_Source\PSoC5/cyfitter_cfg.c **** 	CYCONFIGCPY((void CYFAR *)(CYREG_PRT1_DM0), (const void CYFAR *)(BS_IOPINS0_1_VAL), 8u);
 361              		.loc 1 352 0
ARM GAS  C:\Users\bourg\AppData\Local\Temp\ccgeEvSF.s 			page 14


 362 0064 0822     		movs	r2, #8
 363 0066 1A49     		ldr	r1, .L25+32
 364 0068 1A48     		ldr	r0, .L25+36
 365 006a FFF7FEFF 		bl	CYCONFIGCPY
 366              	.LVL26:
 353:Generated_Source\PSoC5/cyfitter_cfg.c **** 	CYCONFIGCPY((void CYFAR *)(CYREG_PRT2_DM0), (const void CYFAR *)(BS_IOPINS0_2_VAL), 8u);
 367              		.loc 1 353 0
 368 006e 0822     		movs	r2, #8
 369 0070 1949     		ldr	r1, .L25+40
 370 0072 1A48     		ldr	r0, .L25+44
 371 0074 FFF7FEFF 		bl	CYCONFIGCPY
 372              	.LVL27:
 354:Generated_Source\PSoC5/cyfitter_cfg.c **** 	CYCONFIGCPY((void CYFAR *)(CYREG_PRT3_DR), (const void CYFAR *)(BS_IOPINS0_3_VAL), 10u);
 373              		.loc 1 354 0
 374 0078 0A22     		movs	r2, #10
 375 007a 1949     		ldr	r1, .L25+48
 376 007c 1948     		ldr	r0, .L25+52
 377 007e FFF7FEFF 		bl	CYCONFIGCPY
 378              	.LVL28:
 355:Generated_Source\PSoC5/cyfitter_cfg.c **** 	/* Switch Boost to the precision bandgap reference from its internal reference */
 356:Generated_Source\PSoC5/cyfitter_cfg.c **** 	CY_SET_REG8((void CYXDATA *)CYREG_BOOST_CR2, (CY_GET_REG8((void CYXDATA *)CYREG_BOOST_CR2) | 0x08u
 379              		.loc 1 356 0
 380 0082 194A     		ldr	r2, .L25+56
 381 0084 1378     		ldrb	r3, [r2]	@ zero_extendqisi2
 382 0086 43F00803 		orr	r3, r3, #8
 383 008a 1370     		strb	r3, [r2]
 357:Generated_Source\PSoC5/cyfitter_cfg.c **** 
 358:Generated_Source\PSoC5/cyfitter_cfg.c **** 	/* Set Flash Cycles based on max possible frequency in case a glitch occurs during ClockSetup(). *
 359:Generated_Source\PSoC5/cyfitter_cfg.c **** 	CY_SET_XTND_REG8((void CYFAR *)(CYREG_CACHE_CC_CTL), (((CYDEV_INSTRUCT_CACHE_ENABLED) != 0) ? 0x61
 384              		.loc 1 359 0
 385 008c 174C     		ldr	r4, .L25+60
 386              	.LVL29:
 387 008e 6123     		movs	r3, #97
 388 0090 2370     		strb	r3, [r4]
 360:Generated_Source\PSoC5/cyfitter_cfg.c **** 	/* Setup clocks based on selections from Clock DWR */
 361:Generated_Source\PSoC5/cyfitter_cfg.c **** 	ClockSetup();
 389              		.loc 1 361 0
 390 0092 FFF7FEFF 		bl	ClockSetup
 391              	.LVL30:
 362:Generated_Source\PSoC5/cyfitter_cfg.c **** 	/* Set Flash Cycles based on newly configured 24.00MHz Bus Clock. */
 363:Generated_Source\PSoC5/cyfitter_cfg.c **** 	CY_SET_XTND_REG8((void CYFAR *)(CYREG_CACHE_CC_CTL), (((CYDEV_INSTRUCT_CACHE_ENABLED) != 0) ? 0x81
 392              		.loc 1 363 0
 393 0096 8123     		movs	r3, #129
 394 0098 2370     		strb	r3, [r4]
 364:Generated_Source\PSoC5/cyfitter_cfg.c **** 	CY_SET_XTND_REG8((void CYFAR *)(CYREG_PANTHER_WAITPIPE), 0x01u);
 395              		.loc 1 364 0
 396 009a 0122     		movs	r2, #1
 397 009c 144B     		ldr	r3, .L25+64
 398 009e 1A70     		strb	r2, [r3]
 365:Generated_Source\PSoC5/cyfitter_cfg.c **** 
 366:Generated_Source\PSoC5/cyfitter_cfg.c **** 	/* Perform basic analog initialization to defaults */
 367:Generated_Source\PSoC5/cyfitter_cfg.c **** 	AnalogSetDefault();
 399              		.loc 1 367 0
 400 00a0 FFF7FEFF 		bl	AnalogSetDefault
 401              	.LVL31:
 368:Generated_Source\PSoC5/cyfitter_cfg.c **** 
 369:Generated_Source\PSoC5/cyfitter_cfg.c **** 	/* Configure alternate active mode */
ARM GAS  C:\Users\bourg\AppData\Local\Temp\ccgeEvSF.s 			page 15


 370:Generated_Source\PSoC5/cyfitter_cfg.c **** 	CYCONFIGCPY((void CYFAR *)CYDEV_PM_STBY_BASE, (const void CYFAR *)CYDEV_PM_ACT_BASE, 14u);
 402              		.loc 1 370 0
 403 00a4 0E22     		movs	r2, #14
 404 00a6 1349     		ldr	r1, .L25+68
 405 00a8 1348     		ldr	r0, .L25+72
 406 00aa FFF7FEFF 		bl	CYCONFIGCPY
 407              	.LVL32:
 408 00ae 38BD     		pop	{r3, r4, r5, pc}
 409              	.L26:
 410              		.align	2
 411              	.L25:
 412 00b0 E8460040 		.word	1073759976
 413 00b4 00000000 		.word	.LANCHOR0
 414 00b8 03500140 		.word	1073827843
 415 00bc 02510040 		.word	1073762562
 416 00c0 08000048 		.word	1207959560
 417 00c4 C2510040 		.word	1073762754
 418 00c8 10000048 		.word	1207959568
 419 00cc F0510040 		.word	1073762800
 420 00d0 1C000048 		.word	1207959580
 421 00d4 12510040 		.word	1073762578
 422 00d8 24000048 		.word	1207959588
 423 00dc 22510040 		.word	1073762594
 424 00e0 2C000048 		.word	1207959596
 425 00e4 30510040 		.word	1073762608
 426 00e8 22430040 		.word	1073759010
 427 00ec 00480040 		.word	1073760256
 428 00f0 04000840 		.word	1074266116
 429 00f4 A0430040 		.word	1073759136
 430 00f8 B0430040 		.word	1073759152
 431              		.cfi_endproc
 432              	.LFE7:
 433              		.size	cyfitter_cfg, .-cyfitter_cfg
 434              		.section	.rodata
 435              		.align	2
 436              		.set	.LANCHOR0,. + 0
 437              		.type	cfg_memset_list.4992, %object
 438              		.size	cfg_memset_list.4992, 36
 439              	cfg_memset_list.4992:
 440 0000 40510040 		.word	1073762624
 441 0004 3000     		.short	48
 442 0006 00000140 		.4byte	1073807360
 443 000a 0010     		.short	4096
 444 000c 00140140 		.word	1073812480
 445 0010 0008     		.short	2048
 446 0012 00400140 		.4byte	1073823744
 447 0016 000A     		.short	2560
 448 0018 004C0140 		.word	1073826816
 449 001c 0002     		.short	512
 450 001e 00500140 		.4byte	1073827840
 451 0022 2000     		.short	32
 452              		.text
 453              	.Letext0:
 454              		.file 2 "c:\\program files (x86)\\cypress\\psoc creator\\4.4\\psoc creator\\import\\gnu\\arm\\5.4.
 455              		.file 3 "Generated_Source\\PSoC5\\cytypes.h"
 456              		.file 4 "Generated_Source\\PSoC5\\CyLib.h"
 457              		.section	.debug_info,"",%progbits
ARM GAS  C:\Users\bourg\AppData\Local\Temp\ccgeEvSF.s 			page 16


 458              	.Ldebug_info0:
 459 0000 61040000 		.4byte	0x461
 460 0004 0400     		.2byte	0x4
 461 0006 00000000 		.4byte	.Ldebug_abbrev0
 462 000a 04       		.byte	0x4
 463 000b 01       		.uleb128 0x1
 464 000c 8E000000 		.4byte	.LASF39
 465 0010 0C       		.byte	0xc
 466 0011 EA010000 		.4byte	.LASF40
 467 0015 61020000 		.4byte	.LASF41
 468 0019 00000000 		.4byte	.Ldebug_ranges0+0
 469 001d 00000000 		.4byte	0
 470 0021 00000000 		.4byte	.Ldebug_line0
 471 0025 02       		.uleb128 0x2
 472 0026 04       		.byte	0x4
 473 0027 05       		.byte	0x5
 474 0028 696E7400 		.ascii	"int\000"
 475 002c 03       		.uleb128 0x3
 476 002d 14000000 		.4byte	.LASF12
 477 0031 02       		.byte	0x2
 478 0032 D8       		.byte	0xd8
 479 0033 37000000 		.4byte	0x37
 480 0037 04       		.uleb128 0x4
 481 0038 04       		.byte	0x4
 482 0039 07       		.byte	0x7
 483 003a 9A010000 		.4byte	.LASF0
 484 003e 04       		.uleb128 0x4
 485 003f 08       		.byte	0x8
 486 0040 05       		.byte	0x5
 487 0041 DC010000 		.4byte	.LASF1
 488 0045 04       		.uleb128 0x4
 489 0046 08       		.byte	0x8
 490 0047 04       		.byte	0x4
 491 0048 37020000 		.4byte	.LASF2
 492 004c 04       		.uleb128 0x4
 493 004d 01       		.byte	0x1
 494 004e 06       		.byte	0x6
 495 004f 55020000 		.4byte	.LASF3
 496 0053 04       		.uleb128 0x4
 497 0054 01       		.byte	0x1
 498 0055 08       		.byte	0x8
 499 0056 59010000 		.4byte	.LASF4
 500 005a 04       		.uleb128 0x4
 501 005b 02       		.byte	0x2
 502 005c 05       		.byte	0x5
 503 005d 17020000 		.4byte	.LASF5
 504 0061 04       		.uleb128 0x4
 505 0062 02       		.byte	0x2
 506 0063 07       		.byte	0x7
 507 0064 4F000000 		.4byte	.LASF6
 508 0068 04       		.uleb128 0x4
 509 0069 04       		.byte	0x4
 510 006a 05       		.byte	0x5
 511 006b 29020000 		.4byte	.LASF7
 512 006f 04       		.uleb128 0x4
 513 0070 04       		.byte	0x4
 514 0071 07       		.byte	0x7
ARM GAS  C:\Users\bourg\AppData\Local\Temp\ccgeEvSF.s 			page 17


 515 0072 21010000 		.4byte	.LASF8
 516 0076 04       		.uleb128 0x4
 517 0077 08       		.byte	0x8
 518 0078 07       		.byte	0x7
 519 0079 AF010000 		.4byte	.LASF9
 520 007d 04       		.uleb128 0x4
 521 007e 04       		.byte	0x4
 522 007f 07       		.byte	0x7
 523 0080 D3010000 		.4byte	.LASF10
 524 0084 05       		.uleb128 0x5
 525 0085 04       		.byte	0x4
 526 0086 04       		.uleb128 0x4
 527 0087 01       		.byte	0x1
 528 0088 08       		.byte	0x8
 529 0089 32020000 		.4byte	.LASF11
 530 008d 06       		.uleb128 0x6
 531 008e 33010000 		.4byte	.LASF13
 532 0092 03       		.byte	0x3
 533 0093 E801     		.2byte	0x1e8
 534 0095 53000000 		.4byte	0x53
 535 0099 06       		.uleb128 0x6
 536 009a 82010000 		.4byte	.LASF14
 537 009e 03       		.byte	0x3
 538 009f E901     		.2byte	0x1e9
 539 00a1 61000000 		.4byte	0x61
 540 00a5 06       		.uleb128 0x6
 541 00a6 93010000 		.4byte	.LASF15
 542 00aa 03       		.byte	0x3
 543 00ab EA01     		.2byte	0x1ea
 544 00ad 6F000000 		.4byte	0x6f
 545 00b1 04       		.uleb128 0x4
 546 00b2 04       		.byte	0x4
 547 00b3 04       		.byte	0x4
 548 00b4 6A000000 		.4byte	.LASF16
 549 00b8 04       		.uleb128 0x4
 550 00b9 08       		.byte	0x8
 551 00ba 04       		.byte	0x4
 552 00bb 6E010000 		.4byte	.LASF17
 553 00bf 06       		.uleb128 0x6
 554 00c0 1C010000 		.4byte	.LASF18
 555 00c4 03       		.byte	0x3
 556 00c5 9202     		.2byte	0x292
 557 00c7 CB000000 		.4byte	0xcb
 558 00cb 07       		.uleb128 0x7
 559 00cc 8D000000 		.4byte	0x8d
 560 00d0 06       		.uleb128 0x6
 561 00d1 00000000 		.4byte	.LASF19
 562 00d5 03       		.byte	0x3
 563 00d6 9302     		.2byte	0x293
 564 00d8 DC000000 		.4byte	0xdc
 565 00dc 07       		.uleb128 0x7
 566 00dd 99000000 		.4byte	0x99
 567 00e1 08       		.uleb128 0x8
 568 00e2 70000000 		.4byte	.LASF42
 569 00e6 01       		.byte	0x1
 570 00e7 7F       		.byte	0x7f
 571 00e8 00000000 		.4byte	.LFB3
ARM GAS  C:\Users\bourg\AppData\Local\Temp\ccgeEvSF.s 			page 18


 572 00ec 02000000 		.4byte	.LFE3-.LFB3
 573 00f0 01       		.uleb128 0x1
 574 00f1 9C       		.byte	0x9c
 575 00f2 04010000 		.4byte	0x104
 576 00f6 09       		.uleb128 0x9
 577 00f7 89010000 		.4byte	.LASF22
 578 00fb 01       		.byte	0x1
 579 00fc 7F       		.byte	0x7f
 580 00fd 8D000000 		.4byte	0x8d
 581 0101 01       		.uleb128 0x1
 582 0102 50       		.byte	0x50
 583 0103 00       		.byte	0
 584 0104 0A       		.uleb128 0xa
 585 0105 1B000000 		.4byte	.LASF20
 586 0109 01       		.byte	0x1
 587 010a F6       		.byte	0xf6
 588 010b 00000000 		.4byte	.LFB5
 589 010f 28000000 		.4byte	.LFE5-.LFB5
 590 0113 01       		.uleb128 0x1
 591 0114 9C       		.byte	0x9c
 592 0115 29010000 		.4byte	0x129
 593 0119 0B       		.uleb128 0xb
 594 011a 43020000 		.4byte	.LASF24
 595 011e 01       		.byte	0x1
 596 011f F8       		.byte	0xf8
 597 0120 8D000000 		.4byte	0x8d
 598 0124 00000000 		.4byte	.LLST0
 599 0128 00       		.byte	0
 600 0129 0A       		.uleb128 0xa
 601 012a 39010000 		.4byte	.LASF21
 602 012e 01       		.byte	0x1
 603 012f 4D       		.byte	0x4d
 604 0130 00000000 		.4byte	.LFB0
 605 0134 0C000000 		.4byte	.LFE0-.LFB0
 606 0138 01       		.uleb128 0x1
 607 0139 9C       		.byte	0x9c
 608 013a 76010000 		.4byte	0x176
 609 013e 0C       		.uleb128 0xc
 610 013f 7300     		.ascii	"s\000"
 611 0141 01       		.byte	0x1
 612 0142 4D       		.byte	0x4d
 613 0143 84000000 		.4byte	0x84
 614 0147 13000000 		.4byte	.LLST1
 615 014b 0C       		.uleb128 0xc
 616 014c 6E00     		.ascii	"n\000"
 617 014e 01       		.byte	0x1
 618 014f 4D       		.byte	0x4d
 619 0150 2C000000 		.4byte	0x2c
 620 0154 34000000 		.4byte	.LLST2
 621 0158 0D       		.uleb128 0xd
 622 0159 0A000000 		.4byte	.LVL5
 623 015d 47040000 		.4byte	0x447
 624 0161 0E       		.uleb128 0xe
 625 0162 01       		.uleb128 0x1
 626 0163 50       		.byte	0x50
 627 0164 03       		.uleb128 0x3
 628 0165 F3       		.byte	0xf3
ARM GAS  C:\Users\bourg\AppData\Local\Temp\ccgeEvSF.s 			page 19


 629 0166 01       		.uleb128 0x1
 630 0167 50       		.byte	0x50
 631 0168 0E       		.uleb128 0xe
 632 0169 01       		.uleb128 0x1
 633 016a 51       		.byte	0x51
 634 016b 01       		.uleb128 0x1
 635 016c 30       		.byte	0x30
 636 016d 0E       		.uleb128 0xe
 637 016e 01       		.uleb128 0x1
 638 016f 52       		.byte	0x52
 639 0170 03       		.uleb128 0x3
 640 0171 F3       		.byte	0xf3
 641 0172 01       		.uleb128 0x1
 642 0173 51       		.byte	0x51
 643 0174 00       		.byte	0
 644 0175 00       		.byte	0
 645 0176 0A       		.uleb128 0xa
 646 0177 44000000 		.4byte	.LASF23
 647 017b 01       		.byte	0x1
 648 017c BB       		.byte	0xbb
 649 017d 00000000 		.4byte	.LFB4
 650 0181 9C000000 		.4byte	.LFE4-.LFB4
 651 0185 01       		.uleb128 0x1
 652 0186 9C       		.byte	0x9c
 653 0187 CE010000 		.4byte	0x1ce
 654 018b 0B       		.uleb128 0xb
 655 018c 2C000000 		.4byte	.LASF25
 656 0190 01       		.byte	0x1
 657 0191 BD       		.byte	0xbd
 658 0192 A5000000 		.4byte	0xa5
 659 0196 60000000 		.4byte	.LLST3
 660 019a 0B       		.uleb128 0xb
 661 019b 62000000 		.4byte	.LASF26
 662 019f 01       		.byte	0x1
 663 01a0 BE       		.byte	0xbe
 664 01a1 8D000000 		.4byte	0x8d
 665 01a5 7F000000 		.4byte	.LLST4
 666 01a9 0F       		.uleb128 0xf
 667 01aa 4C000000 		.4byte	.LVL10
 668 01ae 50040000 		.4byte	0x450
 669 01b2 BE010000 		.4byte	0x1be
 670 01b6 0E       		.uleb128 0xe
 671 01b7 01       		.uleb128 0x1
 672 01b8 50       		.byte	0x50
 673 01b9 03       		.uleb128 0x3
 674 01ba 0A       		.byte	0xa
 675 01bb E001     		.2byte	0x1e0
 676 01bd 00       		.byte	0
 677 01be 0D       		.uleb128 0xd
 678 01bf 5C000000 		.4byte	.LVL12
 679 01c3 E1000000 		.4byte	0xe1
 680 01c7 0E       		.uleb128 0xe
 681 01c8 01       		.uleb128 0x1
 682 01c9 50       		.byte	0x50
 683 01ca 01       		.uleb128 0x1
 684 01cb 33       		.byte	0x33
 685 01cc 00       		.byte	0
ARM GAS  C:\Users\bourg\AppData\Local\Temp\ccgeEvSF.s 			page 20


 686 01cd 00       		.byte	0
 687 01ce 0A       		.uleb128 0xa
 688 01cf 9F020000 		.4byte	.LASF27
 689 01d3 01       		.byte	0x1
 690 01d4 54       		.byte	0x54
 691 01d5 00000000 		.4byte	.LFB1
 692 01d9 08000000 		.4byte	.LFE1-.LFB1
 693 01dd 01       		.uleb128 0x1
 694 01de 9C       		.byte	0x9c
 695 01df 2E020000 		.4byte	0x22e
 696 01e3 10       		.uleb128 0x10
 697 01e4 84000000 		.4byte	.LASF28
 698 01e8 01       		.byte	0x1
 699 01e9 54       		.byte	0x54
 700 01ea 84000000 		.4byte	0x84
 701 01ee A9000000 		.4byte	.LLST5
 702 01f2 0C       		.uleb128 0xc
 703 01f3 73726300 		.ascii	"src\000"
 704 01f7 01       		.byte	0x1
 705 01f8 54       		.byte	0x54
 706 01f9 2E020000 		.4byte	0x22e
 707 01fd CA000000 		.4byte	.LLST6
 708 0201 0C       		.uleb128 0xc
 709 0202 6E00     		.ascii	"n\000"
 710 0204 01       		.byte	0x1
 711 0205 54       		.byte	0x54
 712 0206 2C000000 		.4byte	0x2c
 713 020a EB000000 		.4byte	.LLST7
 714 020e 0D       		.uleb128 0xd
 715 020f 06000000 		.4byte	.LVL15
 716 0213 5B040000 		.4byte	0x45b
 717 0217 0E       		.uleb128 0xe
 718 0218 01       		.uleb128 0x1
 719 0219 50       		.byte	0x50
 720 021a 03       		.uleb128 0x3
 721 021b F3       		.byte	0xf3
 722 021c 01       		.uleb128 0x1
 723 021d 50       		.byte	0x50
 724 021e 0E       		.uleb128 0xe
 725 021f 01       		.uleb128 0x1
 726 0220 51       		.byte	0x51
 727 0221 03       		.uleb128 0x3
 728 0222 F3       		.byte	0xf3
 729 0223 01       		.uleb128 0x1
 730 0224 51       		.byte	0x51
 731 0225 0E       		.uleb128 0xe
 732 0226 01       		.uleb128 0x1
 733 0227 52       		.byte	0x52
 734 0228 03       		.uleb128 0x3
 735 0229 F3       		.byte	0xf3
 736 022a 01       		.uleb128 0x1
 737 022b 52       		.byte	0x52
 738 022c 00       		.byte	0
 739 022d 00       		.byte	0
 740 022e 11       		.uleb128 0x11
 741 022f 04       		.byte	0x4
 742 0230 34020000 		.4byte	0x234
ARM GAS  C:\Users\bourg\AppData\Local\Temp\ccgeEvSF.s 			page 21


 743 0234 12       		.uleb128 0x12
 744 0235 13       		.uleb128 0x13
 745 0236 43010000 		.4byte	.LASF31
 746 023a 01       		.byte	0x1
 747 023b 1001     		.2byte	0x110
 748 023d 00000000 		.4byte	.LFB6
 749 0241 10000000 		.4byte	.LFE6-.LFB6
 750 0245 01       		.uleb128 0x1
 751 0246 9C       		.byte	0x9c
 752 0247 68020000 		.4byte	0x268
 753 024b 14       		.uleb128 0x14
 754 024c 21020000 		.4byte	.LASF29
 755 0250 01       		.byte	0x1
 756 0251 1001     		.2byte	0x110
 757 0253 8D000000 		.4byte	0x8d
 758 0257 01       		.uleb128 0x1
 759 0258 50       		.byte	0x50
 760 0259 15       		.uleb128 0x15
 761 025a 96020000 		.4byte	.LASF30
 762 025e 01       		.byte	0x1
 763 025f 1201     		.2byte	0x112
 764 0261 8D000000 		.4byte	0x8d
 765 0265 01       		.uleb128 0x1
 766 0266 53       		.byte	0x53
 767 0267 00       		.byte	0
 768 0268 13       		.uleb128 0x13
 769 0269 75010000 		.4byte	.LASF32
 770 026d 01       		.byte	0x1
 771 026e 3201     		.2byte	0x132
 772 0270 00000000 		.4byte	.LFB7
 773 0274 FC000000 		.4byte	.LFE7-.LFB7
 774 0278 01       		.uleb128 0x1
 775 0279 9C       		.byte	0x9c
 776 027a 47040000 		.4byte	0x447
 777 027e 16       		.uleb128 0x16
 778 027f 0E000000 		.4byte	.LBB2
 779 0283 36000000 		.4byte	.LBE2-.LBB2
 780 0287 37030000 		.4byte	0x337
 781 028b 17       		.uleb128 0x17
 782 028c 06       		.byte	0x6
 783 028d 01       		.byte	0x1
 784 028e 3E01     		.2byte	0x13e
 785 0290 AF020000 		.4byte	0x2af
 786 0294 18       		.uleb128 0x18
 787 0295 A7010000 		.4byte	.LASF33
 788 0299 01       		.byte	0x1
 789 029a 3F01     		.2byte	0x13f
 790 029c 84000000 		.4byte	0x84
 791 02a0 00       		.byte	0
 792 02a1 18       		.uleb128 0x18
 793 02a2 89000000 		.4byte	.LASF34
 794 02a6 01       		.byte	0x1
 795 02a7 4001     		.2byte	0x140
 796 02a9 99000000 		.4byte	0x99
 797 02ad 04       		.byte	0x4
 798 02ae 00       		.byte	0
 799 02af 06       		.uleb128 0x6
ARM GAS  C:\Users\bourg\AppData\Local\Temp\ccgeEvSF.s 			page 22


 800 02b0 C6010000 		.4byte	.LASF35
 801 02b4 01       		.byte	0x1
 802 02b5 4101     		.2byte	0x141
 803 02b7 8B020000 		.4byte	0x28b
 804 02bb 19       		.uleb128 0x19
 805 02bc CB020000 		.4byte	0x2cb
 806 02c0 CB020000 		.4byte	0x2cb
 807 02c4 1A       		.uleb128 0x1a
 808 02c5 7D000000 		.4byte	0x7d
 809 02c9 05       		.byte	0x5
 810 02ca 00       		.byte	0
 811 02cb 1B       		.uleb128 0x1b
 812 02cc AF020000 		.4byte	0x2af
 813 02d0 15       		.uleb128 0x15
 814 02d1 34000000 		.4byte	.LASF36
 815 02d5 01       		.byte	0x1
 816 02d6 4301     		.2byte	0x143
 817 02d8 E2020000 		.4byte	0x2e2
 818 02dc 05       		.uleb128 0x5
 819 02dd 03       		.byte	0x3
 820 02de 00000000 		.4byte	cfg_memset_list.4992
 821 02e2 1B       		.uleb128 0x1b
 822 02e3 BB020000 		.4byte	0x2bb
 823 02e7 1C       		.uleb128 0x1c
 824 02e8 6900     		.ascii	"i\000"
 825 02ea 01       		.byte	0x1
 826 02eb 4D01     		.2byte	0x14d
 827 02ed 8D000000 		.4byte	0x8d
 828 02f1 0C010000 		.4byte	.LLST8
 829 02f5 1D       		.uleb128 0x1d
 830 02f6 12000000 		.4byte	.LBB3
 831 02fa 16000000 		.4byte	.LBE3-.LBB3
 832 02fe 1C       		.uleb128 0x1c
 833 02ff 6D7300   		.ascii	"ms\000"
 834 0302 01       		.byte	0x1
 835 0303 5201     		.2byte	0x152
 836 0305 0D030000 		.4byte	0x30d
 837 0309 36010000 		.4byte	.LLST9
 838 030d 11       		.uleb128 0x11
 839 030e 04       		.byte	0x4
 840 030f CB020000 		.4byte	0x2cb
 841 0313 0D       		.uleb128 0xd
 842 0314 28000000 		.4byte	.LVL20
 843 0318 29010000 		.4byte	0x129
 844 031c 0E       		.uleb128 0xe
 845 031d 01       		.uleb128 0x1
 846 031e 51       		.byte	0x51
 847 031f 14       		.uleb128 0x14
 848 0320 74       		.byte	0x74
 849 0321 00       		.sleb128 0
 850 0322 31       		.byte	0x31
 851 0323 24       		.byte	0x24
 852 0324 74       		.byte	0x74
 853 0325 00       		.sleb128 0
 854 0326 22       		.byte	0x22
 855 0327 31       		.byte	0x31
 856 0328 24       		.byte	0x24
ARM GAS  C:\Users\bourg\AppData\Local\Temp\ccgeEvSF.s 			page 23


 857 0329 75       		.byte	0x75
 858 032a 00       		.sleb128 0
 859 032b 22       		.byte	0x22
 860 032c 23       		.byte	0x23
 861 032d 04       		.uleb128 0x4
 862 032e 94       		.byte	0x94
 863 032f 02       		.byte	0x2
 864 0330 0A       		.byte	0xa
 865 0331 FFFF     		.2byte	0xffff
 866 0333 1A       		.byte	0x1a
 867 0334 00       		.byte	0
 868 0335 00       		.byte	0
 869 0336 00       		.byte	0
 870 0337 0F       		.uleb128 0xf
 871 0338 50000000 		.4byte	.LVL23
 872 033c CE010000 		.4byte	0x1ce
 873 0340 5A030000 		.4byte	0x35a
 874 0344 0E       		.uleb128 0xe
 875 0345 01       		.uleb128 0x1
 876 0346 50       		.byte	0x50
 877 0347 05       		.uleb128 0x5
 878 0348 0C       		.byte	0xc
 879 0349 02510040 		.4byte	0x40005102
 880 034d 0E       		.uleb128 0xe
 881 034e 01       		.uleb128 0x1
 882 034f 51       		.byte	0x51
 883 0350 03       		.uleb128 0x3
 884 0351 42       		.byte	0x42
 885 0352 4A       		.byte	0x4a
 886 0353 24       		.byte	0x24
 887 0354 0E       		.uleb128 0xe
 888 0355 01       		.uleb128 0x1
 889 0356 52       		.byte	0x52
 890 0357 01       		.uleb128 0x1
 891 0358 38       		.byte	0x38
 892 0359 00       		.byte	0
 893 035a 0F       		.uleb128 0xf
 894 035b 5A000000 		.4byte	.LVL24
 895 035f CE010000 		.4byte	0x1ce
 896 0363 7F030000 		.4byte	0x37f
 897 0367 0E       		.uleb128 0xe
 898 0368 01       		.uleb128 0x1
 899 0369 50       		.byte	0x50
 900 036a 05       		.uleb128 0x5
 901 036b 0C       		.byte	0xc
 902 036c C2510040 		.4byte	0x400051c2
 903 0370 0E       		.uleb128 0xe
 904 0371 01       		.uleb128 0x1
 905 0372 51       		.byte	0x51
 906 0373 05       		.uleb128 0x5
 907 0374 0C       		.byte	0xc
 908 0375 08000048 		.4byte	0x48000008
 909 0379 0E       		.uleb128 0xe
 910 037a 01       		.uleb128 0x1
 911 037b 52       		.byte	0x52
 912 037c 01       		.uleb128 0x1
 913 037d 38       		.byte	0x38
ARM GAS  C:\Users\bourg\AppData\Local\Temp\ccgeEvSF.s 			page 24


 914 037e 00       		.byte	0
 915 037f 0F       		.uleb128 0xf
 916 0380 64000000 		.4byte	.LVL25
 917 0384 CE010000 		.4byte	0x1ce
 918 0388 A4030000 		.4byte	0x3a4
 919 038c 0E       		.uleb128 0xe
 920 038d 01       		.uleb128 0x1
 921 038e 50       		.byte	0x50
 922 038f 05       		.uleb128 0x5
 923 0390 0C       		.byte	0xc
 924 0391 F0510040 		.4byte	0x400051f0
 925 0395 0E       		.uleb128 0xe
 926 0396 01       		.uleb128 0x1
 927 0397 51       		.byte	0x51
 928 0398 05       		.uleb128 0x5
 929 0399 0C       		.byte	0xc
 930 039a 10000048 		.4byte	0x48000010
 931 039e 0E       		.uleb128 0xe
 932 039f 01       		.uleb128 0x1
 933 03a0 52       		.byte	0x52
 934 03a1 01       		.uleb128 0x1
 935 03a2 3A       		.byte	0x3a
 936 03a3 00       		.byte	0
 937 03a4 0F       		.uleb128 0xf
 938 03a5 6E000000 		.4byte	.LVL26
 939 03a9 CE010000 		.4byte	0x1ce
 940 03ad C9030000 		.4byte	0x3c9
 941 03b1 0E       		.uleb128 0xe
 942 03b2 01       		.uleb128 0x1
 943 03b3 50       		.byte	0x50
 944 03b4 05       		.uleb128 0x5
 945 03b5 0C       		.byte	0xc
 946 03b6 12510040 		.4byte	0x40005112
 947 03ba 0E       		.uleb128 0xe
 948 03bb 01       		.uleb128 0x1
 949 03bc 51       		.byte	0x51
 950 03bd 05       		.uleb128 0x5
 951 03be 0C       		.byte	0xc
 952 03bf 1C000048 		.4byte	0x4800001c
 953 03c3 0E       		.uleb128 0xe
 954 03c4 01       		.uleb128 0x1
 955 03c5 52       		.byte	0x52
 956 03c6 01       		.uleb128 0x1
 957 03c7 38       		.byte	0x38
 958 03c8 00       		.byte	0
 959 03c9 0F       		.uleb128 0xf
 960 03ca 78000000 		.4byte	.LVL27
 961 03ce CE010000 		.4byte	0x1ce
 962 03d2 EE030000 		.4byte	0x3ee
 963 03d6 0E       		.uleb128 0xe
 964 03d7 01       		.uleb128 0x1
 965 03d8 50       		.byte	0x50
 966 03d9 05       		.uleb128 0x5
 967 03da 0C       		.byte	0xc
 968 03db 22510040 		.4byte	0x40005122
 969 03df 0E       		.uleb128 0xe
 970 03e0 01       		.uleb128 0x1
ARM GAS  C:\Users\bourg\AppData\Local\Temp\ccgeEvSF.s 			page 25


 971 03e1 51       		.byte	0x51
 972 03e2 05       		.uleb128 0x5
 973 03e3 0C       		.byte	0xc
 974 03e4 24000048 		.4byte	0x48000024
 975 03e8 0E       		.uleb128 0xe
 976 03e9 01       		.uleb128 0x1
 977 03ea 52       		.byte	0x52
 978 03eb 01       		.uleb128 0x1
 979 03ec 38       		.byte	0x38
 980 03ed 00       		.byte	0
 981 03ee 0F       		.uleb128 0xf
 982 03ef 82000000 		.4byte	.LVL28
 983 03f3 CE010000 		.4byte	0x1ce
 984 03f7 13040000 		.4byte	0x413
 985 03fb 0E       		.uleb128 0xe
 986 03fc 01       		.uleb128 0x1
 987 03fd 50       		.byte	0x50
 988 03fe 05       		.uleb128 0x5
 989 03ff 0C       		.byte	0xc
 990 0400 30510040 		.4byte	0x40005130
 991 0404 0E       		.uleb128 0xe
 992 0405 01       		.uleb128 0x1
 993 0406 51       		.byte	0x51
 994 0407 05       		.uleb128 0x5
 995 0408 0C       		.byte	0xc
 996 0409 2C000048 		.4byte	0x4800002c
 997 040d 0E       		.uleb128 0xe
 998 040e 01       		.uleb128 0x1
 999 040f 52       		.byte	0x52
 1000 0410 01       		.uleb128 0x1
 1001 0411 3A       		.byte	0x3a
 1002 0412 00       		.byte	0
 1003 0413 1E       		.uleb128 0x1e
 1004 0414 96000000 		.4byte	.LVL30
 1005 0418 76010000 		.4byte	0x176
 1006 041c 1E       		.uleb128 0x1e
 1007 041d A4000000 		.4byte	.LVL31
 1008 0421 04010000 		.4byte	0x104
 1009 0425 0D       		.uleb128 0xd
 1010 0426 AE000000 		.4byte	.LVL32
 1011 042a CE010000 		.4byte	0x1ce
 1012 042e 0E       		.uleb128 0xe
 1013 042f 01       		.uleb128 0x1
 1014 0430 50       		.byte	0x50
 1015 0431 05       		.uleb128 0x5
 1016 0432 0C       		.byte	0xc
 1017 0433 B0430040 		.4byte	0x400043b0
 1018 0437 0E       		.uleb128 0xe
 1019 0438 01       		.uleb128 0x1
 1020 0439 51       		.byte	0x51
 1021 043a 05       		.uleb128 0x5
 1022 043b 0C       		.byte	0xc
 1023 043c A0430040 		.4byte	0x400043a0
 1024 0440 0E       		.uleb128 0xe
 1025 0441 01       		.uleb128 0x1
 1026 0442 52       		.byte	0x52
 1027 0443 01       		.uleb128 0x1
ARM GAS  C:\Users\bourg\AppData\Local\Temp\ccgeEvSF.s 			page 26


 1028 0444 3E       		.byte	0x3e
 1029 0445 00       		.byte	0
 1030 0446 00       		.byte	0
 1031 0447 1F       		.uleb128 0x1f
 1032 0448 67010000 		.4byte	.LASF37
 1033 044c 67010000 		.4byte	.LASF37
 1034 0450 20       		.uleb128 0x20
 1035 0451 06000000 		.4byte	.LASF43
 1036 0455 06000000 		.4byte	.LASF43
 1037 0459 04       		.byte	0x4
 1038 045a 79       		.byte	0x79
 1039 045b 1F       		.uleb128 0x1f
 1040 045c 10020000 		.4byte	.LASF38
 1041 0460 10020000 		.4byte	.LASF38
 1042 0464 00       		.byte	0
 1043              		.section	.debug_abbrev,"",%progbits
 1044              	.Ldebug_abbrev0:
 1045 0000 01       		.uleb128 0x1
 1046 0001 11       		.uleb128 0x11
 1047 0002 01       		.byte	0x1
 1048 0003 25       		.uleb128 0x25
 1049 0004 0E       		.uleb128 0xe
 1050 0005 13       		.uleb128 0x13
 1051 0006 0B       		.uleb128 0xb
 1052 0007 03       		.uleb128 0x3
 1053 0008 0E       		.uleb128 0xe
 1054 0009 1B       		.uleb128 0x1b
 1055 000a 0E       		.uleb128 0xe
 1056 000b 55       		.uleb128 0x55
 1057 000c 17       		.uleb128 0x17
 1058 000d 11       		.uleb128 0x11
 1059 000e 01       		.uleb128 0x1
 1060 000f 10       		.uleb128 0x10
 1061 0010 17       		.uleb128 0x17
 1062 0011 00       		.byte	0
 1063 0012 00       		.byte	0
 1064 0013 02       		.uleb128 0x2
 1065 0014 24       		.uleb128 0x24
 1066 0015 00       		.byte	0
 1067 0016 0B       		.uleb128 0xb
 1068 0017 0B       		.uleb128 0xb
 1069 0018 3E       		.uleb128 0x3e
 1070 0019 0B       		.uleb128 0xb
 1071 001a 03       		.uleb128 0x3
 1072 001b 08       		.uleb128 0x8
 1073 001c 00       		.byte	0
 1074 001d 00       		.byte	0
 1075 001e 03       		.uleb128 0x3
 1076 001f 16       		.uleb128 0x16
 1077 0020 00       		.byte	0
 1078 0021 03       		.uleb128 0x3
 1079 0022 0E       		.uleb128 0xe
 1080 0023 3A       		.uleb128 0x3a
 1081 0024 0B       		.uleb128 0xb
 1082 0025 3B       		.uleb128 0x3b
 1083 0026 0B       		.uleb128 0xb
 1084 0027 49       		.uleb128 0x49
ARM GAS  C:\Users\bourg\AppData\Local\Temp\ccgeEvSF.s 			page 27


 1085 0028 13       		.uleb128 0x13
 1086 0029 00       		.byte	0
 1087 002a 00       		.byte	0
 1088 002b 04       		.uleb128 0x4
 1089 002c 24       		.uleb128 0x24
 1090 002d 00       		.byte	0
 1091 002e 0B       		.uleb128 0xb
 1092 002f 0B       		.uleb128 0xb
 1093 0030 3E       		.uleb128 0x3e
 1094 0031 0B       		.uleb128 0xb
 1095 0032 03       		.uleb128 0x3
 1096 0033 0E       		.uleb128 0xe
 1097 0034 00       		.byte	0
 1098 0035 00       		.byte	0
 1099 0036 05       		.uleb128 0x5
 1100 0037 0F       		.uleb128 0xf
 1101 0038 00       		.byte	0
 1102 0039 0B       		.uleb128 0xb
 1103 003a 0B       		.uleb128 0xb
 1104 003b 00       		.byte	0
 1105 003c 00       		.byte	0
 1106 003d 06       		.uleb128 0x6
 1107 003e 16       		.uleb128 0x16
 1108 003f 00       		.byte	0
 1109 0040 03       		.uleb128 0x3
 1110 0041 0E       		.uleb128 0xe
 1111 0042 3A       		.uleb128 0x3a
 1112 0043 0B       		.uleb128 0xb
 1113 0044 3B       		.uleb128 0x3b
 1114 0045 05       		.uleb128 0x5
 1115 0046 49       		.uleb128 0x49
 1116 0047 13       		.uleb128 0x13
 1117 0048 00       		.byte	0
 1118 0049 00       		.byte	0
 1119 004a 07       		.uleb128 0x7
 1120 004b 35       		.uleb128 0x35
 1121 004c 00       		.byte	0
 1122 004d 49       		.uleb128 0x49
 1123 004e 13       		.uleb128 0x13
 1124 004f 00       		.byte	0
 1125 0050 00       		.byte	0
 1126 0051 08       		.uleb128 0x8
 1127 0052 2E       		.uleb128 0x2e
 1128 0053 01       		.byte	0x1
 1129 0054 03       		.uleb128 0x3
 1130 0055 0E       		.uleb128 0xe
 1131 0056 3A       		.uleb128 0x3a
 1132 0057 0B       		.uleb128 0xb
 1133 0058 3B       		.uleb128 0x3b
 1134 0059 0B       		.uleb128 0xb
 1135 005a 27       		.uleb128 0x27
 1136 005b 19       		.uleb128 0x19
 1137 005c 8701     		.uleb128 0x87
 1138 005e 19       		.uleb128 0x19
 1139 005f 11       		.uleb128 0x11
 1140 0060 01       		.uleb128 0x1
 1141 0061 12       		.uleb128 0x12
ARM GAS  C:\Users\bourg\AppData\Local\Temp\ccgeEvSF.s 			page 28


 1142 0062 06       		.uleb128 0x6
 1143 0063 40       		.uleb128 0x40
 1144 0064 18       		.uleb128 0x18
 1145 0065 9742     		.uleb128 0x2117
 1146 0067 19       		.uleb128 0x19
 1147 0068 01       		.uleb128 0x1
 1148 0069 13       		.uleb128 0x13
 1149 006a 00       		.byte	0
 1150 006b 00       		.byte	0
 1151 006c 09       		.uleb128 0x9
 1152 006d 05       		.uleb128 0x5
 1153 006e 00       		.byte	0
 1154 006f 03       		.uleb128 0x3
 1155 0070 0E       		.uleb128 0xe
 1156 0071 3A       		.uleb128 0x3a
 1157 0072 0B       		.uleb128 0xb
 1158 0073 3B       		.uleb128 0x3b
 1159 0074 0B       		.uleb128 0xb
 1160 0075 49       		.uleb128 0x49
 1161 0076 13       		.uleb128 0x13
 1162 0077 02       		.uleb128 0x2
 1163 0078 18       		.uleb128 0x18
 1164 0079 00       		.byte	0
 1165 007a 00       		.byte	0
 1166 007b 0A       		.uleb128 0xa
 1167 007c 2E       		.uleb128 0x2e
 1168 007d 01       		.byte	0x1
 1169 007e 03       		.uleb128 0x3
 1170 007f 0E       		.uleb128 0xe
 1171 0080 3A       		.uleb128 0x3a
 1172 0081 0B       		.uleb128 0xb
 1173 0082 3B       		.uleb128 0x3b
 1174 0083 0B       		.uleb128 0xb
 1175 0084 27       		.uleb128 0x27
 1176 0085 19       		.uleb128 0x19
 1177 0086 11       		.uleb128 0x11
 1178 0087 01       		.uleb128 0x1
 1179 0088 12       		.uleb128 0x12
 1180 0089 06       		.uleb128 0x6
 1181 008a 40       		.uleb128 0x40
 1182 008b 18       		.uleb128 0x18
 1183 008c 9742     		.uleb128 0x2117
 1184 008e 19       		.uleb128 0x19
 1185 008f 01       		.uleb128 0x1
 1186 0090 13       		.uleb128 0x13
 1187 0091 00       		.byte	0
 1188 0092 00       		.byte	0
 1189 0093 0B       		.uleb128 0xb
 1190 0094 34       		.uleb128 0x34
 1191 0095 00       		.byte	0
 1192 0096 03       		.uleb128 0x3
 1193 0097 0E       		.uleb128 0xe
 1194 0098 3A       		.uleb128 0x3a
 1195 0099 0B       		.uleb128 0xb
 1196 009a 3B       		.uleb128 0x3b
 1197 009b 0B       		.uleb128 0xb
 1198 009c 49       		.uleb128 0x49
ARM GAS  C:\Users\bourg\AppData\Local\Temp\ccgeEvSF.s 			page 29


 1199 009d 13       		.uleb128 0x13
 1200 009e 02       		.uleb128 0x2
 1201 009f 17       		.uleb128 0x17
 1202 00a0 00       		.byte	0
 1203 00a1 00       		.byte	0
 1204 00a2 0C       		.uleb128 0xc
 1205 00a3 05       		.uleb128 0x5
 1206 00a4 00       		.byte	0
 1207 00a5 03       		.uleb128 0x3
 1208 00a6 08       		.uleb128 0x8
 1209 00a7 3A       		.uleb128 0x3a
 1210 00a8 0B       		.uleb128 0xb
 1211 00a9 3B       		.uleb128 0x3b
 1212 00aa 0B       		.uleb128 0xb
 1213 00ab 49       		.uleb128 0x49
 1214 00ac 13       		.uleb128 0x13
 1215 00ad 02       		.uleb128 0x2
 1216 00ae 17       		.uleb128 0x17
 1217 00af 00       		.byte	0
 1218 00b0 00       		.byte	0
 1219 00b1 0D       		.uleb128 0xd
 1220 00b2 898201   		.uleb128 0x4109
 1221 00b5 01       		.byte	0x1
 1222 00b6 11       		.uleb128 0x11
 1223 00b7 01       		.uleb128 0x1
 1224 00b8 31       		.uleb128 0x31
 1225 00b9 13       		.uleb128 0x13
 1226 00ba 00       		.byte	0
 1227 00bb 00       		.byte	0
 1228 00bc 0E       		.uleb128 0xe
 1229 00bd 8A8201   		.uleb128 0x410a
 1230 00c0 00       		.byte	0
 1231 00c1 02       		.uleb128 0x2
 1232 00c2 18       		.uleb128 0x18
 1233 00c3 9142     		.uleb128 0x2111
 1234 00c5 18       		.uleb128 0x18
 1235 00c6 00       		.byte	0
 1236 00c7 00       		.byte	0
 1237 00c8 0F       		.uleb128 0xf
 1238 00c9 898201   		.uleb128 0x4109
 1239 00cc 01       		.byte	0x1
 1240 00cd 11       		.uleb128 0x11
 1241 00ce 01       		.uleb128 0x1
 1242 00cf 31       		.uleb128 0x31
 1243 00d0 13       		.uleb128 0x13
 1244 00d1 01       		.uleb128 0x1
 1245 00d2 13       		.uleb128 0x13
 1246 00d3 00       		.byte	0
 1247 00d4 00       		.byte	0
 1248 00d5 10       		.uleb128 0x10
 1249 00d6 05       		.uleb128 0x5
 1250 00d7 00       		.byte	0
 1251 00d8 03       		.uleb128 0x3
 1252 00d9 0E       		.uleb128 0xe
 1253 00da 3A       		.uleb128 0x3a
 1254 00db 0B       		.uleb128 0xb
 1255 00dc 3B       		.uleb128 0x3b
ARM GAS  C:\Users\bourg\AppData\Local\Temp\ccgeEvSF.s 			page 30


 1256 00dd 0B       		.uleb128 0xb
 1257 00de 49       		.uleb128 0x49
 1258 00df 13       		.uleb128 0x13
 1259 00e0 02       		.uleb128 0x2
 1260 00e1 17       		.uleb128 0x17
 1261 00e2 00       		.byte	0
 1262 00e3 00       		.byte	0
 1263 00e4 11       		.uleb128 0x11
 1264 00e5 0F       		.uleb128 0xf
 1265 00e6 00       		.byte	0
 1266 00e7 0B       		.uleb128 0xb
 1267 00e8 0B       		.uleb128 0xb
 1268 00e9 49       		.uleb128 0x49
 1269 00ea 13       		.uleb128 0x13
 1270 00eb 00       		.byte	0
 1271 00ec 00       		.byte	0
 1272 00ed 12       		.uleb128 0x12
 1273 00ee 26       		.uleb128 0x26
 1274 00ef 00       		.byte	0
 1275 00f0 00       		.byte	0
 1276 00f1 00       		.byte	0
 1277 00f2 13       		.uleb128 0x13
 1278 00f3 2E       		.uleb128 0x2e
 1279 00f4 01       		.byte	0x1
 1280 00f5 3F       		.uleb128 0x3f
 1281 00f6 19       		.uleb128 0x19
 1282 00f7 03       		.uleb128 0x3
 1283 00f8 0E       		.uleb128 0xe
 1284 00f9 3A       		.uleb128 0x3a
 1285 00fa 0B       		.uleb128 0xb
 1286 00fb 3B       		.uleb128 0x3b
 1287 00fc 05       		.uleb128 0x5
 1288 00fd 27       		.uleb128 0x27
 1289 00fe 19       		.uleb128 0x19
 1290 00ff 11       		.uleb128 0x11
 1291 0100 01       		.uleb128 0x1
 1292 0101 12       		.uleb128 0x12
 1293 0102 06       		.uleb128 0x6
 1294 0103 40       		.uleb128 0x40
 1295 0104 18       		.uleb128 0x18
 1296 0105 9742     		.uleb128 0x2117
 1297 0107 19       		.uleb128 0x19
 1298 0108 01       		.uleb128 0x1
 1299 0109 13       		.uleb128 0x13
 1300 010a 00       		.byte	0
 1301 010b 00       		.byte	0
 1302 010c 14       		.uleb128 0x14
 1303 010d 05       		.uleb128 0x5
 1304 010e 00       		.byte	0
 1305 010f 03       		.uleb128 0x3
 1306 0110 0E       		.uleb128 0xe
 1307 0111 3A       		.uleb128 0x3a
 1308 0112 0B       		.uleb128 0xb
 1309 0113 3B       		.uleb128 0x3b
 1310 0114 05       		.uleb128 0x5
 1311 0115 49       		.uleb128 0x49
 1312 0116 13       		.uleb128 0x13
ARM GAS  C:\Users\bourg\AppData\Local\Temp\ccgeEvSF.s 			page 31


 1313 0117 02       		.uleb128 0x2
 1314 0118 18       		.uleb128 0x18
 1315 0119 00       		.byte	0
 1316 011a 00       		.byte	0
 1317 011b 15       		.uleb128 0x15
 1318 011c 34       		.uleb128 0x34
 1319 011d 00       		.byte	0
 1320 011e 03       		.uleb128 0x3
 1321 011f 0E       		.uleb128 0xe
 1322 0120 3A       		.uleb128 0x3a
 1323 0121 0B       		.uleb128 0xb
 1324 0122 3B       		.uleb128 0x3b
 1325 0123 05       		.uleb128 0x5
 1326 0124 49       		.uleb128 0x49
 1327 0125 13       		.uleb128 0x13
 1328 0126 02       		.uleb128 0x2
 1329 0127 18       		.uleb128 0x18
 1330 0128 00       		.byte	0
 1331 0129 00       		.byte	0
 1332 012a 16       		.uleb128 0x16
 1333 012b 0B       		.uleb128 0xb
 1334 012c 01       		.byte	0x1
 1335 012d 11       		.uleb128 0x11
 1336 012e 01       		.uleb128 0x1
 1337 012f 12       		.uleb128 0x12
 1338 0130 06       		.uleb128 0x6
 1339 0131 01       		.uleb128 0x1
 1340 0132 13       		.uleb128 0x13
 1341 0133 00       		.byte	0
 1342 0134 00       		.byte	0
 1343 0135 17       		.uleb128 0x17
 1344 0136 13       		.uleb128 0x13
 1345 0137 01       		.byte	0x1
 1346 0138 0B       		.uleb128 0xb
 1347 0139 0B       		.uleb128 0xb
 1348 013a 3A       		.uleb128 0x3a
 1349 013b 0B       		.uleb128 0xb
 1350 013c 3B       		.uleb128 0x3b
 1351 013d 05       		.uleb128 0x5
 1352 013e 01       		.uleb128 0x1
 1353 013f 13       		.uleb128 0x13
 1354 0140 00       		.byte	0
 1355 0141 00       		.byte	0
 1356 0142 18       		.uleb128 0x18
 1357 0143 0D       		.uleb128 0xd
 1358 0144 00       		.byte	0
 1359 0145 03       		.uleb128 0x3
 1360 0146 0E       		.uleb128 0xe
 1361 0147 3A       		.uleb128 0x3a
 1362 0148 0B       		.uleb128 0xb
 1363 0149 3B       		.uleb128 0x3b
 1364 014a 05       		.uleb128 0x5
 1365 014b 49       		.uleb128 0x49
 1366 014c 13       		.uleb128 0x13
 1367 014d 38       		.uleb128 0x38
 1368 014e 0B       		.uleb128 0xb
 1369 014f 00       		.byte	0
ARM GAS  C:\Users\bourg\AppData\Local\Temp\ccgeEvSF.s 			page 32


 1370 0150 00       		.byte	0
 1371 0151 19       		.uleb128 0x19
 1372 0152 01       		.uleb128 0x1
 1373 0153 01       		.byte	0x1
 1374 0154 49       		.uleb128 0x49
 1375 0155 13       		.uleb128 0x13
 1376 0156 01       		.uleb128 0x1
 1377 0157 13       		.uleb128 0x13
 1378 0158 00       		.byte	0
 1379 0159 00       		.byte	0
 1380 015a 1A       		.uleb128 0x1a
 1381 015b 21       		.uleb128 0x21
 1382 015c 00       		.byte	0
 1383 015d 49       		.uleb128 0x49
 1384 015e 13       		.uleb128 0x13
 1385 015f 2F       		.uleb128 0x2f
 1386 0160 0B       		.uleb128 0xb
 1387 0161 00       		.byte	0
 1388 0162 00       		.byte	0
 1389 0163 1B       		.uleb128 0x1b
 1390 0164 26       		.uleb128 0x26
 1391 0165 00       		.byte	0
 1392 0166 49       		.uleb128 0x49
 1393 0167 13       		.uleb128 0x13
 1394 0168 00       		.byte	0
 1395 0169 00       		.byte	0
 1396 016a 1C       		.uleb128 0x1c
 1397 016b 34       		.uleb128 0x34
 1398 016c 00       		.byte	0
 1399 016d 03       		.uleb128 0x3
 1400 016e 08       		.uleb128 0x8
 1401 016f 3A       		.uleb128 0x3a
 1402 0170 0B       		.uleb128 0xb
 1403 0171 3B       		.uleb128 0x3b
 1404 0172 05       		.uleb128 0x5
 1405 0173 49       		.uleb128 0x49
 1406 0174 13       		.uleb128 0x13
 1407 0175 02       		.uleb128 0x2
 1408 0176 17       		.uleb128 0x17
 1409 0177 00       		.byte	0
 1410 0178 00       		.byte	0
 1411 0179 1D       		.uleb128 0x1d
 1412 017a 0B       		.uleb128 0xb
 1413 017b 01       		.byte	0x1
 1414 017c 11       		.uleb128 0x11
 1415 017d 01       		.uleb128 0x1
 1416 017e 12       		.uleb128 0x12
 1417 017f 06       		.uleb128 0x6
 1418 0180 00       		.byte	0
 1419 0181 00       		.byte	0
 1420 0182 1E       		.uleb128 0x1e
 1421 0183 898201   		.uleb128 0x4109
 1422 0186 00       		.byte	0
 1423 0187 11       		.uleb128 0x11
 1424 0188 01       		.uleb128 0x1
 1425 0189 31       		.uleb128 0x31
 1426 018a 13       		.uleb128 0x13
ARM GAS  C:\Users\bourg\AppData\Local\Temp\ccgeEvSF.s 			page 33


 1427 018b 00       		.byte	0
 1428 018c 00       		.byte	0
 1429 018d 1F       		.uleb128 0x1f
 1430 018e 2E       		.uleb128 0x2e
 1431 018f 00       		.byte	0
 1432 0190 3F       		.uleb128 0x3f
 1433 0191 19       		.uleb128 0x19
 1434 0192 3C       		.uleb128 0x3c
 1435 0193 19       		.uleb128 0x19
 1436 0194 6E       		.uleb128 0x6e
 1437 0195 0E       		.uleb128 0xe
 1438 0196 03       		.uleb128 0x3
 1439 0197 0E       		.uleb128 0xe
 1440 0198 00       		.byte	0
 1441 0199 00       		.byte	0
 1442 019a 20       		.uleb128 0x20
 1443 019b 2E       		.uleb128 0x2e
 1444 019c 00       		.byte	0
 1445 019d 3F       		.uleb128 0x3f
 1446 019e 19       		.uleb128 0x19
 1447 019f 3C       		.uleb128 0x3c
 1448 01a0 19       		.uleb128 0x19
 1449 01a1 6E       		.uleb128 0x6e
 1450 01a2 0E       		.uleb128 0xe
 1451 01a3 03       		.uleb128 0x3
 1452 01a4 0E       		.uleb128 0xe
 1453 01a5 3A       		.uleb128 0x3a
 1454 01a6 0B       		.uleb128 0xb
 1455 01a7 3B       		.uleb128 0x3b
 1456 01a8 0B       		.uleb128 0xb
 1457 01a9 00       		.byte	0
 1458 01aa 00       		.byte	0
 1459 01ab 00       		.byte	0
 1460              		.section	.debug_loc,"",%progbits
 1461              	.Ldebug_loc0:
 1462              	.LLST0:
 1463 0000 06000000 		.4byte	.LVL1
 1464 0004 10000000 		.4byte	.LVL2
 1465 0008 0100     		.2byte	0x1
 1466 000a 53       		.byte	0x53
 1467 000b 00000000 		.4byte	0
 1468 000f 00000000 		.4byte	0
 1469              	.LLST1:
 1470 0013 00000000 		.4byte	.LVL3
 1471 0017 09000000 		.4byte	.LVL5-1
 1472 001b 0100     		.2byte	0x1
 1473 001d 50       		.byte	0x50
 1474 001e 09000000 		.4byte	.LVL5-1
 1475 0022 0C000000 		.4byte	.LFE0
 1476 0026 0400     		.2byte	0x4
 1477 0028 F3       		.byte	0xf3
 1478 0029 01       		.uleb128 0x1
 1479 002a 50       		.byte	0x50
 1480 002b 9F       		.byte	0x9f
 1481 002c 00000000 		.4byte	0
 1482 0030 00000000 		.4byte	0
 1483              	.LLST2:
ARM GAS  C:\Users\bourg\AppData\Local\Temp\ccgeEvSF.s 			page 34


 1484 0034 00000000 		.4byte	.LVL3
 1485 0038 06000000 		.4byte	.LVL4
 1486 003c 0100     		.2byte	0x1
 1487 003e 51       		.byte	0x51
 1488 003f 06000000 		.4byte	.LVL4
 1489 0043 09000000 		.4byte	.LVL5-1
 1490 0047 0100     		.2byte	0x1
 1491 0049 52       		.byte	0x52
 1492 004a 09000000 		.4byte	.LVL5-1
 1493 004e 0C000000 		.4byte	.LFE0
 1494 0052 0400     		.2byte	0x4
 1495 0054 F3       		.byte	0xf3
 1496 0055 01       		.uleb128 0x1
 1497 0056 51       		.byte	0x51
 1498 0057 9F       		.byte	0x9f
 1499 0058 00000000 		.4byte	0
 1500 005c 00000000 		.4byte	0
 1501              	.LLST3:
 1502 0060 2E000000 		.4byte	.LVL6
 1503 0064 34000000 		.4byte	.LVL7
 1504 0068 0200     		.2byte	0x2
 1505 006a 49       		.byte	0x49
 1506 006b 9F       		.byte	0x9f
 1507 006c 34000000 		.4byte	.LVL7
 1508 0070 7E000000 		.4byte	.LVL13
 1509 0074 0100     		.2byte	0x1
 1510 0076 55       		.byte	0x55
 1511 0077 00000000 		.4byte	0
 1512 007b 00000000 		.4byte	0
 1513              	.LLST4:
 1514 007f 2E000000 		.4byte	.LVL6
 1515 0083 34000000 		.4byte	.LVL7
 1516 0087 0200     		.2byte	0x2
 1517 0089 30       		.byte	0x30
 1518 008a 9F       		.byte	0x9f
 1519 008b 34000000 		.4byte	.LVL7
 1520 008f 40000000 		.4byte	.LVL8
 1521 0093 0100     		.2byte	0x1
 1522 0095 54       		.byte	0x54
 1523 0096 44000000 		.4byte	.LVL9
 1524 009a 7E000000 		.4byte	.LVL13
 1525 009e 0100     		.2byte	0x1
 1526 00a0 54       		.byte	0x54
 1527 00a1 00000000 		.4byte	0
 1528 00a5 00000000 		.4byte	0
 1529              	.LLST5:
 1530 00a9 00000000 		.4byte	.LVL14
 1531 00ad 05000000 		.4byte	.LVL15-1
 1532 00b1 0100     		.2byte	0x1
 1533 00b3 50       		.byte	0x50
 1534 00b4 05000000 		.4byte	.LVL15-1
 1535 00b8 08000000 		.4byte	.LFE1
 1536 00bc 0400     		.2byte	0x4
 1537 00be F3       		.byte	0xf3
 1538 00bf 01       		.uleb128 0x1
 1539 00c0 50       		.byte	0x50
 1540 00c1 9F       		.byte	0x9f
ARM GAS  C:\Users\bourg\AppData\Local\Temp\ccgeEvSF.s 			page 35


 1541 00c2 00000000 		.4byte	0
 1542 00c6 00000000 		.4byte	0
 1543              	.LLST6:
 1544 00ca 00000000 		.4byte	.LVL14
 1545 00ce 05000000 		.4byte	.LVL15-1
 1546 00d2 0100     		.2byte	0x1
 1547 00d4 51       		.byte	0x51
 1548 00d5 05000000 		.4byte	.LVL15-1
 1549 00d9 08000000 		.4byte	.LFE1
 1550 00dd 0400     		.2byte	0x4
 1551 00df F3       		.byte	0xf3
 1552 00e0 01       		.uleb128 0x1
 1553 00e1 51       		.byte	0x51
 1554 00e2 9F       		.byte	0x9f
 1555 00e3 00000000 		.4byte	0
 1556 00e7 00000000 		.4byte	0
 1557              	.LLST7:
 1558 00eb 00000000 		.4byte	.LVL14
 1559 00ef 05000000 		.4byte	.LVL15-1
 1560 00f3 0100     		.2byte	0x1
 1561 00f5 52       		.byte	0x52
 1562 00f6 05000000 		.4byte	.LVL15-1
 1563 00fa 08000000 		.4byte	.LFE1
 1564 00fe 0400     		.2byte	0x4
 1565 0100 F3       		.byte	0xf3
 1566 0101 01       		.uleb128 0x1
 1567 0102 52       		.byte	0x52
 1568 0103 9F       		.byte	0x9f
 1569 0104 00000000 		.4byte	0
 1570 0108 00000000 		.4byte	0
 1571              	.LLST8:
 1572 010c 0E000000 		.4byte	.LVL18
 1573 0110 12000000 		.4byte	.LVL19
 1574 0114 0200     		.2byte	0x2
 1575 0116 30       		.byte	0x30
 1576 0117 9F       		.byte	0x9f
 1577 0118 12000000 		.4byte	.LVL19
 1578 011c 2A000000 		.4byte	.LVL21
 1579 0120 0100     		.2byte	0x1
 1580 0122 54       		.byte	0x54
 1581 0123 2C000000 		.4byte	.LVL22
 1582 0127 8E000000 		.4byte	.LVL29
 1583 012b 0100     		.2byte	0x1
 1584 012d 54       		.byte	0x54
 1585 012e 00000000 		.4byte	0
 1586 0132 00000000 		.4byte	0
 1587              	.LLST9:
 1588 0136 12000000 		.4byte	.LVL19
 1589 013a 2A000000 		.4byte	.LVL21
 1590 013e 0B00     		.2byte	0xb
 1591 0140 74       		.byte	0x74
 1592 0141 00       		.sleb128 0
 1593 0142 36       		.byte	0x36
 1594 0143 1E       		.byte	0x1e
 1595 0144 03       		.byte	0x3
 1596 0145 00000000 		.4byte	cfg_memset_list.4992
 1597 0149 22       		.byte	0x22
ARM GAS  C:\Users\bourg\AppData\Local\Temp\ccgeEvSF.s 			page 36


 1598 014a 9F       		.byte	0x9f
 1599 014b 2A000000 		.4byte	.LVL21
 1600 014f 2C000000 		.4byte	.LVL22
 1601 0153 0B00     		.2byte	0xb
 1602 0155 74       		.byte	0x74
 1603 0156 7F       		.sleb128 -1
 1604 0157 36       		.byte	0x36
 1605 0158 1E       		.byte	0x1e
 1606 0159 03       		.byte	0x3
 1607 015a 00000000 		.4byte	cfg_memset_list.4992
 1608 015e 22       		.byte	0x22
 1609 015f 9F       		.byte	0x9f
 1610 0160 00000000 		.4byte	0
 1611 0164 00000000 		.4byte	0
 1612              		.section	.debug_aranges,"",%progbits
 1613 0000 4C000000 		.4byte	0x4c
 1614 0004 0200     		.2byte	0x2
 1615 0006 00000000 		.4byte	.Ldebug_info0
 1616 000a 04       		.byte	0x4
 1617 000b 00       		.byte	0
 1618 000c 0000     		.2byte	0
 1619 000e 0000     		.2byte	0
 1620 0010 00000000 		.4byte	.LFB3
 1621 0014 02000000 		.4byte	.LFE3-.LFB3
 1622 0018 00000000 		.4byte	.LFB5
 1623 001c 28000000 		.4byte	.LFE5-.LFB5
 1624 0020 00000000 		.4byte	.LFB0
 1625 0024 0C000000 		.4byte	.LFE0-.LFB0
 1626 0028 00000000 		.4byte	.LFB4
 1627 002c 9C000000 		.4byte	.LFE4-.LFB4
 1628 0030 00000000 		.4byte	.LFB1
 1629 0034 08000000 		.4byte	.LFE1-.LFB1
 1630 0038 00000000 		.4byte	.LFB6
 1631 003c 10000000 		.4byte	.LFE6-.LFB6
 1632 0040 00000000 		.4byte	.LFB7
 1633 0044 FC000000 		.4byte	.LFE7-.LFB7
 1634 0048 00000000 		.4byte	0
 1635 004c 00000000 		.4byte	0
 1636              		.section	.debug_ranges,"",%progbits
 1637              	.Ldebug_ranges0:
 1638 0000 00000000 		.4byte	.LFB3
 1639 0004 02000000 		.4byte	.LFE3
 1640 0008 00000000 		.4byte	.LFB5
 1641 000c 28000000 		.4byte	.LFE5
 1642 0010 00000000 		.4byte	.LFB0
 1643 0014 0C000000 		.4byte	.LFE0
 1644 0018 00000000 		.4byte	.LFB4
 1645 001c 9C000000 		.4byte	.LFE4
 1646 0020 00000000 		.4byte	.LFB1
 1647 0024 08000000 		.4byte	.LFE1
 1648 0028 00000000 		.4byte	.LFB6
 1649 002c 10000000 		.4byte	.LFE6
 1650 0030 00000000 		.4byte	.LFB7
 1651 0034 FC000000 		.4byte	.LFE7
 1652 0038 00000000 		.4byte	0
 1653 003c 00000000 		.4byte	0
 1654              		.section	.debug_line,"",%progbits
ARM GAS  C:\Users\bourg\AppData\Local\Temp\ccgeEvSF.s 			page 37


 1655              	.Ldebug_line0:
 1656 0000 A6010000 		.section	.debug_str,"MS",%progbits,1
 1656      0200D600 
 1656      00000201 
 1656      FB0E0D00 
 1656      01010101 
 1657              	.LASF19:
 1658 0000 72656731 		.ascii	"reg16\000"
 1658      3600
 1659              	.LASF43:
 1660 0006 43794465 		.ascii	"CyDelayCycles\000"
 1660      6C617943 
 1660      79636C65 
 1660      7300
 1661              	.LASF12:
 1662 0014 73697A65 		.ascii	"size_t\000"
 1662      5F7400
 1663              	.LASF20:
 1664 001b 416E616C 		.ascii	"AnalogSetDefault\000"
 1664      6F675365 
 1664      74446566 
 1664      61756C74 
 1664      00
 1665              	.LASF25:
 1666 002c 74696D65 		.ascii	"timeout\000"
 1666      6F757400 
 1667              	.LASF36:
 1668 0034 6366675F 		.ascii	"cfg_memset_list\000"
 1668      6D656D73 
 1668      65745F6C 
 1668      69737400 
 1669              	.LASF23:
 1670 0044 436C6F63 		.ascii	"ClockSetup\000"
 1670      6B536574 
 1670      757000
 1671              	.LASF6:
 1672 004f 73686F72 		.ascii	"short unsigned int\000"
 1672      7420756E 
 1672      7369676E 
 1672      65642069 
 1672      6E7400
 1673              	.LASF26:
 1674 0062 706C6C4C 		.ascii	"pllLock\000"
 1674      6F636B00 
 1675              	.LASF16:
 1676 006a 666C6F61 		.ascii	"float\000"
 1676      7400
 1677              	.LASF42:
 1678 0070 4379436C 		.ascii	"CyClockStartupError\000"
 1678      6F636B53 
 1678      74617274 
 1678      75704572 
 1678      726F7200 
 1679              	.LASF28:
 1680 0084 64657374 		.ascii	"dest\000"
 1680      00
 1681              	.LASF34:
ARM GAS  C:\Users\bourg\AppData\Local\Temp\ccgeEvSF.s 			page 38


 1682 0089 73697A65 		.ascii	"size\000"
 1682      00
 1683              	.LASF39:
 1684 008e 474E5520 		.ascii	"GNU C11 5.4.1 20160609 (release) [ARM/embedded-5-br"
 1684      43313120 
 1684      352E342E 
 1684      31203230 
 1684      31363036 
 1685 00c1 616E6368 		.ascii	"anch revision 237715] -mcpu=cortex-m3 -mthumb -g -O"
 1685      20726576 
 1685      6973696F 
 1685      6E203233 
 1685      37373135 
 1686 00f4 67202D66 		.ascii	"g -ffunction-sections -ffat-lto-objects\000"
 1686      66756E63 
 1686      74696F6E 
 1686      2D736563 
 1686      74696F6E 
 1687              	.LASF18:
 1688 011c 72656738 		.ascii	"reg8\000"
 1688      00
 1689              	.LASF8:
 1690 0121 6C6F6E67 		.ascii	"long unsigned int\000"
 1690      20756E73 
 1690      69676E65 
 1690      6420696E 
 1690      7400
 1691              	.LASF13:
 1692 0133 75696E74 		.ascii	"uint8\000"
 1692      3800
 1693              	.LASF21:
 1694 0139 43594D45 		.ascii	"CYMEMZERO\000"
 1694      4D5A4552 
 1694      4F00
 1695              	.LASF31:
 1696 0143 53657441 		.ascii	"SetAnalogRoutingPumps\000"
 1696      6E616C6F 
 1696      67526F75 
 1696      74696E67 
 1696      50756D70 
 1697              	.LASF4:
 1698 0159 756E7369 		.ascii	"unsigned char\000"
 1698      676E6564 
 1698      20636861 
 1698      7200
 1699              	.LASF37:
 1700 0167 6D656D73 		.ascii	"memset\000"
 1700      657400
 1701              	.LASF17:
 1702 016e 646F7562 		.ascii	"double\000"
 1702      6C6500
 1703              	.LASF32:
 1704 0175 63796669 		.ascii	"cyfitter_cfg\000"
 1704      74746572 
 1704      5F636667 
 1704      00
 1705              	.LASF14:
ARM GAS  C:\Users\bourg\AppData\Local\Temp\ccgeEvSF.s 			page 39


 1706 0182 75696E74 		.ascii	"uint16\000"
 1706      313600
 1707              	.LASF22:
 1708 0189 6572726F 		.ascii	"errorCode\000"
 1708      72436F64 
 1708      6500
 1709              	.LASF15:
 1710 0193 75696E74 		.ascii	"uint32\000"
 1710      333200
 1711              	.LASF0:
 1712 019a 756E7369 		.ascii	"unsigned int\000"
 1712      676E6564 
 1712      20696E74 
 1712      00
 1713              	.LASF33:
 1714 01a7 61646472 		.ascii	"address\000"
 1714      65737300 
 1715              	.LASF9:
 1716 01af 6C6F6E67 		.ascii	"long long unsigned int\000"
 1716      206C6F6E 
 1716      6720756E 
 1716      7369676E 
 1716      65642069 
 1717              	.LASF35:
 1718 01c6 6366675F 		.ascii	"cfg_memset_t\000"
 1718      6D656D73 
 1718      65745F74 
 1718      00
 1719              	.LASF10:
 1720 01d3 73697A65 		.ascii	"sizetype\000"
 1720      74797065 
 1720      00
 1721              	.LASF1:
 1722 01dc 6C6F6E67 		.ascii	"long long int\000"
 1722      206C6F6E 
 1722      6720696E 
 1722      7400
 1723              	.LASF40:
 1724 01ea 47656E65 		.ascii	"Generated_Source\\PSoC5\\cyfitter_cfg.c\000"
 1724      72617465 
 1724      645F536F 
 1724      75726365 
 1724      5C50536F 
 1725              	.LASF38:
 1726 0210 6D656D63 		.ascii	"memcpy\000"
 1726      707900
 1727              	.LASF5:
 1728 0217 73686F72 		.ascii	"short int\000"
 1728      7420696E 
 1728      7400
 1729              	.LASF29:
 1730 0221 656E6162 		.ascii	"enabled\000"
 1730      6C656400 
 1731              	.LASF7:
 1732 0229 6C6F6E67 		.ascii	"long int\000"
 1732      20696E74 
 1732      00
ARM GAS  C:\Users\bourg\AppData\Local\Temp\ccgeEvSF.s 			page 40


 1733              	.LASF11:
 1734 0232 63686172 		.ascii	"char\000"
 1734      00
 1735              	.LASF2:
 1736 0237 6C6F6E67 		.ascii	"long double\000"
 1736      20646F75 
 1736      626C6500 
 1737              	.LASF24:
 1738 0243 62675F78 		.ascii	"bg_xover_inl_trim\000"
 1738      6F766572 
 1738      5F696E6C 
 1738      5F747269 
 1738      6D00
 1739              	.LASF3:
 1740 0255 7369676E 		.ascii	"signed char\000"
 1740      65642063 
 1740      68617200 
 1741              	.LASF41:
 1742 0261 443A5C62 		.ascii	"D:\\bourg\\Documents\\PSoC Creator\\labo1\\Design01"
 1742      6F757267 
 1742      5C446F63 
 1742      756D656E 
 1742      74735C50 
 1743 028f 2E637964 		.ascii	".cydsn\000"
 1743      736E00
 1744              	.LASF30:
 1745 0296 72656756 		.ascii	"regValue\000"
 1745      616C7565 
 1745      00
 1746              	.LASF27:
 1747 029f 4359434F 		.ascii	"CYCONFIGCPY\000"
 1747      4E464947 
 1747      43505900 
 1748              		.ident	"GCC: (GNU Tools for ARM Embedded Processors) 5.4.1 20160609 (release) [ARM/embedded-5-bran
